Component: ARM Compiler 5.06 update 7 (build 960) Tool: armlink [4d3601]

==============================================================================

Image Symbol Table

    Local Symbols

    Symbol Name                              Value     Ov Type        Size  Object(Section)

    RESET                                    0x00000000   Section      192  startup_cw32f030.o(RESET)
    ../clib/microlib/division.c              0x00000000   Number         0  uidiv.o ABSOLUTE
    ../clib/microlib/division.c              0x00000000   Number         0  uldiv.o ABSOLUTE
    ../clib/microlib/division.c              0x00000000   Number         0  ldiv.o ABSOLUTE
    ../clib/microlib/init/entry.s            0x00000000   Number         0  entry10b.o ABSOLUTE
    ../clib/microlib/init/entry.s            0x00000000   Number         0  entry12b.o ABSOLUTE
    ../clib/microlib/init/entry.s            0x00000000   Number         0  entry5.o ABSOLUTE
    ../clib/microlib/init/entry.s            0x00000000   Number         0  entry8b.o ABSOLUTE
    ../clib/microlib/init/entry.s            0x00000000   Number         0  entry11b.o ABSOLUTE
    ../clib/microlib/init/entry.s            0x00000000   Number         0  entry7b.o ABSOLUTE
    ../clib/microlib/init/entry.s            0x00000000   Number         0  entry8a.o ABSOLUTE
    ../clib/microlib/init/entry.s            0x00000000   Number         0  entry9a.o ABSOLUTE
    ../clib/microlib/init/entry.s            0x00000000   Number         0  entry9b.o ABSOLUTE
    ../clib/microlib/init/entry.s            0x00000000   Number         0  entry10a.o ABSOLUTE
    ../clib/microlib/init/entry.s            0x00000000   Number         0  entry.o ABSOLUTE
    ../clib/microlib/init/entry.s            0x00000000   Number         0  entry11a.o ABSOLUTE
    ../clib/microlib/init/entry.s            0x00000000   Number         0  entry2.o ABSOLUTE
    ../clib/microlib/init/entry.s            0x00000000   Number         0  entry12a.o ABSOLUTE
    ../clib/microlib/init/entry.s            0x00000000   Number         0  entry7a.o ABSOLUTE
    ../clib/microlib/longlong.c              0x00000000   Number         0  llshl.o ABSOLUTE
    ../clib/microlib/longlong.c              0x00000000   Number         0  llushr.o ABSOLUTE
    ../clib/microlib/longlong.c              0x00000000   Number         0  llsshr.o ABSOLUTE
    ../clib/microlib/printf/printf.c         0x00000000   Number         0  printf0.o ABSOLUTE
    ../clib/microlib/printf/printf.c         0x00000000   Number         0  printf1.o ABSOLUTE
    ../clib/microlib/printf/printf.c         0x00000000   Number         0  printfb.o ABSOLUTE
    ../clib/microlib/printf/printf.c         0x00000000   Number         0  printf2.o ABSOLUTE
    ../clib/microlib/printf/printf.c         0x00000000   Number         0  printf3.o ABSOLUTE
    ../clib/microlib/printf/printf.c         0x00000000   Number         0  printf4.o ABSOLUTE
    ../clib/microlib/printf/printf.c         0x00000000   Number         0  printfa.o ABSOLUTE
    ../clib/microlib/printf/printf.c         0x00000000   Number         0  printf7.o ABSOLUTE
    ../clib/microlib/printf/printf.c         0x00000000   Number         0  printf5.o ABSOLUTE
    ../clib/microlib/printf/printf.c         0x00000000   Number         0  printf6.o ABSOLUTE
    ../clib/microlib/printf/printf.c         0x00000000   Number         0  printf8.o ABSOLUTE
    ../clib/microlib/printf/stubs.s          0x00000000   Number         0  stubs.o ABSOLUTE
    ../clib/microlib/stdio/streams.c         0x00000000   Number         0  stdout.o ABSOLUTE
    ../clib/microlib/string/memcpy.c         0x00000000   Number         0  memcpyb.o ABSOLUTE
    ../clib/microlib/string/memcpy.c         0x00000000   Number         0  memcpya.o ABSOLUTE
    ../clib/microlib/string/memset.c         0x00000000   Number         0  memset.o ABSOLUTE
    ../clib/microlib/string/memset.c         0x00000000   Number         0  memseta.o ABSOLUTE
    ../clib/microlib/stubs.s                 0x00000000   Number         0  iusefp.o ABSOLUTE
    ../fplib/microlib/f2d.c                  0x00000000   Number         0  f2d.o ABSOLUTE
    ../fplib/microlib/fpadd.c                0x00000000   Number         0  fadd.o ABSOLUTE
    ../fplib/microlib/fpadd.c                0x00000000   Number         0  dadd.o ABSOLUTE
    ../fplib/microlib/fpdiv.c                0x00000000   Number         0  fdiv.o ABSOLUTE
    ../fplib/microlib/fpdiv.c                0x00000000   Number         0  ddiv.o ABSOLUTE
    ../fplib/microlib/fpepilogue.c           0x00000000   Number         0  fepilogue.o ABSOLUTE
    ../fplib/microlib/fpepilogue.c           0x00000000   Number         0  depilogue.o ABSOLUTE
    ../fplib/microlib/fpfix.c                0x00000000   Number         0  ffixui.o ABSOLUTE
    ../fplib/microlib/fpfix.c                0x00000000   Number         0  dfixul.o ABSOLUTE
    ../fplib/microlib/fpfix.c                0x00000000   Number         0  dfixui.o ABSOLUTE
    ../fplib/microlib/fpflt.c                0x00000000   Number         0  ffltui.o ABSOLUTE
    ../fplib/microlib/fpflt.c                0x00000000   Number         0  fflti.o ABSOLUTE
    ../fplib/microlib/fpmul.c                0x00000000   Number         0  dmul.o ABSOLUTE
    ../fplib/microlib/fpmul.c                0x00000000   Number         0  fmul.o ABSOLUTE
    ..\FreeRTOS\Source\croutine.c            0x00000000   Number         0  croutine.o ABSOLUTE
    ..\FreeRTOS\Source\event_groups.c        0x00000000   Number         0  event_groups.o ABSOLUTE
    ..\FreeRTOS\Source\list.c                0x00000000   Number         0  list.o ABSOLUTE
    ..\FreeRTOS\Source\portable\MemMang\heap_4.c 0x00000000   Number         0  heap_4.o ABSOLUTE
    ..\FreeRTOS\Source\portable\RVDS\ARM_CM0\port.c 0x00000000   Number         0  port.o ABSOLUTE
    ..\FreeRTOS\Source\queue.c               0x00000000   Number         0  queue.o ABSOLUTE
    ..\FreeRTOS\Source\stream_buffer.c       0x00000000   Number         0  stream_buffer.o ABSOLUTE
    ..\FreeRTOS\Source\tasks.c               0x00000000   Number         0  tasks.o ABSOLUTE
    ..\FreeRTOS\Source\timers.c              0x00000000   Number         0  timers.o ABSOLUTE
    ..\IdeSupport\MDK\startup_cw32f030.s     0x00000000   Number         0  startup_cw32f030.o ABSOLUTE
    ..\Libraries\src\cw32f030_adc.c          0x00000000   Number         0  cw32f030_adc.o ABSOLUTE
    ..\Libraries\src\cw32f030_atim.c         0x00000000   Number         0  cw32f030_atim.o ABSOLUTE
    ..\Libraries\src\cw32f030_awt.c          0x00000000   Number         0  cw32f030_awt.o ABSOLUTE
    ..\Libraries\src\cw32f030_btim.c         0x00000000   Number         0  cw32f030_btim.o ABSOLUTE
    ..\Libraries\src\cw32f030_crc.c          0x00000000   Number         0  cw32f030_crc.o ABSOLUTE
    ..\Libraries\src\cw32f030_debug.c        0x00000000   Number         0  cw32f030_debug.o ABSOLUTE
    ..\Libraries\src\cw32f030_digitalsign.c  0x00000000   Number         0  cw32f030_digitalsign.o ABSOLUTE
    ..\Libraries\src\cw32f030_dma.c          0x00000000   Number         0  cw32f030_dma.o ABSOLUTE
    ..\Libraries\src\cw32f030_flash.c        0x00000000   Number         0  cw32f030_flash.o ABSOLUTE
    ..\Libraries\src\cw32f030_gpio.c         0x00000000   Number         0  cw32f030_gpio.o ABSOLUTE
    ..\Libraries\src\cw32f030_gtim.c         0x00000000   Number         0  cw32f030_gtim.o ABSOLUTE
    ..\Libraries\src\cw32f030_i2c.c          0x00000000   Number         0  cw32f030_i2c.o ABSOLUTE
    ..\Libraries\src\cw32f030_iwdt.c         0x00000000   Number         0  cw32f030_iwdt.o ABSOLUTE
    ..\Libraries\src\cw32f030_lvd.c          0x00000000   Number         0  cw32f030_lvd.o ABSOLUTE
    ..\Libraries\src\cw32f030_pwr.c          0x00000000   Number         0  cw32f030_pwr.o ABSOLUTE
    ..\Libraries\src\cw32f030_ram.c          0x00000000   Number         0  cw32f030_ram.o ABSOLUTE
    ..\Libraries\src\cw32f030_rcc.c          0x00000000   Number         0  cw32f030_rcc.o ABSOLUTE
    ..\Libraries\src\cw32f030_rtc.c          0x00000000   Number         0  cw32f030_rtc.o ABSOLUTE
    ..\Libraries\src\cw32f030_spi.c          0x00000000   Number         0  cw32f030_spi.o ABSOLUTE
    ..\Libraries\src\cw32f030_systick.c      0x00000000   Number         0  cw32f030_systick.o ABSOLUTE
    ..\Libraries\src\cw32f030_uart.c         0x00000000   Number         0  cw32f030_uart.o ABSOLUTE
    ..\Libraries\src\cw32f030_vc.c           0x00000000   Number         0  cw32f030_vc.o ABSOLUTE
    ..\Libraries\src\cw32f030_wwdt.c         0x00000000   Number         0  cw32f030_wwdt.o ABSOLUTE
    ..\Libraries\src\system_cw32f030.c       0x00000000   Number         0  system_cw32f030.o ABSOLUTE
    ..\PRV\delay.c                           0x00000000   Number         0  delay.o ABSOLUTE
    ..\PRV\sim_i2c.c                         0x00000000   Number         0  sim_i2c.o ABSOLUTE
    ..\USER\src\gpio.c                       0x00000000   Number         0  gpio.o ABSOLUTE
    ..\USER\src\interrupts_cw32f030.c        0x00000000   Number         0  interrupts_cw32f030.o ABSOLUTE
    ..\USER\src\main.c                       0x00000000   Number         0  main.o ABSOLUTE
    ..\USER\src\tim.c                        0x00000000   Number         0  tim.o ABSOLUTE
    ..\USER\src\uart.c                       0x00000000   Number         0  uart.o ABSOLUTE
    ..\\FreeRTOS\\Source\\croutine.c         0x00000000   Number         0  croutine.o ABSOLUTE
    ..\\FreeRTOS\\Source\\event_groups.c     0x00000000   Number         0  event_groups.o ABSOLUTE
    ..\\FreeRTOS\\Source\\list.c             0x00000000   Number         0  list.o ABSOLUTE
    ..\\FreeRTOS\\Source\\portable\\MemMang\\heap_4.c 0x00000000   Number         0  heap_4.o ABSOLUTE
    ..\\FreeRTOS\\Source\\portable\\RVDS\\ARM_CM0\\port.c 0x00000000   Number         0  port.o ABSOLUTE
    ..\\FreeRTOS\\Source\\queue.c            0x00000000   Number         0  queue.o ABSOLUTE
    ..\\FreeRTOS\\Source\\stream_buffer.c    0x00000000   Number         0  stream_buffer.o ABSOLUTE
    ..\\FreeRTOS\\Source\\tasks.c            0x00000000   Number         0  tasks.o ABSOLUTE
    ..\\FreeRTOS\\Source\\timers.c           0x00000000   Number         0  timers.o ABSOLUTE
    ..\\Libraries\\src\\cw32f030_adc.c       0x00000000   Number         0  cw32f030_adc.o ABSOLUTE
    ..\\Libraries\\src\\cw32f030_atim.c      0x00000000   Number         0  cw32f030_atim.o ABSOLUTE
    ..\\Libraries\\src\\cw32f030_awt.c       0x00000000   Number         0  cw32f030_awt.o ABSOLUTE
    ..\\Libraries\\src\\cw32f030_btim.c      0x00000000   Number         0  cw32f030_btim.o ABSOLUTE
    ..\\Libraries\\src\\cw32f030_crc.c       0x00000000   Number         0  cw32f030_crc.o ABSOLUTE
    ..\\Libraries\\src\\cw32f030_debug.c     0x00000000   Number         0  cw32f030_debug.o ABSOLUTE
    ..\\Libraries\\src\\cw32f030_digitalsign.c 0x00000000   Number         0  cw32f030_digitalsign.o ABSOLUTE
    ..\\Libraries\\src\\cw32f030_dma.c       0x00000000   Number         0  cw32f030_dma.o ABSOLUTE
    ..\\Libraries\\src\\cw32f030_flash.c     0x00000000   Number         0  cw32f030_flash.o ABSOLUTE
    ..\\Libraries\\src\\cw32f030_gpio.c      0x00000000   Number         0  cw32f030_gpio.o ABSOLUTE
    ..\\Libraries\\src\\cw32f030_gtim.c      0x00000000   Number         0  cw32f030_gtim.o ABSOLUTE
    ..\\Libraries\\src\\cw32f030_i2c.c       0x00000000   Number         0  cw32f030_i2c.o ABSOLUTE
    ..\\Libraries\\src\\cw32f030_iwdt.c      0x00000000   Number         0  cw32f030_iwdt.o ABSOLUTE
    ..\\Libraries\\src\\cw32f030_lvd.c       0x00000000   Number         0  cw32f030_lvd.o ABSOLUTE
    ..\\Libraries\\src\\cw32f030_pwr.c       0x00000000   Number         0  cw32f030_pwr.o ABSOLUTE
    ..\\Libraries\\src\\cw32f030_ram.c       0x00000000   Number         0  cw32f030_ram.o ABSOLUTE
    ..\\Libraries\\src\\cw32f030_rcc.c       0x00000000   Number         0  cw32f030_rcc.o ABSOLUTE
    ..\\Libraries\\src\\cw32f030_rtc.c       0x00000000   Number         0  cw32f030_rtc.o ABSOLUTE
    ..\\Libraries\\src\\cw32f030_spi.c       0x00000000   Number         0  cw32f030_spi.o ABSOLUTE
    ..\\Libraries\\src\\cw32f030_systick.c   0x00000000   Number         0  cw32f030_systick.o ABSOLUTE
    ..\\Libraries\\src\\cw32f030_uart.c      0x00000000   Number         0  cw32f030_uart.o ABSOLUTE
    ..\\Libraries\\src\\cw32f030_vc.c        0x00000000   Number         0  cw32f030_vc.o ABSOLUTE
    ..\\Libraries\\src\\cw32f030_wwdt.c      0x00000000   Number         0  cw32f030_wwdt.o ABSOLUTE
    ..\\Libraries\\src\\system_cw32f030.c    0x00000000   Number         0  system_cw32f030.o ABSOLUTE
    ..\\PRV\\delay.c                         0x00000000   Number         0  delay.o ABSOLUTE
    ..\\PRV\\sim_i2c.c                       0x00000000   Number         0  sim_i2c.o ABSOLUTE
    ..\\USER\\src\\gpio.c                    0x00000000   Number         0  gpio.o ABSOLUTE
    ..\\USER\\src\\interrupts_cw32f030.c     0x00000000   Number         0  interrupts_cw32f030.o ABSOLUTE
    ..\\USER\\src\\main.c                    0x00000000   Number         0  main.o ABSOLUTE
    ..\\USER\\src\\tim.c                     0x00000000   Number         0  tim.o ABSOLUTE
    ..\\USER\\src\\uart.c                    0x00000000   Number         0  uart.o ABSOLUTE
    cdrcmple.s                               0x00000000   Number         0  cdrcmple.o ABSOLUTE
    dc.s                                     0x00000000   Number         0  dc.o ABSOLUTE
    handlers.s                               0x00000000   Number         0  handlers.o ABSOLUTE
    init.s                                   0x00000000   Number         0  init.o ABSOLUTE
    .ARM.Collect$$$$00000000                 0x000000c0   Section        0  entry.o(.ARM.Collect$$$$00000000)
    .ARM.Collect$$$$00000001                 0x000000c0   Section        4  entry2.o(.ARM.Collect$$$$00000001)
    .ARM.Collect$$$$00000004                 0x000000c4   Section        4  entry5.o(.ARM.Collect$$$$00000004)
    .ARM.Collect$$$$00000008                 0x000000c8   Section        0  entry7b.o(.ARM.Collect$$$$00000008)
    .ARM.Collect$$$$0000000A                 0x000000c8   Section        0  entry8b.o(.ARM.Collect$$$$0000000A)
    .ARM.Collect$$$$0000000B                 0x000000c8   Section        8  entry9a.o(.ARM.Collect$$$$0000000B)
    .ARM.Collect$$$$0000000E                 0x000000d0   Section        4  entry12b.o(.ARM.Collect$$$$0000000E)
    .ARM.Collect$$$$0000000F                 0x000000d4   Section        0  entry10a.o(.ARM.Collect$$$$0000000F)
    .ARM.Collect$$$$00000011                 0x000000d4   Section        0  entry11a.o(.ARM.Collect$$$$00000011)
    .ARM.Collect$$$$00002712                 0x000000d4   Section        4  entry2.o(.ARM.Collect$$$$00002712)
    __lit__00000000                          0x000000d4   Data           4  entry2.o(.ARM.Collect$$$$00002712)
    .emb_text                                0x000000d8   Section      120  port.o(.emb_text)
    .text                                    0x00000150   Section       28  startup_cw32f030.o(.text)
    .text                                    0x0000016c   Section        0  uidiv.o(.text)
    .text                                    0x00000198   Section        0  memcpya.o(.text)
    .text                                    0x000001bc   Section        0  memseta.o(.text)
    .text                                    0x000001e0   Section        0  fadd.o(.text)
    .text                                    0x00000292   Section        0  fmul.o(.text)
    .text                                    0x0000030c   Section        0  fdiv.o(.text)
    .text                                    0x00000388   Section        0  dadd.o(.text)
    .text                                    0x000004f0   Section        0  ffltui.o(.text)
    .text                                    0x000004fe   Section        0  ffixui.o(.text)
    .text                                    0x00000528   Section        0  dfixui.o(.text)
    .text                                    0x00000564   Section        0  f2d.o(.text)
    .text                                    0x0000058c   Section        0  llshl.o(.text)
    .text                                    0x000005ac   Section        0  llushr.o(.text)
    .text                                    0x000005ce   Section        0  llsshr.o(.text)
    .text                                    0x000005f4   Section        0  iusefp.o(.text)
    .text                                    0x000005f4   Section        0  fepilogue.o(.text)
    .text                                    0x00000676   Section        0  depilogue.o(.text)
    .text                                    0x00000734   Section       36  init.o(.text)
    RAMCODE                                  0x00000758   Section        0  cw32f030_btim.o(RAMCODE)
    i.ADC_ClearITPendingAll                  0x00000760   Section        0  cw32f030_adc.o(i.ADC_ClearITPendingAll)
    i.ADC_GetConversionValue                 0x00000774   Section        0  cw32f030_adc.o(i.ADC_GetConversionValue)
    i.ADC_GetITStatusAll                     0x00000780   Section        0  cw32f030_adc.o(i.ADC_GetITStatusAll)
    i.ADC_IRQHandler                         0x0000078c   Section        0  interrupts_cw32f030.o(i.ADC_IRQHandler)
    i.ATIM_ClearITPendingBit                 0x000007b4   Section        0  cw32f030_atim.o(i.ATIM_ClearITPendingBit)
    i.ATIM_GetITStatus                       0x000007c0   Section        0  cw32f030_atim.o(i.ATIM_GetITStatus)
    i.ATIM_IRQHandler                        0x000007d8   Section        0  interrupts_cw32f030.o(i.ATIM_IRQHandler)
    i.AWT_IRQHandler                         0x000007f0   Section        0  interrupts_cw32f030.o(i.AWT_IRQHandler)
    i.AppTaskCreate                          0x000007f4   Section        0  main.o(i.AppTaskCreate)
    AppTaskCreate                            0x000007f5   Thumb Code   114  main.o(i.AppTaskCreate)
    i.BTIM1_IRQHandler                       0x0000090c   Section        0  interrupts_cw32f030.o(i.BTIM1_IRQHandler)
    i.BTIM2_IRQHandler                       0x00000928   Section        0  interrupts_cw32f030.o(i.BTIM2_IRQHandler)
    i.BTIM3_IRQHandler                       0x00000944   Section        0  interrupts_cw32f030.o(i.BTIM3_IRQHandler)
    i.BTIM_GetITStatus                       0x00000946   Section        0  cw32f030_btim.o(i.BTIM_GetITStatus)
    i.DMACH1_IRQHandler                      0x00000958   Section        0  interrupts_cw32f030.o(i.DMACH1_IRQHandler)
    i.DMACH23_IRQHandler                     0x0000095a   Section        0  interrupts_cw32f030.o(i.DMACH23_IRQHandler)
    i.DMACH45_IRQHandler                     0x0000095c   Section        0  interrupts_cw32f030.o(i.DMACH45_IRQHandler)
    i.FAULT_IRQHandler                       0x0000095e   Section        0  interrupts_cw32f030.o(i.FAULT_IRQHandler)
    i.FLASHRAM_IRQHandler                    0x00000960   Section        0  interrupts_cw32f030.o(i.FLASHRAM_IRQHandler)
    i.GPIOA_IRQHandler                       0x00000962   Section        0  interrupts_cw32f030.o(i.GPIOA_IRQHandler)
    i.GPIOB_IRQHandler                       0x00000964   Section        0  interrupts_cw32f030.o(i.GPIOB_IRQHandler)
    i.GPIOC_IRQHandler                       0x00000966   Section        0  interrupts_cw32f030.o(i.GPIOC_IRQHandler)
    i.GPIOF_IRQHandler                       0x00000968   Section        0  interrupts_cw32f030.o(i.GPIOF_IRQHandler)
    i.GPIO_Configuration                     0x0000096c   Section        0  uart.o(i.GPIO_Configuration)
    i.GPIO_Init                              0x00000a28   Section        0  cw32f030_gpio.o(i.GPIO_Init)
    i.GPIO_WritePin                          0x00000b28   Section        0  cw32f030_gpio.o(i.GPIO_WritePin)
    i.GTIM1_IRQHandler                       0x00000b34   Section        0  interrupts_cw32f030.o(i.GTIM1_IRQHandler)
    i.GTIM2_IRQHandler                       0x00000b38   Section        0  interrupts_cw32f030.o(i.GTIM2_IRQHandler)
    i.GTIM3_IRQHandler                       0x00000b54   Section        0  interrupts_cw32f030.o(i.GTIM3_IRQHandler)
    i.GTIM3xx_Init                           0x00000b70   Section        0  tim.o(i.GTIM3xx_Init)
    i.GTIM4_IRQHandler                       0x00000bb8   Section        0  interrupts_cw32f030.o(i.GTIM4_IRQHandler)
    i.GTIM_ClearITPendingBit                 0x00000bba   Section        0  cw32f030_gtim.o(i.GTIM_ClearITPendingBit)
    i.GTIM_Cmd                               0x00000bc6   Section        0  cw32f030_gtim.o(i.GTIM_Cmd)
    i.GTIM_GetITStatus                       0x00000be2   Section        0  cw32f030_gtim.o(i.GTIM_GetITStatus)
    i.GTIM_ITConfig                          0x00000bfa   Section        0  cw32f030_gtim.o(i.GTIM_ITConfig)
    i.GTIM_TimeBaseInit                      0x00000c28   Section        0  cw32f030_gtim.o(i.GTIM_TimeBaseInit)
    i.HardFault_Handler                      0x00000c68   Section        0  interrupts_cw32f030.o(i.HardFault_Handler)
    i.I2C1_IRQHandler                        0x00000c6c   Section        0  interrupts_cw32f030.o(i.I2C1_IRQHandler)
    i.I2C2_IRQHandler                        0x00000c6e   Section        0  interrupts_cw32f030.o(i.I2C2_IRQHandler)
    i.InitTick                               0x00000c70   Section        0  cw32f030_systick.o(i.InitTick)
    i.LVD_IRQHandler                         0x00000cdc   Section        0  interrupts_cw32f030.o(i.LVD_IRQHandler)
    i.NMI_Handler                            0x00000cde   Section        0  interrupts_cw32f030.o(i.NMI_Handler)
    i.RCC_AHBPeriphClk_Enable                0x00000ce0   Section        0  cw32f030_rcc.o(i.RCC_AHBPeriphClk_Enable)
    i.RCC_APBPeriphClk_Enable1               0x00000d00   Section        0  cw32f030_rcc.o(i.RCC_APBPeriphClk_Enable1)
    i.RCC_APBPeriphClk_Enable2               0x00000d20   Section        0  cw32f030_rcc.o(i.RCC_APBPeriphClk_Enable2)
    i.RCC_Config                             0x00000d40   Section        0  main.o(i.RCC_Config)
    i.RCC_HCLKPRS_Config                     0x00000d70   Section        0  cw32f030_rcc.o(i.RCC_HCLKPRS_Config)
    i.RCC_HSI_Enable                         0x00000d90   Section        0  cw32f030_rcc.o(i.RCC_HSI_Enable)
    i.RCC_IRQHandler                         0x00000dc4   Section        0  interrupts_cw32f030.o(i.RCC_IRQHandler)
    i.RCC_PCLKPRS_Config                     0x00000dc8   Section        0  cw32f030_rcc.o(i.RCC_PCLKPRS_Config)
    i.RCC_SYSCLKSRC_Config                   0x00000de8   Section        0  cw32f030_rcc.o(i.RCC_SYSCLKSRC_Config)
    i.RCC_Sysctrl_GetHClkFreq                0x00000e18   Section        0  cw32f030_rcc.o(i.RCC_Sysctrl_GetHClkFreq)
    i.RCC_SystemCoreClockUpdate              0x00000ef0   Section        0  cw32f030_rcc.o(i.RCC_SystemCoreClockUpdate)
    i.RTC_IRQHandler                         0x00000efc   Section        0  interrupts_cw32f030.o(i.RTC_IRQHandler)
    i.SPI1_IRQHandler                        0x00000efe   Section        0  interrupts_cw32f030.o(i.SPI1_IRQHandler)
    i.SPI2_IRQHandler                        0x00000f00   Section        0  interrupts_cw32f030.o(i.SPI2_IRQHandler)
    i.SVC_Handler                            0x00000f02   Section        0  port.o(i.SVC_Handler)
    i.SysTick_Handler                        0x00000f04   Section        0  port.o(i.SysTick_Handler)
    i.SystemCoreClockUpdate                  0x00000f28   Section        0  system_cw32f030.o(i.SystemCoreClockUpdate)
    i.SystemInit                             0x00000f38   Section        0  system_cw32f030.o(i.SystemInit)
    i.TIM_Init                               0x00000f74   Section        0  tim.o(i.TIM_Init)
    i.UART1_IRQHandler                       0x00000f7c   Section        0  interrupts_cw32f030.o(i.UART1_IRQHandler)
    i.UART2_IRQHandler                       0x00000fac   Section        0  interrupts_cw32f030.o(i.UART2_IRQHandler)
    i.UART3_IRQHandler                       0x00000fc8   Section        0  interrupts_cw32f030.o(i.UART3_IRQHandler)
    i.UART_Configuration                     0x00000fcc   Section        0  uart.o(i.UART_Configuration)
    i.UART_Init                              0x00001030   Section        0  uart.o(i.UART_Init)
    i.USART_ClearITPendingBit                0x0000103c   Section        0  cw32f030_uart.o(i.USART_ClearITPendingBit)
    i.USART_GetFlagStatus                    0x00001044   Section        0  cw32f030_uart.o(i.USART_GetFlagStatus)
    i.USART_GetITStatus                      0x00001056   Section        0  cw32f030_uart.o(i.USART_GetITStatus)
    i.USART_Init                             0x00001068   Section        0  cw32f030_uart.o(i.USART_Init)
    i.USART_SendData_8bit                    0x000011dc   Section        0  cw32f030_uart.o(i.USART_SendData_8bit)
    i.VC1_IRQHandler                         0x000011e0   Section        0  interrupts_cw32f030.o(i.VC1_IRQHandler)
    i.VC2_IRQHandler                         0x000011e2   Section        0  interrupts_cw32f030.o(i.VC2_IRQHandler)
    i.WDT_IRQHandler                         0x000011e4   Section        0  interrupts_cw32f030.o(i.WDT_IRQHandler)
    i.__0printf$1                            0x000011e8   Section        0  printf1.o(i.__0printf$1)
    i.__ARM_clz                              0x00001208   Section        0  depilogue.o(i.__ARM_clz)
    i.__ARM_common_switch8                   0x00001236   Section        0  cw32f030_i2c.o(i.__ARM_common_switch8)
    i.__NVIC_SetPriority                     0x00001254   Section        0  cw32f030_systick.o(i.__NVIC_SetPriority)
    __NVIC_SetPriority                       0x00001255   Thumb Code   110  cw32f030_systick.o(i.__NVIC_SetPriority)
    i.__scatterload_copy                     0x000012cc   Section       14  handlers.o(i.__scatterload_copy)
    i.__scatterload_null                     0x000012da   Section        2  handlers.o(i.__scatterload_null)
    i.__scatterload_zeroinit                 0x000012dc   Section       14  handlers.o(i.__scatterload_zeroinit)
    i._printf_core                           0x000012ec   Section        0  printf1.o(i._printf_core)
    _printf_core                             0x000012ed   Thumb Code   332  printf1.o(i._printf_core)
    i.fputc                                  0x0000143c   Section        0  uart.o(i.fputc)
    i.gpio_init                              0x00001460   Section        0  gpio.o(i.gpio_init)
    i.i2c_init                               0x00001494   Section        0  gpio.o(i.i2c_init)
    i.main                                   0x00001508   Section        0  main.o(i.main)
    i.prvAddCurrentTaskToDelayedList         0x00001588   Section        0  tasks.o(i.prvAddCurrentTaskToDelayedList)
    prvAddCurrentTaskToDelayedList           0x00001589   Thumb Code   140  tasks.o(i.prvAddCurrentTaskToDelayedList)
    i.prvAddNewTaskToReadyList               0x0000162c   Section        0  tasks.o(i.prvAddNewTaskToReadyList)
    prvAddNewTaskToReadyList                 0x0000162d   Thumb Code   190  tasks.o(i.prvAddNewTaskToReadyList)
    i.prvCheckForValidListAndQueue           0x00001704   Section        0  timers.o(i.prvCheckForValidListAndQueue)
    prvCheckForValidListAndQueue             0x00001705   Thumb Code    76  timers.o(i.prvCheckForValidListAndQueue)
    i.prvCheckTasksWaitingTermination        0x0000176c   Section        0  tasks.o(i.prvCheckTasksWaitingTermination)
    prvCheckTasksWaitingTermination          0x0000176d   Thumb Code    60  tasks.o(i.prvCheckTasksWaitingTermination)
    i.prvCopyDataFromQueue                   0x000017b4   Section        0  queue.o(i.prvCopyDataFromQueue)
    prvCopyDataFromQueue                     0x000017b5   Thumb Code    44  queue.o(i.prvCopyDataFromQueue)
    i.prvDeleteTCB                           0x000017e0   Section        0  tasks.o(i.prvDeleteTCB)
    prvDeleteTCB                             0x000017e1   Thumb Code    18  tasks.o(i.prvDeleteTCB)
    i.prvGetNextExpireTime                   0x000017f4   Section        0  timers.o(i.prvGetNextExpireTime)
    prvGetNextExpireTime                     0x000017f5   Thumb Code    40  timers.o(i.prvGetNextExpireTime)
    i.prvHeapInit                            0x00001820   Section        0  heap_4.o(i.prvHeapInit)
    prvHeapInit                              0x00001821   Thumb Code    92  heap_4.o(i.prvHeapInit)
    i.prvIdleTask                            0x00001890   Section        0  tasks.o(i.prvIdleTask)
    prvIdleTask                              0x00001891   Thumb Code    20  tasks.o(i.prvIdleTask)
    i.prvInitialiseNewQueue                  0x000018a8   Section        0  queue.o(i.prvInitialiseNewQueue)
    prvInitialiseNewQueue                    0x000018a9   Thumb Code    44  queue.o(i.prvInitialiseNewQueue)
    i.prvInitialiseNewTask                   0x000018d4   Section        0  tasks.o(i.prvInitialiseNewTask)
    prvInitialiseNewTask                     0x000018d5   Thumb Code   186  tasks.o(i.prvInitialiseNewTask)
    i.prvInitialiseTaskLists                 0x00001990   Section        0  tasks.o(i.prvInitialiseTaskLists)
    prvInitialiseTaskLists                   0x00001991   Thumb Code    68  tasks.o(i.prvInitialiseTaskLists)
    i.prvInsertBlockIntoFreeList             0x000019f4   Section        0  heap_4.o(i.prvInsertBlockIntoFreeList)
    prvInsertBlockIntoFreeList               0x000019f5   Thumb Code    96  heap_4.o(i.prvInsertBlockIntoFreeList)
    i.prvInsertTimerInActiveList             0x00001a5c   Section        0  timers.o(i.prvInsertTimerInActiveList)
    prvInsertTimerInActiveList               0x00001a5d   Thumb Code    76  timers.o(i.prvInsertTimerInActiveList)
    i.prvIsQueueEmpty                        0x00001ab0   Section        0  queue.o(i.prvIsQueueEmpty)
    prvIsQueueEmpty                          0x00001ab1   Thumb Code    28  queue.o(i.prvIsQueueEmpty)
    i.prvProcessExpiredTimer                 0x00001acc   Section        0  timers.o(i.prvProcessExpiredTimer)
    prvProcessExpiredTimer                   0x00001acd   Thumb Code    64  timers.o(i.prvProcessExpiredTimer)
    i.prvProcessReceivedCommands             0x00001b10   Section        0  timers.o(i.prvProcessReceivedCommands)
    prvProcessReceivedCommands               0x00001b11   Thumb Code   278  timers.o(i.prvProcessReceivedCommands)
    i.prvProcessTimerOrBlockTask             0x00001c2c   Section        0  timers.o(i.prvProcessTimerOrBlockTask)
    prvProcessTimerOrBlockTask               0x00001c2d   Thumb Code   100  timers.o(i.prvProcessTimerOrBlockTask)
    i.prvReloadTimer                         0x00001c98   Section        0  timers.o(i.prvReloadTimer)
    prvReloadTimer                           0x00001c99   Thumb Code    40  timers.o(i.prvReloadTimer)
    i.prvResetNextTaskUnblockTime            0x00001cc0   Section        0  tasks.o(i.prvResetNextTaskUnblockTime)
    prvResetNextTaskUnblockTime              0x00001cc1   Thumb Code    44  tasks.o(i.prvResetNextTaskUnblockTime)
    i.prvSampleTimeNow                       0x00001cf4   Section        0  timers.o(i.prvSampleTimeNow)
    prvSampleTimeNow                         0x00001cf5   Thumb Code    40  timers.o(i.prvSampleTimeNow)
    i.prvSwitchTimerLists                    0x00001d20   Section        0  timers.o(i.prvSwitchTimerLists)
    prvSwitchTimerLists                      0x00001d21   Thumb Code    60  timers.o(i.prvSwitchTimerLists)
    i.prvTaskExitError                       0x00001d64   Section        0  port.o(i.prvTaskExitError)
    prvTaskExitError                         0x00001d65   Thumb Code    32  port.o(i.prvTaskExitError)
    i.prvTimerTask                           0x00001d88   Section        0  timers.o(i.prvTimerTask)
    prvTimerTask                             0x00001d89   Thumb Code    26  timers.o(i.prvTimerTask)
    i.prvUnlockQueue                         0x00001da2   Section        0  queue.o(i.prvUnlockQueue)
    prvUnlockQueue                           0x00001da3   Thumb Code   142  queue.o(i.prvUnlockQueue)
    i.pvPortMalloc                           0x00001e30   Section        0  heap_4.o(i.pvPortMalloc)
    i.pxPortInitialiseStack                  0x00001f5c   Section        0  port.o(i.pxPortInitialiseStack)
    i.testTask1                              0x00001f7c   Section        0  main.o(i.testTask1)
    i.testTask2                              0x00001fb8   Section        0  main.o(i.testTask2)
    i.uxListRemove                           0x00001fcc   Section        0  list.o(i.uxListRemove)
    i.vApplicationMallocFailedHook           0x00001ff4   Section        0  main.o(i.vApplicationMallocFailedHook)
    i.vApplicationStackOverflowHook          0x00001ffa   Section        0  main.o(i.vApplicationStackOverflowHook)
    i.vApplicationTickHook                   0x00002000   Section        0  main.o(i.vApplicationTickHook)
    i.vListInitialise                        0x00002002   Section        0  list.o(i.vListInitialise)
    i.vListInitialiseItem                    0x0000201c   Section        0  list.o(i.vListInitialiseItem)
    i.vListInsert                            0x00002022   Section        0  list.o(i.vListInsert)
    i.vListInsertEnd                         0x00002058   Section        0  list.o(i.vListInsertEnd)
    i.vPortEnterCritical                     0x00002070   Section        0  port.o(i.vPortEnterCritical)
    i.vPortExitCritical                      0x0000208c   Section        0  port.o(i.vPortExitCritical)
    i.vPortFree                              0x000020b4   Section        0  heap_4.o(i.vPortFree)
    i.vPortSetupTimerInterrupt               0x0000212c   Section        0  port.o(i.vPortSetupTimerInterrupt)
    i.vPortYield                             0x00002148   Section        0  port.o(i.vPortYield)
    i.vQueueAddToRegistry                    0x00002160   Section        0  queue.o(i.vQueueAddToRegistry)
    i.vQueueWaitForMessageRestricted         0x000021b4   Section        0  queue.o(i.vQueueWaitForMessageRestricted)
    i.vTaskDelay                             0x00002200   Section        0  tasks.o(i.vTaskDelay)
    i.vTaskDelete                            0x00002244   Section        0  tasks.o(i.vTaskDelete)
    i.vTaskInternalSetTimeOutState           0x00002300   Section        0  tasks.o(i.vTaskInternalSetTimeOutState)
    i.vTaskMissedYield                       0x00002318   Section        0  tasks.o(i.vTaskMissedYield)
    i.vTaskPlaceOnEventList                  0x00002324   Section        0  tasks.o(i.vTaskPlaceOnEventList)
    i.vTaskPlaceOnEventListRestricted        0x00002350   Section        0  tasks.o(i.vTaskPlaceOnEventListRestricted)
    i.vTaskStartScheduler                    0x000023a8   Section        0  tasks.o(i.vTaskStartScheduler)
    i.vTaskSuspendAll                        0x00002428   Section        0  tasks.o(i.vTaskSuspendAll)
    i.vTaskSwitchContext                     0x00002438   Section        0  tasks.o(i.vTaskSwitchContext)
    i.xPortGetFreeHeapSize                   0x000024ec   Section        0  heap_4.o(i.xPortGetFreeHeapSize)
    i.xPortStartScheduler                    0x000024f8   Section        0  port.o(i.xPortStartScheduler)
    i.xQueueGenericCreate                    0x00002530   Section        0  queue.o(i.xQueueGenericCreate)
    i.xQueueGenericReset                     0x00002592   Section        0  queue.o(i.xQueueGenericReset)
    i.xQueueReceive                          0x00002648   Section        0  queue.o(i.xQueueReceive)
    i.xTaskCheckForTimeOut                   0x00002780   Section        0  tasks.o(i.xTaskCheckForTimeOut)
    i.xTaskCreate                            0x000027f8   Section        0  tasks.o(i.xTaskCreate)
    i.xTaskGetSchedulerState                 0x0000285c   Section        0  tasks.o(i.xTaskGetSchedulerState)
    i.xTaskGetTickCount                      0x00002880   Section        0  tasks.o(i.xTaskGetTickCount)
    i.xTaskIncrementTick                     0x0000288c   Section        0  tasks.o(i.xTaskIncrementTick)
    i.xTaskRemoveFromEventList               0x00002a44   Section        0  tasks.o(i.xTaskRemoveFromEventList)
    i.xTaskResumeAll                         0x00002b4c   Section        0  tasks.o(i.xTaskResumeAll)
    i.xTimerCreateTimerTask                  0x00002ca8   Section        0  timers.o(i.xTimerCreateTimerTask)
    .constdata                               0x00002cf0   Section      100  cw32f030_rcc.o(.constdata)
    .data                                    0x20000000   Section        4  system_cw32f030.o(.data)
    .data                                    0x20000004   Section       22  main.o(.data)
    AppTaskCreate_Handle                     0x20000004   Data           4  main.o(.data)
    .data                                    0x2000001a   Section        2  interrupts_cw32f030.o(.data)
    .data                                    0x2000001c   Section        9  cw32f030_systick.o(.data)
    .data                                    0x20000028   Section       64  tasks.o(.data)
    pxDelayedTaskList                        0x2000002c   Data           4  tasks.o(.data)
    pxOverflowDelayedTaskList                0x20000030   Data           4  tasks.o(.data)
    uxDeletedTasksWaitingCleanUp             0x20000034   Data           4  tasks.o(.data)
    uxCurrentNumberOfTasks                   0x20000038   Data           4  tasks.o(.data)
    xTickCount                               0x2000003c   Data           4  tasks.o(.data)
    uxTopReadyPriority                       0x20000040   Data           4  tasks.o(.data)
    xSchedulerRunning                        0x20000044   Data           4  tasks.o(.data)
    xPendedTicks                             0x20000048   Data           4  tasks.o(.data)
    xYieldPending                            0x2000004c   Data           4  tasks.o(.data)
    xNumOfOverflows                          0x20000050   Data           4  tasks.o(.data)
    uxTaskNumber                             0x20000054   Data           4  tasks.o(.data)
    xNextTaskUnblockTime                     0x20000058   Data           4  tasks.o(.data)
    xIdleTaskHandle                          0x2000005c   Data           4  tasks.o(.data)
    uxSchedulerSuspended                     0x20000064   Data           4  tasks.o(.data)
    .data                                    0x20000068   Section       20  timers.o(.data)
    pxCurrentTimerList                       0x20000068   Data           4  timers.o(.data)
    pxOverflowTimerList                      0x2000006c   Data           4  timers.o(.data)
    xTimerQueue                              0x20000070   Data           4  timers.o(.data)
    xTimerTaskHandle                         0x20000074   Data           4  timers.o(.data)
    xLastTime                                0x20000078   Data           4  timers.o(.data)
    .data                                    0x2000007c   Section       28  heap_4.o(.data)
    xStart                                   0x2000007c   Data           8  heap_4.o(.data)
    pxEnd                                    0x20000084   Data           4  heap_4.o(.data)
    xFreeBytesRemaining                      0x20000088   Data           4  heap_4.o(.data)
    xMinimumEverFreeBytesRemaining           0x2000008c   Data           4  heap_4.o(.data)
    xNumberOfSuccessfulAllocations           0x20000090   Data           4  heap_4.o(.data)
    xNumberOfSuccessfulFrees                 0x20000094   Data           4  heap_4.o(.data)
    .data                                    0x20000098   Section        4  port.o(.data)
    uxCriticalNesting                        0x20000098   Data           4  port.o(.data)
    .data                                    0x2000009c   Section        4  stdout.o(.data)
    .bss                                     0x200000a0   Section       64  queue.o(.bss)
    .bss                                     0x200000e0   Section      200  tasks.o(.bss)
    pxReadyTasksLists                        0x200000e0   Data         100  tasks.o(.bss)
    xDelayedTaskList1                        0x20000144   Data          20  tasks.o(.bss)
    xDelayedTaskList2                        0x20000158   Data          20  tasks.o(.bss)
    xPendingReadyList                        0x2000016c   Data          20  tasks.o(.bss)
    xTasksWaitingTermination                 0x20000180   Data          20  tasks.o(.bss)
    xSuspendedTaskList                       0x20000194   Data          20  tasks.o(.bss)
    .bss                                     0x200001a8   Section       40  timers.o(.bss)
    xActiveTimerList1                        0x200001a8   Data          20  timers.o(.bss)
    xActiveTimerList2                        0x200001bc   Data          20  timers.o(.bss)
    .bss                                     0x200001d0   Section     6144  heap_4.o(.bss)
    ucHeap                                   0x200001d0   Data        6144  heap_4.o(.bss)
    STACK                                    0x200019d0   Section     1024  startup_cw32f030.o(STACK)

    Global Symbols

    Symbol Name                              Value     Ov Type        Size  Object(Section)

    BuildAttributes$$THM_ISAv3M$S$PE$A:L22$X:L11$S22$IEEE1$IW$USESV6$~STKCKD$USESV7$~SHL$OTIME$ROPI$EBA8$MICROLIB$REQ8$PRES8$EABIv2 0x00000000   Number         0  anon$$obj.o ABSOLUTE
    __ARM_use_no_argv                        0x00000000   Number         0  main.o ABSOLUTE
    __Vectors                                0x00000000   Data           0  startup_cw32f030.o(RESET)
    _printf_a                                0x00000000   Number         0  stubs.o ABSOLUTE
    _printf_c                                0x00000000   Number         0  stubs.o ABSOLUTE
    _printf_charcount                        0x00000000   Number         0  stubs.o ABSOLUTE
    _printf_d                                0x00000000   Number         0  stubs.o ABSOLUTE
    _printf_e                                0x00000000   Number         0  stubs.o ABSOLUTE
    _printf_f                                0x00000000   Number         0  stubs.o ABSOLUTE
    _printf_flags                            0x00000000   Number         0  stubs.o ABSOLUTE
    _printf_fp_dec                           0x00000000   Number         0  stubs.o ABSOLUTE
    _printf_fp_hex                           0x00000000   Number         0  stubs.o ABSOLUTE
    _printf_g                                0x00000000   Number         0  stubs.o ABSOLUTE
    _printf_i                                0x00000000   Number         0  stubs.o ABSOLUTE
    _printf_int_dec                          0x00000000   Number         0  stubs.o ABSOLUTE
    _printf_l                                0x00000000   Number         0  stubs.o ABSOLUTE
    _printf_lc                               0x00000000   Number         0  stubs.o ABSOLUTE
    _printf_ll                               0x00000000   Number         0  stubs.o ABSOLUTE
    _printf_lld                              0x00000000   Number         0  stubs.o ABSOLUTE
    _printf_lli                              0x00000000   Number         0  stubs.o ABSOLUTE
    _printf_llo                              0x00000000   Number         0  stubs.o ABSOLUTE
    _printf_llu                              0x00000000   Number         0  stubs.o ABSOLUTE
    _printf_llx                              0x00000000   Number         0  stubs.o ABSOLUTE
    _printf_longlong_dec                     0x00000000   Number         0  stubs.o ABSOLUTE
    _printf_longlong_hex                     0x00000000   Number         0  stubs.o ABSOLUTE
    _printf_longlong_oct                     0x00000000   Number         0  stubs.o ABSOLUTE
    _printf_ls                               0x00000000   Number         0  stubs.o ABSOLUTE
    _printf_mbtowc                           0x00000000   Number         0  stubs.o ABSOLUTE
    _printf_n                                0x00000000   Number         0  stubs.o ABSOLUTE
    _printf_o                                0x00000000   Number         0  stubs.o ABSOLUTE
    _printf_p                                0x00000000   Number         0  stubs.o ABSOLUTE
    _printf_percent                          0x00000000   Number         0  stubs.o ABSOLUTE
    _printf_pre_padding                      0x00000000   Number         0  stubs.o ABSOLUTE
    _printf_return_value                     0x00000000   Number         0  stubs.o ABSOLUTE
    _printf_s                                0x00000000   Number         0  stubs.o ABSOLUTE
    _printf_sizespec                         0x00000000   Number         0  stubs.o ABSOLUTE
    _printf_str                              0x00000000   Number         0  stubs.o ABSOLUTE
    _printf_truncate_signed                  0x00000000   Number         0  stubs.o ABSOLUTE
    _printf_truncate_unsigned                0x00000000   Number         0  stubs.o ABSOLUTE
    _printf_u                                0x00000000   Number         0  stubs.o ABSOLUTE
    _printf_wc                               0x00000000   Number         0  stubs.o ABSOLUTE
    _printf_wctomb                           0x00000000   Number         0  stubs.o ABSOLUTE
    _printf_widthprec                        0x00000000   Number         0  stubs.o ABSOLUTE
    _printf_x                                0x00000000   Number         0  stubs.o ABSOLUTE
    __arm_fini_                               - Undefined Weak Reference
    __cpp_initialize__aeabi_                  - Undefined Weak Reference
    __cxa_finalize                            - Undefined Weak Reference
    __decompress                              - Undefined Weak Reference
    _clock_init                               - Undefined Weak Reference
    _microlib_exit                            - Undefined Weak Reference
    __Vectors_End                            0x000000c0   Data           0  startup_cw32f030.o(RESET)
    __Vectors_Size                           0x000000c0   Number         0  startup_cw32f030.o ABSOLUTE
    __main                                   0x000000c1   Thumb Code     0  entry.o(.ARM.Collect$$$$00000000)
    _main_stk                                0x000000c1   Thumb Code     0  entry2.o(.ARM.Collect$$$$00000001)
    _main_scatterload                        0x000000c5   Thumb Code     0  entry5.o(.ARM.Collect$$$$00000004)
    __main_after_scatterload                 0x000000c9   Thumb Code     0  entry5.o(.ARM.Collect$$$$00000004)
    _main_clock                              0x000000c9   Thumb Code     0  entry7b.o(.ARM.Collect$$$$00000008)
    _main_cpp_init                           0x000000c9   Thumb Code     0  entry8b.o(.ARM.Collect$$$$0000000A)
    _main_init                               0x000000c9   Thumb Code     0  entry9a.o(.ARM.Collect$$$$0000000B)
    __rt_lib_shutdown_fini                   0x000000d1   Thumb Code     0  entry12b.o(.ARM.Collect$$$$0000000E)
    __rt_final_cpp                           0x000000d5   Thumb Code     0  entry10a.o(.ARM.Collect$$$$0000000F)
    __rt_final_exit                          0x000000d5   Thumb Code     0  entry11a.o(.ARM.Collect$$$$00000011)
    __asm___6_port_c_39a90d8d__prvPortStartFirstTask 0x000000d9   Thumb Code    36  port.o(.emb_text)
    ulSetInterruptMaskFromISR                0x00000101   Thumb Code     8  port.o(.emb_text)
    vClearInterruptMaskFromISR               0x00000109   Thumb Code     6  port.o(.emb_text)
    PendSV_Handler                           0x0000010f   Thumb Code    62  port.o(.emb_text)
    Reset_Handler                            0x00000151   Thumb Code     8  startup_cw32f030.o(.text)
    __aeabi_uidiv                            0x0000016d   Thumb Code     0  uidiv.o(.text)
    __aeabi_uidivmod                         0x0000016d   Thumb Code    44  uidiv.o(.text)
    __aeabi_memcpy                           0x00000199   Thumb Code    36  memcpya.o(.text)
    __aeabi_memcpy4                          0x00000199   Thumb Code     0  memcpya.o(.text)
    __aeabi_memcpy8                          0x00000199   Thumb Code     0  memcpya.o(.text)
    __aeabi_memset                           0x000001bd   Thumb Code    14  memseta.o(.text)
    __aeabi_memset4                          0x000001bd   Thumb Code     0  memseta.o(.text)
    __aeabi_memset8                          0x000001bd   Thumb Code     0  memseta.o(.text)
    __aeabi_memclr                           0x000001cb   Thumb Code     4  memseta.o(.text)
    __aeabi_memclr4                          0x000001cb   Thumb Code     0  memseta.o(.text)
    __aeabi_memclr8                          0x000001cb   Thumb Code     0  memseta.o(.text)
    memset                                   0x000001cf   Thumb Code    18  memseta.o(.text)
    __aeabi_fadd                             0x000001e1   Thumb Code   162  fadd.o(.text)
    __aeabi_fsub                             0x00000283   Thumb Code     8  fadd.o(.text)
    __aeabi_frsub                            0x0000028b   Thumb Code     8  fadd.o(.text)
    __aeabi_fmul                             0x00000293   Thumb Code   122  fmul.o(.text)
    __aeabi_fdiv                             0x0000030d   Thumb Code   124  fdiv.o(.text)
    __aeabi_dadd                             0x00000389   Thumb Code   330  dadd.o(.text)
    __aeabi_dsub                             0x000004d3   Thumb Code    12  dadd.o(.text)
    __aeabi_drsub                            0x000004df   Thumb Code    12  dadd.o(.text)
    __aeabi_ui2f                             0x000004f1   Thumb Code    14  ffltui.o(.text)
    __aeabi_f2uiz                            0x000004ff   Thumb Code    40  ffixui.o(.text)
    __aeabi_d2uiz                            0x00000529   Thumb Code    50  dfixui.o(.text)
    __aeabi_f2d                              0x00000565   Thumb Code    40  f2d.o(.text)
    __aeabi_llsl                             0x0000058d   Thumb Code    32  llshl.o(.text)
    _ll_shift_l                              0x0000058d   Thumb Code     0  llshl.o(.text)
    __aeabi_llsr                             0x000005ad   Thumb Code    34  llushr.o(.text)
    _ll_ushift_r                             0x000005ad   Thumb Code     0  llushr.o(.text)
    __aeabi_lasr                             0x000005cf   Thumb Code    38  llsshr.o(.text)
    _ll_sshift_r                             0x000005cf   Thumb Code     0  llsshr.o(.text)
    __I$use$fp                               0x000005f5   Thumb Code     0  iusefp.o(.text)
    _float_round                             0x000005f5   Thumb Code    16  fepilogue.o(.text)
    _float_epilogue                          0x00000605   Thumb Code   114  fepilogue.o(.text)
    _double_round                            0x00000677   Thumb Code    26  depilogue.o(.text)
    _double_epilogue                         0x00000691   Thumb Code   164  depilogue.o(.text)
    __scatterload                            0x00000735   Thumb Code    28  init.o(.text)
    __scatterload_rt2                        0x00000735   Thumb Code     0  init.o(.text)
    BTIM_ClearITPendingBit                   0x00000759   Thumb Code     8  cw32f030_btim.o(RAMCODE)
    ADC_ClearITPendingAll                    0x00000761   Thumb Code    14  cw32f030_adc.o(i.ADC_ClearITPendingAll)
    ADC_GetConversionValue                   0x00000775   Thumb Code     8  cw32f030_adc.o(i.ADC_GetConversionValue)
    ADC_GetITStatusAll                       0x00000781   Thumb Code     8  cw32f030_adc.o(i.ADC_GetITStatusAll)
    ADC_IRQHandler                           0x0000078d   Thumb Code    36  interrupts_cw32f030.o(i.ADC_IRQHandler)
    ATIM_ClearITPendingBit                   0x000007b5   Thumb Code     8  cw32f030_atim.o(i.ATIM_ClearITPendingBit)
    ATIM_GetITStatus                         0x000007c1   Thumb Code    20  cw32f030_atim.o(i.ATIM_GetITStatus)
    ATIM_IRQHandler                          0x000007d9   Thumb Code    24  interrupts_cw32f030.o(i.ATIM_IRQHandler)
    AWT_IRQHandler                           0x000007f1   Thumb Code     2  interrupts_cw32f030.o(i.AWT_IRQHandler)
    BTIM1_IRQHandler                         0x0000090d   Thumb Code    24  interrupts_cw32f030.o(i.BTIM1_IRQHandler)
    BTIM2_IRQHandler                         0x00000929   Thumb Code    24  interrupts_cw32f030.o(i.BTIM2_IRQHandler)
    BTIM3_IRQHandler                         0x00000945   Thumb Code     2  interrupts_cw32f030.o(i.BTIM3_IRQHandler)
    BTIM_GetITStatus                         0x00000947   Thumb Code    18  cw32f030_btim.o(i.BTIM_GetITStatus)
    DMACH1_IRQHandler                        0x00000959   Thumb Code     2  interrupts_cw32f030.o(i.DMACH1_IRQHandler)
    DMACH23_IRQHandler                       0x0000095b   Thumb Code     2  interrupts_cw32f030.o(i.DMACH23_IRQHandler)
    DMACH45_IRQHandler                       0x0000095d   Thumb Code     2  interrupts_cw32f030.o(i.DMACH45_IRQHandler)
    FAULT_IRQHandler                         0x0000095f   Thumb Code     2  interrupts_cw32f030.o(i.FAULT_IRQHandler)
    FLASHRAM_IRQHandler                      0x00000961   Thumb Code     2  interrupts_cw32f030.o(i.FLASHRAM_IRQHandler)
    GPIOA_IRQHandler                         0x00000963   Thumb Code     2  interrupts_cw32f030.o(i.GPIOA_IRQHandler)
    GPIOB_IRQHandler                         0x00000965   Thumb Code     2  interrupts_cw32f030.o(i.GPIOB_IRQHandler)
    GPIOC_IRQHandler                         0x00000967   Thumb Code     2  interrupts_cw32f030.o(i.GPIOC_IRQHandler)
    GPIOF_IRQHandler                         0x00000969   Thumb Code     2  interrupts_cw32f030.o(i.GPIOF_IRQHandler)
    GPIO_Configuration                       0x0000096d   Thumb Code   180  uart.o(i.GPIO_Configuration)
    GPIO_Init                                0x00000a29   Thumb Code   252  cw32f030_gpio.o(i.GPIO_Init)
    GPIO_WritePin                            0x00000b29   Thumb Code    12  cw32f030_gpio.o(i.GPIO_WritePin)
    GTIM1_IRQHandler                         0x00000b35   Thumb Code     2  interrupts_cw32f030.o(i.GTIM1_IRQHandler)
    GTIM2_IRQHandler                         0x00000b39   Thumb Code    24  interrupts_cw32f030.o(i.GTIM2_IRQHandler)
    GTIM3_IRQHandler                         0x00000b55   Thumb Code    24  interrupts_cw32f030.o(i.GTIM3_IRQHandler)
    GTIM3xx_Init                             0x00000b71   Thumb Code    62  tim.o(i.GTIM3xx_Init)
    GTIM4_IRQHandler                         0x00000bb9   Thumb Code     2  interrupts_cw32f030.o(i.GTIM4_IRQHandler)
    GTIM_ClearITPendingBit                   0x00000bbb   Thumb Code    12  cw32f030_gtim.o(i.GTIM_ClearITPendingBit)
    GTIM_Cmd                                 0x00000bc7   Thumb Code    28  cw32f030_gtim.o(i.GTIM_Cmd)
    GTIM_GetITStatus                         0x00000be3   Thumb Code    24  cw32f030_gtim.o(i.GTIM_GetITStatus)
    GTIM_ITConfig                            0x00000bfb   Thumb Code    46  cw32f030_gtim.o(i.GTIM_ITConfig)
    GTIM_TimeBaseInit                        0x00000c29   Thumb Code    60  cw32f030_gtim.o(i.GTIM_TimeBaseInit)
    HardFault_Handler                        0x00000c69   Thumb Code     4  interrupts_cw32f030.o(i.HardFault_Handler)
    I2C1_IRQHandler                          0x00000c6d   Thumb Code     2  interrupts_cw32f030.o(i.I2C1_IRQHandler)
    I2C2_IRQHandler                          0x00000c6f   Thumb Code     2  interrupts_cw32f030.o(i.I2C2_IRQHandler)
    InitTick                                 0x00000c71   Thumb Code    90  cw32f030_systick.o(i.InitTick)
    LVD_IRQHandler                           0x00000cdd   Thumb Code     2  interrupts_cw32f030.o(i.LVD_IRQHandler)
    NMI_Handler                              0x00000cdf   Thumb Code     2  interrupts_cw32f030.o(i.NMI_Handler)
    RCC_AHBPeriphClk_Enable                  0x00000ce1   Thumb Code    28  cw32f030_rcc.o(i.RCC_AHBPeriphClk_Enable)
    RCC_APBPeriphClk_Enable1                 0x00000d01   Thumb Code    28  cw32f030_rcc.o(i.RCC_APBPeriphClk_Enable1)
    RCC_APBPeriphClk_Enable2                 0x00000d21   Thumb Code    28  cw32f030_rcc.o(i.RCC_APBPeriphClk_Enable2)
    RCC_Config                               0x00000d41   Thumb Code    44  main.o(i.RCC_Config)
    RCC_HCLKPRS_Config                       0x00000d71   Thumb Code    20  cw32f030_rcc.o(i.RCC_HCLKPRS_Config)
    RCC_HSI_Enable                           0x00000d91   Thumb Code    44  cw32f030_rcc.o(i.RCC_HSI_Enable)
    RCC_IRQHandler                           0x00000dc5   Thumb Code     2  interrupts_cw32f030.o(i.RCC_IRQHandler)
    RCC_PCLKPRS_Config                       0x00000dc9   Thumb Code    20  cw32f030_rcc.o(i.RCC_PCLKPRS_Config)
    RCC_SYSCLKSRC_Config                     0x00000de9   Thumb Code    34  cw32f030_rcc.o(i.RCC_SYSCLKSRC_Config)
    RCC_Sysctrl_GetHClkFreq                  0x00000e19   Thumb Code   194  cw32f030_rcc.o(i.RCC_Sysctrl_GetHClkFreq)
    RCC_SystemCoreClockUpdate                0x00000ef1   Thumb Code     6  cw32f030_rcc.o(i.RCC_SystemCoreClockUpdate)
    RTC_IRQHandler                           0x00000efd   Thumb Code     2  interrupts_cw32f030.o(i.RTC_IRQHandler)
    SPI1_IRQHandler                          0x00000eff   Thumb Code     2  interrupts_cw32f030.o(i.SPI1_IRQHandler)
    SPI2_IRQHandler                          0x00000f01   Thumb Code     2  interrupts_cw32f030.o(i.SPI2_IRQHandler)
    SVC_Handler                              0x00000f03   Thumb Code     2  port.o(i.SVC_Handler)
    SysTick_Handler                          0x00000f05   Thumb Code    32  port.o(i.SysTick_Handler)
    SystemCoreClockUpdate                    0x00000f29   Thumb Code     8  system_cw32f030.o(i.SystemCoreClockUpdate)
    SystemInit                               0x00000f39   Thumb Code    54  system_cw32f030.o(i.SystemInit)
    TIM_Init                                 0x00000f75   Thumb Code     8  tim.o(i.TIM_Init)
    UART1_IRQHandler                         0x00000f7d   Thumb Code    44  interrupts_cw32f030.o(i.UART1_IRQHandler)
    UART2_IRQHandler                         0x00000fad   Thumb Code    24  interrupts_cw32f030.o(i.UART2_IRQHandler)
    UART3_IRQHandler                         0x00000fc9   Thumb Code     2  interrupts_cw32f030.o(i.UART3_IRQHandler)
    UART_Configuration                       0x00000fcd   Thumb Code    88  uart.o(i.UART_Configuration)
    UART_Init                                0x00001031   Thumb Code    12  uart.o(i.UART_Init)
    USART_ClearITPendingBit                  0x0000103d   Thumb Code     8  cw32f030_uart.o(i.USART_ClearITPendingBit)
    USART_GetFlagStatus                      0x00001045   Thumb Code    18  cw32f030_uart.o(i.USART_GetFlagStatus)
    USART_GetITStatus                        0x00001057   Thumb Code    18  cw32f030_uart.o(i.USART_GetITStatus)
    USART_Init                               0x00001069   Thumb Code   362  cw32f030_uart.o(i.USART_Init)
    USART_SendData_8bit                      0x000011dd   Thumb Code     4  cw32f030_uart.o(i.USART_SendData_8bit)
    VC1_IRQHandler                           0x000011e1   Thumb Code     2  interrupts_cw32f030.o(i.VC1_IRQHandler)
    VC2_IRQHandler                           0x000011e3   Thumb Code     2  interrupts_cw32f030.o(i.VC2_IRQHandler)
    WDT_IRQHandler                           0x000011e5   Thumb Code     2  interrupts_cw32f030.o(i.WDT_IRQHandler)
    __0printf$1                              0x000011e9   Thumb Code    24  printf1.o(i.__0printf$1)
    __1printf$1                              0x000011e9   Thumb Code     0  printf1.o(i.__0printf$1)
    __2printf                                0x000011e9   Thumb Code     0  printf1.o(i.__0printf$1)
    __ARM_clz                                0x00001209   Thumb Code    46  depilogue.o(i.__ARM_clz)
    __ARM_common_switch8                     0x00001237   Thumb Code    28  cw32f030_i2c.o(i.__ARM_common_switch8)
    __scatterload_copy                       0x000012cd   Thumb Code    14  handlers.o(i.__scatterload_copy)
    __scatterload_null                       0x000012db   Thumb Code     2  handlers.o(i.__scatterload_null)
    __scatterload_zeroinit                   0x000012dd   Thumb Code    14  handlers.o(i.__scatterload_zeroinit)
    fputc                                    0x0000143d   Thumb Code    32  uart.o(i.fputc)
    gpio_init                                0x00001461   Thumb Code    46  gpio.o(i.gpio_init)
    i2c_init                                 0x00001495   Thumb Code   102  gpio.o(i.i2c_init)
    main                                     0x00001509   Thumb Code    64  main.o(i.main)
    pvPortMalloc                             0x00001e31   Thumb Code   278  heap_4.o(i.pvPortMalloc)
    pxPortInitialiseStack                    0x00001f5d   Thumb Code    26  port.o(i.pxPortInitialiseStack)
    testTask1                                0x00001f7d   Thumb Code    30  main.o(i.testTask1)
    testTask2                                0x00001fb9   Thumb Code    16  main.o(i.testTask2)
    uxListRemove                             0x00001fcd   Thumb Code    40  list.o(i.uxListRemove)
    vApplicationMallocFailedHook             0x00001ff5   Thumb Code     6  main.o(i.vApplicationMallocFailedHook)
    vApplicationStackOverflowHook            0x00001ffb   Thumb Code     6  main.o(i.vApplicationStackOverflowHook)
    vApplicationTickHook                     0x00002001   Thumb Code     2  main.o(i.vApplicationTickHook)
    vListInitialise                          0x00002003   Thumb Code    26  list.o(i.vListInitialise)
    vListInitialiseItem                      0x0000201d   Thumb Code     6  list.o(i.vListInitialiseItem)
    vListInsert                              0x00002023   Thumb Code    54  list.o(i.vListInsert)
    vListInsertEnd                           0x00002059   Thumb Code    24  list.o(i.vListInsertEnd)
    vPortEnterCritical                       0x00002071   Thumb Code    22  port.o(i.vPortEnterCritical)
    vPortExitCritical                        0x0000208d   Thumb Code    36  port.o(i.vPortExitCritical)
    vPortFree                                0x000020b5   Thumb Code   110  heap_4.o(i.vPortFree)
    vPortSetupTimerInterrupt                 0x0000212d   Thumb Code    18  port.o(i.vPortSetupTimerInterrupt)
    vPortYield                               0x00002149   Thumb Code    18  port.o(i.vPortYield)
    vQueueAddToRegistry                      0x00002161   Thumb Code    80  queue.o(i.vQueueAddToRegistry)
    vQueueWaitForMessageRestricted           0x000021b5   Thumb Code    76  queue.o(i.vQueueWaitForMessageRestricted)
    vTaskDelay                               0x00002201   Thumb Code    62  tasks.o(i.vTaskDelay)
    vTaskDelete                              0x00002245   Thumb Code   158  tasks.o(i.vTaskDelete)
    vTaskInternalSetTimeOutState             0x00002301   Thumb Code    14  tasks.o(i.vTaskInternalSetTimeOutState)
    vTaskMissedYield                         0x00002319   Thumb Code     8  tasks.o(i.vTaskMissedYield)
    vTaskPlaceOnEventList                    0x00002325   Thumb Code    38  tasks.o(i.vTaskPlaceOnEventList)
    vTaskPlaceOnEventListRestricted          0x00002351   Thumb Code    82  tasks.o(i.vTaskPlaceOnEventListRestricted)
    vTaskStartScheduler                      0x000023a9   Thumb Code    94  tasks.o(i.vTaskStartScheduler)
    vTaskSuspendAll                          0x00002429   Thumb Code    12  tasks.o(i.vTaskSuspendAll)
    vTaskSwitchContext                       0x00002439   Thumb Code   156  tasks.o(i.vTaskSwitchContext)
    xPortGetFreeHeapSize                     0x000024ed   Thumb Code     6  heap_4.o(i.xPortGetFreeHeapSize)
    xPortStartScheduler                      0x000024f9   Thumb Code    48  port.o(i.xPortStartScheduler)
    xQueueGenericCreate                      0x00002531   Thumb Code    98  queue.o(i.xQueueGenericCreate)
    xQueueGenericReset                       0x00002593   Thumb Code   182  queue.o(i.xQueueGenericReset)
    xQueueReceive                            0x00002649   Thumb Code   312  queue.o(i.xQueueReceive)
    xTaskCheckForTimeOut                     0x00002781   Thumb Code   110  tasks.o(i.xTaskCheckForTimeOut)
    xTaskCreate                              0x000027f9   Thumb Code   100  tasks.o(i.xTaskCreate)
    xTaskGetSchedulerState                   0x0000285d   Thumb Code    28  tasks.o(i.xTaskGetSchedulerState)
    xTaskGetTickCount                        0x00002881   Thumb Code     6  tasks.o(i.xTaskGetTickCount)
    xTaskIncrementTick                       0x0000288d   Thumb Code   396  tasks.o(i.xTaskIncrementTick)
    xTaskRemoveFromEventList                 0x00002a45   Thumb Code   240  tasks.o(i.xTaskRemoveFromEventList)
    xTaskResumeAll                           0x00002b4d   Thumb Code   314  tasks.o(i.xTaskResumeAll)
    xTimerCreateTimerTask                    0x00002ca9   Thumb Code    52  timers.o(i.xTimerCreateTimerTask)
    hsiprs_tbl                               0x00002cf0   Data          64  cw32f030_rcc.o(.constdata)
    Region$$Table$$Base                      0x00002d54   Number         0  anon$$obj.o(Region$$Table)
    Region$$Table$$Limit                     0x00002d74   Number         0  anon$$obj.o(Region$$Table)
    SystemCoreClock                          0x20000000   Data           4  system_cw32f030.o(.data)
    testTask1Handle                          0x20000008   Data           4  main.o(.data)
    testTask2Handle                          0x2000000c   Data           4  main.o(.data)
    g_dev_loop_timeout_3                     0x20000010   Data           1  main.o(.data)
    g_dev_loop_timeout                       0x20000011   Data           1  main.o(.data)
    YK_KH12S_HdmiPort                        0x20000012   Data           1  main.o(.data)
    bbud                                     0x20000013   Data           3  main.o(.data)
    bbud1                                    0x20000016   Data           3  main.o(.data)
    flg                                      0x20000019   Data           1  main.o(.data)
    valueAdc                                 0x2000001a   Data           2  interrupts_cw32f030.o(.data)
    uwTick                                   0x2000001c   Data           4  cw32f030_systick.o(.data)
    uwTickPrio                               0x20000020   Data           4  cw32f030_systick.o(.data)
    uwTickFreq                               0x20000024   Data           1  cw32f030_systick.o(.data)
    pxCurrentTCB                             0x20000028   Data           4  tasks.o(.data)
    uxTopUsedPriority                        0x20000060   Data           4  tasks.o(.data)
    __stdout                                 0x2000009c   Data           4  stdout.o(.data)
    xQueueRegistry                           0x200000a0   Data          64  queue.o(.bss)
    __initial_sp                             0x20001dd0   Data           0  startup_cw32f030.o(STACK)



==============================================================================

Memory Map of the image

  Image Entry point : 0x000000c1

  Load Region LR_IROM1 (Base: 0x00000000, Size: 0x00002e14, Max: 0x00010000, ABSOLUTE)

    Execution Region ER_IROM1 (Exec base: 0x00000000, Load base: 0x00000000, Size: 0x00002d74, Max: 0x00010000, ABSOLUTE)

    Exec Addr    Load Addr    Size         Type   Attr      Idx    E Section Name        Object

    0x00000000   0x00000000   0x000000c0   Data   RO            3    RESET               startup_cw32f030.o
    0x000000c0   0x000000c0   0x00000000   Code   RO         5135  * .ARM.Collect$$$$00000000  mc_p.l(entry.o)
    0x000000c0   0x000000c0   0x00000004   Code   RO         5429    .ARM.Collect$$$$00000001  mc_p.l(entry2.o)
    0x000000c4   0x000000c4   0x00000004   Code   RO         5432    .ARM.Collect$$$$00000004  mc_p.l(entry5.o)
    0x000000c8   0x000000c8   0x00000000   Code   RO         5434    .ARM.Collect$$$$00000008  mc_p.l(entry7b.o)
    0x000000c8   0x000000c8   0x00000000   Code   RO         5436    .ARM.Collect$$$$0000000A  mc_p.l(entry8b.o)
    0x000000c8   0x000000c8   0x00000008   Code   RO         5437    .ARM.Collect$$$$0000000B  mc_p.l(entry9a.o)
    0x000000d0   0x000000d0   0x00000004   Code   RO         5444    .ARM.Collect$$$$0000000E  mc_p.l(entry12b.o)
    0x000000d4   0x000000d4   0x00000000   Code   RO         5439    .ARM.Collect$$$$0000000F  mc_p.l(entry10a.o)
    0x000000d4   0x000000d4   0x00000000   Code   RO         5441    .ARM.Collect$$$$00000011  mc_p.l(entry11a.o)
    0x000000d4   0x000000d4   0x00000004   Code   RO         5430    .ARM.Collect$$$$00002712  mc_p.l(entry2.o)
    0x000000d8   0x000000d8   0x00000078   Code   RO         5058    .emb_text           port.o
    0x00000150   0x00000150   0x0000001c   Code   RO            4    .text               startup_cw32f030.o
    0x0000016c   0x0000016c   0x0000002c   Code   RO         5138    .text               mc_p.l(uidiv.o)
    0x00000198   0x00000198   0x00000024   Code   RO         5142    .text               mc_p.l(memcpya.o)
    0x000001bc   0x000001bc   0x00000024   Code   RO         5146    .text               mc_p.l(memseta.o)
    0x000001e0   0x000001e0   0x000000b2   Code   RO         5411    .text               mf_p.l(fadd.o)
    0x00000292   0x00000292   0x0000007a   Code   RO         5413    .text               mf_p.l(fmul.o)
    0x0000030c   0x0000030c   0x0000007c   Code   RO         5415    .text               mf_p.l(fdiv.o)
    0x00000388   0x00000388   0x00000168   Code   RO         5417    .text               mf_p.l(dadd.o)
    0x000004f0   0x000004f0   0x0000000e   Code   RO         5421    .text               mf_p.l(ffltui.o)
    0x000004fe   0x000004fe   0x00000028   Code   RO         5423    .text               mf_p.l(ffixui.o)
    0x00000526   0x00000526   0x00000002   PAD
    0x00000528   0x00000528   0x0000003c   Code   RO         5425    .text               mf_p.l(dfixui.o)
    0x00000564   0x00000564   0x00000028   Code   RO         5427    .text               mf_p.l(f2d.o)
    0x0000058c   0x0000058c   0x00000020   Code   RO         5448    .text               mc_p.l(llshl.o)
    0x000005ac   0x000005ac   0x00000022   Code   RO         5450    .text               mc_p.l(llushr.o)
    0x000005ce   0x000005ce   0x00000026   Code   RO         5452    .text               mc_p.l(llsshr.o)
    0x000005f4   0x000005f4   0x00000000   Code   RO         5454    .text               mc_p.l(iusefp.o)
    0x000005f4   0x000005f4   0x00000082   Code   RO         5455    .text               mf_p.l(fepilogue.o)
    0x00000676   0x00000676   0x000000be   Code   RO         5457    .text               mf_p.l(depilogue.o)
    0x00000734   0x00000734   0x00000024   Code   RO         5469    .text               mc_p.l(init.o)
    0x00000758   0x00000758   0x00000008   Code   RO         1476    RAMCODE             cw32f030_btim.o
    0x00000760   0x00000760   0x00000014   Code   RO          767    i.ADC_ClearITPendingAll  cw32f030_adc.o
    0x00000774   0x00000774   0x0000000c   Code   RO          782    i.ADC_GetConversionValue  cw32f030_adc.o
    0x00000780   0x00000780   0x0000000c   Code   RO          784    i.ADC_GetITStatusAll  cw32f030_adc.o
    0x0000078c   0x0000078c   0x00000028   Code   RO          287    i.ADC_IRQHandler    interrupts_cw32f030.o
    0x000007b4   0x000007b4   0x0000000c   Code   RO         1097    i.ATIM_ClearITPendingBit  cw32f030_atim.o
    0x000007c0   0x000007c0   0x00000018   Code   RO         1108    i.ATIM_GetITStatus  cw32f030_atim.o
    0x000007d8   0x000007d8   0x00000018   Code   RO          288    i.ATIM_IRQHandler   interrupts_cw32f030.o
    0x000007f0   0x000007f0   0x00000002   Code   RO          289    i.AWT_IRQHandler    interrupts_cw32f030.o
    0x000007f2   0x000007f2   0x00000002   PAD
    0x000007f4   0x000007f4   0x00000118   Code   RO          119    i.AppTaskCreate     main.o
    0x0000090c   0x0000090c   0x0000001c   Code   RO          290    i.BTIM1_IRQHandler  interrupts_cw32f030.o
    0x00000928   0x00000928   0x0000001c   Code   RO          291    i.BTIM2_IRQHandler  interrupts_cw32f030.o
    0x00000944   0x00000944   0x00000002   Code   RO          292    i.BTIM3_IRQHandler  interrupts_cw32f030.o
    0x00000946   0x00000946   0x00000012   Code   RO         1483    i.BTIM_GetITStatus  cw32f030_btim.o
    0x00000958   0x00000958   0x00000002   Code   RO          293    i.DMACH1_IRQHandler  interrupts_cw32f030.o
    0x0000095a   0x0000095a   0x00000002   Code   RO          294    i.DMACH23_IRQHandler  interrupts_cw32f030.o
    0x0000095c   0x0000095c   0x00000002   Code   RO          295    i.DMACH45_IRQHandler  interrupts_cw32f030.o
    0x0000095e   0x0000095e   0x00000002   Code   RO          296    i.FAULT_IRQHandler  interrupts_cw32f030.o
    0x00000960   0x00000960   0x00000002   Code   RO          297    i.FLASHRAM_IRQHandler  interrupts_cw32f030.o
    0x00000962   0x00000962   0x00000002   Code   RO          298    i.GPIOA_IRQHandler  interrupts_cw32f030.o
    0x00000964   0x00000964   0x00000002   Code   RO          299    i.GPIOB_IRQHandler  interrupts_cw32f030.o
    0x00000966   0x00000966   0x00000002   Code   RO          300    i.GPIOC_IRQHandler  interrupts_cw32f030.o
    0x00000968   0x00000968   0x00000002   Code   RO          301    i.GPIOF_IRQHandler  interrupts_cw32f030.o
    0x0000096a   0x0000096a   0x00000002   PAD
    0x0000096c   0x0000096c   0x000000bc   Code   RO          537    i.GPIO_Configuration  uart.o
    0x00000a28   0x00000a28   0x00000100   Code   RO         1948    i.GPIO_Init         cw32f030_gpio.o
    0x00000b28   0x00000b28   0x0000000c   Code   RO         1954    i.GPIO_WritePin     cw32f030_gpio.o
    0x00000b34   0x00000b34   0x00000002   Code   RO          302    i.GTIM1_IRQHandler  interrupts_cw32f030.o
    0x00000b36   0x00000b36   0x00000002   PAD
    0x00000b38   0x00000b38   0x0000001c   Code   RO          303    i.GTIM2_IRQHandler  interrupts_cw32f030.o
    0x00000b54   0x00000b54   0x0000001c   Code   RO          304    i.GTIM3_IRQHandler  interrupts_cw32f030.o
    0x00000b70   0x00000b70   0x00000048   Code   RO          578    i.GTIM3xx_Init      tim.o
    0x00000bb8   0x00000bb8   0x00000002   Code   RO          305    i.GTIM4_IRQHandler  interrupts_cw32f030.o
    0x00000bba   0x00000bba   0x0000000c   Code   RO         2032    i.GTIM_ClearITPendingBit  cw32f030_gtim.o
    0x00000bc6   0x00000bc6   0x0000001c   Code   RO         2033    i.GTIM_Cmd          cw32f030_gtim.o
    0x00000be2   0x00000be2   0x00000018   Code   RO         2041    i.GTIM_GetITStatus  cw32f030_gtim.o
    0x00000bfa   0x00000bfa   0x0000002e   Code   RO         2044    i.GTIM_ITConfig     cw32f030_gtim.o
    0x00000c28   0x00000c28   0x00000040   Code   RO         2053    i.GTIM_TimeBaseInit  cw32f030_gtim.o
    0x00000c68   0x00000c68   0x00000004   Code   RO          306    i.HardFault_Handler  interrupts_cw32f030.o
    0x00000c6c   0x00000c6c   0x00000002   Code   RO          307    i.I2C1_IRQHandler   interrupts_cw32f030.o
    0x00000c6e   0x00000c6e   0x00000002   Code   RO          308    i.I2C2_IRQHandler   interrupts_cw32f030.o
    0x00000c70   0x00000c70   0x0000006c   Code   RO         3321    i.InitTick          cw32f030_systick.o
    0x00000cdc   0x00000cdc   0x00000002   Code   RO          309    i.LVD_IRQHandler    interrupts_cw32f030.o
    0x00000cde   0x00000cde   0x00000002   Code   RO          310    i.NMI_Handler       interrupts_cw32f030.o
    0x00000ce0   0x00000ce0   0x00000020   Code   RO         2687    i.RCC_AHBPeriphClk_Enable  cw32f030_rcc.o
    0x00000d00   0x00000d00   0x00000020   Code   RO         2689    i.RCC_APBPeriphClk_Enable1  cw32f030_rcc.o
    0x00000d20   0x00000d20   0x00000020   Code   RO         2690    i.RCC_APBPeriphClk_Enable2  cw32f030_rcc.o
    0x00000d40   0x00000d40   0x00000030   Code   RO          122    i.RCC_Config        main.o
    0x00000d70   0x00000d70   0x00000020   Code   RO         2710    i.RCC_HCLKPRS_Config  cw32f030_rcc.o
    0x00000d90   0x00000d90   0x00000034   Code   RO         2716    i.RCC_HSI_Enable    cw32f030_rcc.o
    0x00000dc4   0x00000dc4   0x00000002   Code   RO          311    i.RCC_IRQHandler    interrupts_cw32f030.o
    0x00000dc6   0x00000dc6   0x00000002   PAD
    0x00000dc8   0x00000dc8   0x00000020   Code   RO         2728    i.RCC_PCLKPRS_Config  cw32f030_rcc.o
    0x00000de8   0x00000de8   0x00000030   Code   RO         2734    i.RCC_SYSCLKSRC_Config  cw32f030_rcc.o
    0x00000e18   0x00000e18   0x000000d8   Code   RO         2736    i.RCC_Sysctrl_GetHClkFreq  cw32f030_rcc.o
    0x00000ef0   0x00000ef0   0x0000000c   Code   RO         2738    i.RCC_SystemCoreClockUpdate  cw32f030_rcc.o
    0x00000efc   0x00000efc   0x00000002   Code   RO          312    i.RTC_IRQHandler    interrupts_cw32f030.o
    0x00000efe   0x00000efe   0x00000002   Code   RO          313    i.SPI1_IRQHandler   interrupts_cw32f030.o
    0x00000f00   0x00000f00   0x00000002   Code   RO          314    i.SPI2_IRQHandler   interrupts_cw32f030.o
    0x00000f02   0x00000f02   0x00000002   Code   RO         5059    i.SVC_Handler       port.o
    0x00000f04   0x00000f04   0x00000024   Code   RO         5060    i.SysTick_Handler   port.o
    0x00000f28   0x00000f28   0x00000010   Code   RO           14    i.SystemCoreClockUpdate  system_cw32f030.o
    0x00000f38   0x00000f38   0x0000003c   Code   RO           15    i.SystemInit        system_cw32f030.o
    0x00000f74   0x00000f74   0x00000008   Code   RO          580    i.TIM_Init          tim.o
    0x00000f7c   0x00000f7c   0x00000030   Code   RO          315    i.UART1_IRQHandler  interrupts_cw32f030.o
    0x00000fac   0x00000fac   0x0000001c   Code   RO          316    i.UART2_IRQHandler  interrupts_cw32f030.o
    0x00000fc8   0x00000fc8   0x00000002   Code   RO          317    i.UART3_IRQHandler  interrupts_cw32f030.o
    0x00000fca   0x00000fca   0x00000002   PAD
    0x00000fcc   0x00000fcc   0x00000064   Code   RO          538    i.UART_Configuration  uart.o
    0x00001030   0x00001030   0x0000000c   Code   RO          539    i.UART_Init         uart.o
    0x0000103c   0x0000103c   0x00000008   Code   RO         3382    i.USART_ClearITPendingBit  cw32f030_uart.o
    0x00001044   0x00001044   0x00000012   Code   RO         3387    i.USART_GetFlagStatus  cw32f030_uart.o
    0x00001056   0x00001056   0x00000012   Code   RO         3388    i.USART_GetITStatus  cw32f030_uart.o
    0x00001068   0x00001068   0x00000174   Code   RO         3391    i.USART_Init        cw32f030_uart.o
    0x000011dc   0x000011dc   0x00000004   Code   RO         3396    i.USART_SendData_8bit  cw32f030_uart.o
    0x000011e0   0x000011e0   0x00000002   Code   RO          318    i.VC1_IRQHandler    interrupts_cw32f030.o
    0x000011e2   0x000011e2   0x00000002   Code   RO          319    i.VC2_IRQHandler    interrupts_cw32f030.o
    0x000011e4   0x000011e4   0x00000002   Code   RO          320    i.WDT_IRQHandler    interrupts_cw32f030.o
    0x000011e6   0x000011e6   0x00000002   PAD
    0x000011e8   0x000011e8   0x00000020   Code   RO         5195    i.__0printf$1       mc_p.l(printf1.o)
    0x00001208   0x00001208   0x0000002e   Code   RO         5459    i.__ARM_clz         mf_p.l(depilogue.o)
    0x00001236   0x00001236   0x0000001c   Code   RO         2401    i.__ARM_common_switch8  cw32f030_i2c.o
    0x00001252   0x00001252   0x00000002   PAD
    0x00001254   0x00001254   0x00000078   Code   RO         3325    i.__NVIC_SetPriority  cw32f030_systick.o
    0x000012cc   0x000012cc   0x0000000e   Code   RO         5473    i.__scatterload_copy  mc_p.l(handlers.o)
    0x000012da   0x000012da   0x00000002   Code   RO         5474    i.__scatterload_null  mc_p.l(handlers.o)
    0x000012dc   0x000012dc   0x0000000e   Code   RO         5475    i.__scatterload_zeroinit  mc_p.l(handlers.o)
    0x000012ea   0x000012ea   0x00000002   PAD
    0x000012ec   0x000012ec   0x00000150   Code   RO         5202    i._printf_core      mc_p.l(printf1.o)
    0x0000143c   0x0000143c   0x00000024   Code   RO          540    i.fputc             uart.o
    0x00001460   0x00001460   0x00000034   Code   RO          508    i.gpio_init         gpio.o
    0x00001494   0x00001494   0x00000074   Code   RO          509    i.i2c_init          gpio.o
    0x00001508   0x00001508   0x00000080   Code   RO          123    i.main              main.o
    0x00001588   0x00001588   0x000000a4   Code   RO         4450    i.prvAddCurrentTaskToDelayedList  tasks.o
    0x0000162c   0x0000162c   0x000000d8   Code   RO         4451    i.prvAddNewTaskToReadyList  tasks.o
    0x00001704   0x00001704   0x00000068   Code   RO         4822    i.prvCheckForValidListAndQueue  timers.o
    0x0000176c   0x0000176c   0x00000048   Code   RO         4452    i.prvCheckTasksWaitingTermination  tasks.o
    0x000017b4   0x000017b4   0x0000002c   Code   RO         4056    i.prvCopyDataFromQueue  queue.o
    0x000017e0   0x000017e0   0x00000012   Code   RO         4453    i.prvDeleteTCB      tasks.o
    0x000017f2   0x000017f2   0x00000002   PAD
    0x000017f4   0x000017f4   0x0000002c   Code   RO         4823    i.prvGetNextExpireTime  timers.o
    0x00001820   0x00001820   0x00000070   Code   RO         4989    i.prvHeapInit       heap_4.o
    0x00001890   0x00001890   0x00000018   Code   RO         4454    i.prvIdleTask       tasks.o
    0x000018a8   0x000018a8   0x0000002c   Code   RO         4060    i.prvInitialiseNewQueue  queue.o
    0x000018d4   0x000018d4   0x000000ba   Code   RO         4455    i.prvInitialiseNewTask  tasks.o
    0x0000198e   0x0000198e   0x00000002   PAD
    0x00001990   0x00001990   0x00000064   Code   RO         4456    i.prvInitialiseTaskLists  tasks.o
    0x000019f4   0x000019f4   0x00000068   Code   RO         4990    i.prvInsertBlockIntoFreeList  heap_4.o
    0x00001a5c   0x00001a5c   0x00000054   Code   RO         4825    i.prvInsertTimerInActiveList  timers.o
    0x00001ab0   0x00001ab0   0x0000001c   Code   RO         4061    i.prvIsQueueEmpty   queue.o
    0x00001acc   0x00001acc   0x00000044   Code   RO         4826    i.prvProcessExpiredTimer  timers.o
    0x00001b10   0x00001b10   0x0000011c   Code   RO         4827    i.prvProcessReceivedCommands  timers.o
    0x00001c2c   0x00001c2c   0x0000006c   Code   RO         4828    i.prvProcessTimerOrBlockTask  timers.o
    0x00001c98   0x00001c98   0x00000028   Code   RO         4829    i.prvReloadTimer    timers.o
    0x00001cc0   0x00001cc0   0x00000034   Code   RO         4458    i.prvResetNextTaskUnblockTime  tasks.o
    0x00001cf4   0x00001cf4   0x0000002c   Code   RO         4830    i.prvSampleTimeNow  timers.o
    0x00001d20   0x00001d20   0x00000044   Code   RO         4831    i.prvSwitchTimerLists  timers.o
    0x00001d64   0x00001d64   0x00000024   Code   RO         5061    i.prvTaskExitError  port.o
    0x00001d88   0x00001d88   0x0000001a   Code   RO         4832    i.prvTimerTask      timers.o
    0x00001da2   0x00001da2   0x0000008e   Code   RO         4063    i.prvUnlockQueue    queue.o
    0x00001e30   0x00001e30   0x0000012c   Code   RO         4992    i.pvPortMalloc      heap_4.o
    0x00001f5c   0x00001f5c   0x00000020   Code   RO         5062    i.pxPortInitialiseStack  port.o
    0x00001f7c   0x00001f7c   0x0000003c   Code   RO          124    i.testTask1         main.o
    0x00001fb8   0x00001fb8   0x00000014   Code   RO          125    i.testTask2         main.o
    0x00001fcc   0x00001fcc   0x00000028   Code   RO         4011    i.uxListRemove      list.o
    0x00001ff4   0x00001ff4   0x00000006   Code   RO          127    i.vApplicationMallocFailedHook  main.o
    0x00001ffa   0x00001ffa   0x00000006   Code   RO          128    i.vApplicationStackOverflowHook  main.o
    0x00002000   0x00002000   0x00000002   Code   RO          129    i.vApplicationTickHook  main.o
    0x00002002   0x00002002   0x0000001a   Code   RO         4012    i.vListInitialise   list.o
    0x0000201c   0x0000201c   0x00000006   Code   RO         4013    i.vListInitialiseItem  list.o
    0x00002022   0x00002022   0x00000036   Code   RO         4014    i.vListInsert       list.o
    0x00002058   0x00002058   0x00000018   Code   RO         4015    i.vListInsertEnd    list.o
    0x00002070   0x00002070   0x0000001c   Code   RO         5064    i.vPortEnterCritical  port.o
    0x0000208c   0x0000208c   0x00000028   Code   RO         5065    i.vPortExitCritical  port.o
    0x000020b4   0x000020b4   0x00000078   Code   RO         4993    i.vPortFree         heap_4.o
    0x0000212c   0x0000212c   0x0000001c   Code   RO         5066    i.vPortSetupTimerInterrupt  port.o
    0x00002148   0x00002148   0x00000018   Code   RO         5067    i.vPortYield        port.o
    0x00002160   0x00002160   0x00000054   Code   RO         4069    i.vQueueAddToRegistry  queue.o
    0x000021b4   0x000021b4   0x0000004c   Code   RO         4073    i.vQueueWaitForMessageRestricted  queue.o
    0x00002200   0x00002200   0x00000044   Code   RO         4470    i.vTaskDelay        tasks.o
    0x00002244   0x00002244   0x000000bc   Code   RO         4471    i.vTaskDelete       tasks.o
    0x00002300   0x00002300   0x00000018   Code   RO         4475    i.vTaskInternalSetTimeOutState  tasks.o
    0x00002318   0x00002318   0x0000000c   Code   RO         4476    i.vTaskMissedYield  tasks.o
    0x00002324   0x00002324   0x0000002c   Code   RO         4477    i.vTaskPlaceOnEventList  tasks.o
    0x00002350   0x00002350   0x00000058   Code   RO         4478    i.vTaskPlaceOnEventListRestricted  tasks.o
    0x000023a8   0x000023a8   0x00000080   Code   RO         4486    i.vTaskStartScheduler  tasks.o
    0x00002428   0x00002428   0x00000010   Code   RO         4488    i.vTaskSuspendAll   tasks.o
    0x00002438   0x00002438   0x000000b4   Code   RO         4489    i.vTaskSwitchContext  tasks.o
    0x000024ec   0x000024ec   0x0000000c   Code   RO         4996    i.xPortGetFreeHeapSize  heap_4.o
    0x000024f8   0x000024f8   0x00000038   Code   RO         5068    i.xPortStartScheduler  port.o
    0x00002530   0x00002530   0x00000062   Code   RO         4076    i.xQueueGenericCreate  queue.o
    0x00002592   0x00002592   0x000000b6   Code   RO         4077    i.xQueueGenericReset  queue.o
    0x00002648   0x00002648   0x00000138   Code   RO         4086    i.xQueueReceive     queue.o
    0x00002780   0x00002780   0x00000078   Code   RO         4491    i.xTaskCheckForTimeOut  tasks.o
    0x000027f8   0x000027f8   0x00000064   Code   RO         4492    i.xTaskCreate       tasks.o
    0x0000285c   0x0000285c   0x00000024   Code   RO         4499    i.xTaskGetSchedulerState  tasks.o
    0x00002880   0x00002880   0x0000000c   Code   RO         4500    i.xTaskGetTickCount  tasks.o
    0x0000288c   0x0000288c   0x000001b8   Code   RO         4502    i.xTaskIncrementTick  tasks.o
    0x00002a44   0x00002a44   0x00000108   Code   RO         4505    i.xTaskRemoveFromEventList  tasks.o
    0x00002b4c   0x00002b4c   0x0000015c   Code   RO         4506    i.xTaskResumeAll    tasks.o
    0x00002ca8   0x00002ca8   0x00000048   Code   RO         4840    i.xTimerCreateTimerTask  timers.o
    0x00002cf0   0x00002cf0   0x00000064   Data   RO         2740    .constdata          cw32f030_rcc.o
    0x00002d54   0x00002d54   0x00000020   Data   RO         5471    Region$$Table       anon$$obj.o


    Execution Region RW_IRAM1 (Exec base: 0x20000000, Load base: 0x00002d74, Size: 0x00001dd0, Max: 0x00002000, ABSOLUTE)

    Exec Addr    Load Addr    Size         Type   Attr      Idx    E Section Name        Object

    0x20000000   0x00002d74   0x00000004   Data   RW           20    .data               system_cw32f030.o
    0x20000004   0x00002d78   0x00000016   Data   RW          130    .data               main.o
    0x2000001a   0x00002d8e   0x00000002   Data   RW          321    .data               interrupts_cw32f030.o
    0x2000001c   0x00002d90   0x00000009   Data   RW         3326    .data               cw32f030_systick.o
    0x20000025   0x00002d99   0x00000003   PAD
    0x20000028   0x00002d9c   0x00000040   Data   RW         4509    .data               tasks.o
    0x20000068   0x00002ddc   0x00000014   Data   RW         4848    .data               timers.o
    0x2000007c   0x00002df0   0x0000001c   Data   RW         4999    .data               heap_4.o
    0x20000098   0x00002e0c   0x00000004   Data   RW         5069    .data               port.o
    0x2000009c   0x00002e10   0x00000004   Data   RW         5445    .data               mc_p.l(stdout.o)
    0x200000a0        -       0x00000040   Zero   RW         4090    .bss                queue.o
    0x200000e0        -       0x000000c8   Zero   RW         4508    .bss                tasks.o
    0x200001a8        -       0x00000028   Zero   RW         4847    .bss                timers.o
    0x200001d0        -       0x00001800   Zero   RW         4998    .bss                heap_4.o
    0x200019d0        -       0x00000400   Zero   RW            1    STACK               startup_cw32f030.o


==============================================================================

Image component sizes


      Code (inc. data)   RO Data    RW Data    ZI Data      Debug   Object Name

        44         14          0          0          0       1694   cw32f030_adc.o
        36          8          0          0          0        980   cw32f030_atim.o
        26          0          0          0          0       1344   cw32f030_btim.o
       268          4          0          0          0       1444   cw32f030_gpio.o
       174          4          0          0          0       2911   cw32f030_gtim.o
        28          0          0          0          0         76   cw32f030_i2c.o
       488         94        100          0          0       5077   cw32f030_rcc.o
       228         28          0          9          0      10190   cw32f030_systick.o
       420         10          0          0          0       3175   cw32f030_uart.o
         0          0          0          0          0       2524   event_groups.o
       168         20          0          0          0        903   gpio.o
       648         66          0         28       6144       5326   heap_4.o
       306         28          0          2          0      14336   interrupts_cw32f030.o
       150          0          0          0          0       2954   list.o
       550        268          0         22          0      95255   main.o
       402         58          0          4          0       6583   port.o
      1010          4          0          0         64      11579   queue.o
        28          8        192          0       1024        632   startup_cw32f030.o
        76         14          0          4          0     136887   system_cw32f030.o
      2900        356          0         64        200      25568   tasks.o
        80         10          0          0          0        866   tim.o
       942        102          0         20         40      12576   timers.o
       336         24          0          0          0       1954   uart.o

    ----------------------------------------------------------------------
      9326       1120        324        156       7472     344834   Object Totals
         0          0         32          0          0          0   (incl. Generated)
        18          0          0          3          0          0   (incl. Padding)

    ----------------------------------------------------------------------

      Code (inc. data)   RO Data    RW Data    ZI Data      Debug   Library Member Name

         0          0          0          0          0          0   entry.o
         0          0          0          0          0          0   entry10a.o
         0          0          0          0          0          0   entry11a.o
         4          0          0          0          0          0   entry12b.o
         8          4          0          0          0          0   entry2.o
         4          0          0          0          0          0   entry5.o
         0          0          0          0          0          0   entry7b.o
         0          0          0          0          0          0   entry8b.o
         8          4          0          0          0          0   entry9a.o
        30          0          0          0          0          0   handlers.o
        36          8          0          0          0         68   init.o
         0          0          0          0          0          0   iusefp.o
        32          0          0          0          0         68   llshl.o
        38          0          0          0          0         68   llsshr.o
        34          0          0          0          0         68   llushr.o
        36          0          0          0          0         60   memcpya.o
        36          0          0          0          0        100   memseta.o
       368         12          0          0          0        168   printf1.o
         0          0          0          4          0          0   stdout.o
        44          0          0          0          0         72   uidiv.o
       360          6          0          0          0        140   dadd.o
       236          0          0          0          0        216   depilogue.o
        60         10          0          0          0         68   dfixui.o
        40          0          0          0          0         60   f2d.o
       178          0          0          0          0        108   fadd.o
       124          0          0          0          0         72   fdiv.o
       130          0          0          0          0        144   fepilogue.o
        40          0          0          0          0         60   ffixui.o
        14          0          0          0          0         68   ffltui.o
       122          0          0          0          0         72   fmul.o

    ----------------------------------------------------------------------
      1986         44          0          4          0       1680   Library Totals
         4          0          0          0          0          0   (incl. Padding)

    ----------------------------------------------------------------------

      Code (inc. data)   RO Data    RW Data    ZI Data      Debug   Library Name

       678         28          0          4          0        672   mc_p.l
      1304         16          0          0          0       1008   mf_p.l

    ----------------------------------------------------------------------
      1986         44          0          4          0       1680   Library Totals

    ----------------------------------------------------------------------

==============================================================================


      Code (inc. data)   RO Data    RW Data    ZI Data      Debug   

     11312       1164        324        160       7472     339618   Grand Totals
     11312       1164        324        160       7472     339618   ELF Image Totals
     11312       1164        324        160          0          0   ROM Totals

==============================================================================

    Total RO  Size (Code + RO Data)                11636 (  11.36kB)
    Total RW  Size (RW Data + ZI Data)              7632 (   7.45kB)
    Total ROM Size (Code + RO Data + RW Data)      11796 (  11.52kB)

==============================================================================

