Component: ARM Compiler 5.06 update 7 (build 960) Tool: armlink [4d3601]

==============================================================================

Image Symbol Table

    Local Symbols

    Symbol Name                              Value     Ov Type        Size  Object(Section)

    RESET                                    0x00000000   Section      192  startup_cw32f030.o(RESET)
    ../clib/microlib/division.c              0x00000000   Number         0  uldiv.o ABSOLUTE
    ../clib/microlib/division.c              0x00000000   Number         0  ldiv.o ABSOLUTE
    ../clib/microlib/division.c              0x00000000   Number         0  uidiv.o ABSOLUTE
    ../clib/microlib/init/entry.s            0x00000000   Number         0  entry9b.o ABSOLUTE
    ../clib/microlib/init/entry.s            0x00000000   Number         0  entry10b.o ABSOLUTE
    ../clib/microlib/init/entry.s            0x00000000   Number         0  entry12a.o ABSOLUTE
    ../clib/microlib/init/entry.s            0x00000000   Number         0  entry10a.o ABSOLUTE
    ../clib/microlib/init/entry.s            0x00000000   Number         0  entry8a.o ABSOLUTE
    ../clib/microlib/init/entry.s            0x00000000   Number         0  entry11a.o ABSOLUTE
    ../clib/microlib/init/entry.s            0x00000000   Number         0  entry11b.o ABSOLUTE
    ../clib/microlib/init/entry.s            0x00000000   Number         0  entry5.o ABSOLUTE
    ../clib/microlib/init/entry.s            0x00000000   Number         0  entry9a.o ABSOLUTE
    ../clib/microlib/init/entry.s            0x00000000   Number         0  entry8b.o ABSOLUTE
    ../clib/microlib/init/entry.s            0x00000000   Number         0  entry2.o ABSOLUTE
    ../clib/microlib/init/entry.s            0x00000000   Number         0  entry.o ABSOLUTE
    ../clib/microlib/init/entry.s            0x00000000   Number         0  entry7b.o ABSOLUTE
    ../clib/microlib/init/entry.s            0x00000000   Number         0  entry12b.o ABSOLUTE
    ../clib/microlib/init/entry.s            0x00000000   Number         0  entry7a.o ABSOLUTE
    ../clib/microlib/longlong.c              0x00000000   Number         0  llsshr.o ABSOLUTE
    ../clib/microlib/longlong.c              0x00000000   Number         0  llshl.o ABSOLUTE
    ../clib/microlib/longlong.c              0x00000000   Number         0  llushr.o ABSOLUTE
    ../clib/microlib/printf/printf.c         0x00000000   Number         0  printf1.o ABSOLUTE
    ../clib/microlib/printf/printf.c         0x00000000   Number         0  printf6.o ABSOLUTE
    ../clib/microlib/printf/printf.c         0x00000000   Number         0  printf3.o ABSOLUTE
    ../clib/microlib/printf/printf.c         0x00000000   Number         0  printf4.o ABSOLUTE
    ../clib/microlib/printf/printf.c         0x00000000   Number         0  printf7.o ABSOLUTE
    ../clib/microlib/printf/printf.c         0x00000000   Number         0  printf5.o ABSOLUTE
    ../clib/microlib/printf/printf.c         0x00000000   Number         0  printf8.o ABSOLUTE
    ../clib/microlib/printf/printf.c         0x00000000   Number         0  printfa.o ABSOLUTE
    ../clib/microlib/printf/printf.c         0x00000000   Number         0  printf2.o ABSOLUTE
    ../clib/microlib/printf/printf.c         0x00000000   Number         0  printfb.o ABSOLUTE
    ../clib/microlib/printf/printf.c         0x00000000   Number         0  printf0.o ABSOLUTE
    ../clib/microlib/printf/stubs.s          0x00000000   Number         0  stubs.o ABSOLUTE
    ../clib/microlib/stdio/streams.c         0x00000000   Number         0  stdout.o ABSOLUTE
    ../clib/microlib/string/memcpy.c         0x00000000   Number         0  memcpya.o ABSOLUTE
    ../clib/microlib/string/memcpy.c         0x00000000   Number         0  memcpyb.o ABSOLUTE
    ../clib/microlib/string/memset.c         0x00000000   Number         0  memseta.o ABSOLUTE
    ../clib/microlib/string/memset.c         0x00000000   Number         0  memset.o ABSOLUTE
    ../clib/microlib/stubs.s                 0x00000000   Number         0  iusefp.o ABSOLUTE
    ../fplib/microlib/f2d.c                  0x00000000   Number         0  f2d.o ABSOLUTE
    ../fplib/microlib/fpadd.c                0x00000000   Number         0  fadd.o ABSOLUTE
    ../fplib/microlib/fpadd.c                0x00000000   Number         0  dadd.o ABSOLUTE
    ../fplib/microlib/fpdiv.c                0x00000000   Number         0  ddiv.o ABSOLUTE
    ../fplib/microlib/fpdiv.c                0x00000000   Number         0  fdiv.o ABSOLUTE
    ../fplib/microlib/fpepilogue.c           0x00000000   Number         0  depilogue.o ABSOLUTE
    ../fplib/microlib/fpepilogue.c           0x00000000   Number         0  fepilogue.o ABSOLUTE
    ../fplib/microlib/fpfix.c                0x00000000   Number         0  dfixui.o ABSOLUTE
    ../fplib/microlib/fpfix.c                0x00000000   Number         0  dfixul.o ABSOLUTE
    ../fplib/microlib/fpfix.c                0x00000000   Number         0  ffixui.o ABSOLUTE
    ../fplib/microlib/fpflt.c                0x00000000   Number         0  ffltui.o ABSOLUTE
    ../fplib/microlib/fpflt.c                0x00000000   Number         0  fflti.o ABSOLUTE
    ../fplib/microlib/fpmul.c                0x00000000   Number         0  fmul.o ABSOLUTE
    ../fplib/microlib/fpmul.c                0x00000000   Number         0  dmul.o ABSOLUTE
    ..\FreeRTOS\Source\croutine.c            0x00000000   Number         0  croutine.o ABSOLUTE
    ..\FreeRTOS\Source\event_groups.c        0x00000000   Number         0  event_groups.o ABSOLUTE
    ..\FreeRTOS\Source\list.c                0x00000000   Number         0  list.o ABSOLUTE
    ..\FreeRTOS\Source\portable\MemMang\heap_4.c 0x00000000   Number         0  heap_4.o ABSOLUTE
    ..\FreeRTOS\Source\portable\RVDS\ARM_CM0\port.c 0x00000000   Number         0  port.o ABSOLUTE
    ..\FreeRTOS\Source\queue.c               0x00000000   Number         0  queue.o ABSOLUTE
    ..\FreeRTOS\Source\stream_buffer.c       0x00000000   Number         0  stream_buffer.o ABSOLUTE
    ..\FreeRTOS\Source\tasks.c               0x00000000   Number         0  tasks.o ABSOLUTE
    ..\FreeRTOS\Source\timers.c              0x00000000   Number         0  timers.o ABSOLUTE
    ..\IdeSupport\MDK\startup_cw32f030.s     0x00000000   Number         0  startup_cw32f030.o ABSOLUTE
    ..\Libraries\src\cw32f030_adc.c          0x00000000   Number         0  cw32f030_adc.o ABSOLUTE
    ..\Libraries\src\cw32f030_atim.c         0x00000000   Number         0  cw32f030_atim.o ABSOLUTE
    ..\Libraries\src\cw32f030_awt.c          0x00000000   Number         0  cw32f030_awt.o ABSOLUTE
    ..\Libraries\src\cw32f030_btim.c         0x00000000   Number         0  cw32f030_btim.o ABSOLUTE
    ..\Libraries\src\cw32f030_crc.c          0x00000000   Number         0  cw32f030_crc.o ABSOLUTE
    ..\Libraries\src\cw32f030_debug.c        0x00000000   Number         0  cw32f030_debug.o ABSOLUTE
    ..\Libraries\src\cw32f030_digitalsign.c  0x00000000   Number         0  cw32f030_digitalsign.o ABSOLUTE
    ..\Libraries\src\cw32f030_dma.c          0x00000000   Number         0  cw32f030_dma.o ABSOLUTE
    ..\Libraries\src\cw32f030_flash.c        0x00000000   Number         0  cw32f030_flash.o ABSOLUTE
    ..\Libraries\src\cw32f030_gpio.c         0x00000000   Number         0  cw32f030_gpio.o ABSOLUTE
    ..\Libraries\src\cw32f030_gtim.c         0x00000000   Number         0  cw32f030_gtim.o ABSOLUTE
    ..\Libraries\src\cw32f030_i2c.c          0x00000000   Number         0  cw32f030_i2c.o ABSOLUTE
    ..\Libraries\src\cw32f030_iwdt.c         0x00000000   Number         0  cw32f030_iwdt.o ABSOLUTE
    ..\Libraries\src\cw32f030_lvd.c          0x00000000   Number         0  cw32f030_lvd.o ABSOLUTE
    ..\Libraries\src\cw32f030_pwr.c          0x00000000   Number         0  cw32f030_pwr.o ABSOLUTE
    ..\Libraries\src\cw32f030_ram.c          0x00000000   Number         0  cw32f030_ram.o ABSOLUTE
    ..\Libraries\src\cw32f030_rcc.c          0x00000000   Number         0  cw32f030_rcc.o ABSOLUTE
    ..\Libraries\src\cw32f030_rtc.c          0x00000000   Number         0  cw32f030_rtc.o ABSOLUTE
    ..\Libraries\src\cw32f030_spi.c          0x00000000   Number         0  cw32f030_spi.o ABSOLUTE
    ..\Libraries\src\cw32f030_systick.c      0x00000000   Number         0  cw32f030_systick.o ABSOLUTE
    ..\Libraries\src\cw32f030_uart.c         0x00000000   Number         0  cw32f030_uart.o ABSOLUTE
    ..\Libraries\src\cw32f030_vc.c           0x00000000   Number         0  cw32f030_vc.o ABSOLUTE
    ..\Libraries\src\cw32f030_wwdt.c         0x00000000   Number         0  cw32f030_wwdt.o ABSOLUTE
    ..\Libraries\src\system_cw32f030.c       0x00000000   Number         0  system_cw32f030.o ABSOLUTE
    ..\PRV\delay.c                           0x00000000   Number         0  delay.o ABSOLUTE
    ..\PRV\sim_i2c.c                         0x00000000   Number         0  sim_i2c.o ABSOLUTE
    ..\USER\src\gpio.c                       0x00000000   Number         0  gpio.o ABSOLUTE
    ..\USER\src\interrupts_cw32f030.c        0x00000000   Number         0  interrupts_cw32f030.o ABSOLUTE
    ..\USER\src\main.c                       0x00000000   Number         0  main.o ABSOLUTE
    ..\USER\src\tim.c                        0x00000000   Number         0  tim.o ABSOLUTE
    ..\USER\src\uart.c                       0x00000000   Number         0  uart.o ABSOLUTE
    ..\\FreeRTOS\\Source\\croutine.c         0x00000000   Number         0  croutine.o ABSOLUTE
    ..\\FreeRTOS\\Source\\event_groups.c     0x00000000   Number         0  event_groups.o ABSOLUTE
    ..\\FreeRTOS\\Source\\list.c             0x00000000   Number         0  list.o ABSOLUTE
    ..\\FreeRTOS\\Source\\portable\\MemMang\\heap_4.c 0x00000000   Number         0  heap_4.o ABSOLUTE
    ..\\FreeRTOS\\Source\\portable\\RVDS\\ARM_CM0\\port.c 0x00000000   Number         0  port.o ABSOLUTE
    ..\\FreeRTOS\\Source\\queue.c            0x00000000   Number         0  queue.o ABSOLUTE
    ..\\FreeRTOS\\Source\\stream_buffer.c    0x00000000   Number         0  stream_buffer.o ABSOLUTE
    ..\\FreeRTOS\\Source\\tasks.c            0x00000000   Number         0  tasks.o ABSOLUTE
    ..\\FreeRTOS\\Source\\timers.c           0x00000000   Number         0  timers.o ABSOLUTE
    ..\\Libraries\\src\\cw32f030_adc.c       0x00000000   Number         0  cw32f030_adc.o ABSOLUTE
    ..\\Libraries\\src\\cw32f030_atim.c      0x00000000   Number         0  cw32f030_atim.o ABSOLUTE
    ..\\Libraries\\src\\cw32f030_awt.c       0x00000000   Number         0  cw32f030_awt.o ABSOLUTE
    ..\\Libraries\\src\\cw32f030_btim.c      0x00000000   Number         0  cw32f030_btim.o ABSOLUTE
    ..\\Libraries\\src\\cw32f030_crc.c       0x00000000   Number         0  cw32f030_crc.o ABSOLUTE
    ..\\Libraries\\src\\cw32f030_debug.c     0x00000000   Number         0  cw32f030_debug.o ABSOLUTE
    ..\\Libraries\\src\\cw32f030_digitalsign.c 0x00000000   Number         0  cw32f030_digitalsign.o ABSOLUTE
    ..\\Libraries\\src\\cw32f030_dma.c       0x00000000   Number         0  cw32f030_dma.o ABSOLUTE
    ..\\Libraries\\src\\cw32f030_flash.c     0x00000000   Number         0  cw32f030_flash.o ABSOLUTE
    ..\\Libraries\\src\\cw32f030_gpio.c      0x00000000   Number         0  cw32f030_gpio.o ABSOLUTE
    ..\\Libraries\\src\\cw32f030_gtim.c      0x00000000   Number         0  cw32f030_gtim.o ABSOLUTE
    ..\\Libraries\\src\\cw32f030_i2c.c       0x00000000   Number         0  cw32f030_i2c.o ABSOLUTE
    ..\\Libraries\\src\\cw32f030_iwdt.c      0x00000000   Number         0  cw32f030_iwdt.o ABSOLUTE
    ..\\Libraries\\src\\cw32f030_lvd.c       0x00000000   Number         0  cw32f030_lvd.o ABSOLUTE
    ..\\Libraries\\src\\cw32f030_pwr.c       0x00000000   Number         0  cw32f030_pwr.o ABSOLUTE
    ..\\Libraries\\src\\cw32f030_ram.c       0x00000000   Number         0  cw32f030_ram.o ABSOLUTE
    ..\\Libraries\\src\\cw32f030_rcc.c       0x00000000   Number         0  cw32f030_rcc.o ABSOLUTE
    ..\\Libraries\\src\\cw32f030_rtc.c       0x00000000   Number         0  cw32f030_rtc.o ABSOLUTE
    ..\\Libraries\\src\\cw32f030_spi.c       0x00000000   Number         0  cw32f030_spi.o ABSOLUTE
    ..\\Libraries\\src\\cw32f030_systick.c   0x00000000   Number         0  cw32f030_systick.o ABSOLUTE
    ..\\Libraries\\src\\cw32f030_uart.c      0x00000000   Number         0  cw32f030_uart.o ABSOLUTE
    ..\\Libraries\\src\\cw32f030_vc.c        0x00000000   Number         0  cw32f030_vc.o ABSOLUTE
    ..\\Libraries\\src\\cw32f030_wwdt.c      0x00000000   Number         0  cw32f030_wwdt.o ABSOLUTE
    ..\\Libraries\\src\\system_cw32f030.c    0x00000000   Number         0  system_cw32f030.o ABSOLUTE
    ..\\PRV\\delay.c                         0x00000000   Number         0  delay.o ABSOLUTE
    ..\\PRV\\sim_i2c.c                       0x00000000   Number         0  sim_i2c.o ABSOLUTE
    ..\\USER\\src\\gpio.c                    0x00000000   Number         0  gpio.o ABSOLUTE
    ..\\USER\\src\\interrupts_cw32f030.c     0x00000000   Number         0  interrupts_cw32f030.o ABSOLUTE
    ..\\USER\\src\\main.c                    0x00000000   Number         0  main.o ABSOLUTE
    ..\\USER\\src\\tim.c                     0x00000000   Number         0  tim.o ABSOLUTE
    ..\\USER\\src\\uart.c                    0x00000000   Number         0  uart.o ABSOLUTE
    cdrcmple.s                               0x00000000   Number         0  cdrcmple.o ABSOLUTE
    dc.s                                     0x00000000   Number         0  dc.o ABSOLUTE
    handlers.s                               0x00000000   Number         0  handlers.o ABSOLUTE
    init.s                                   0x00000000   Number         0  init.o ABSOLUTE
    .ARM.Collect$$$$00000000                 0x000000c0   Section        0  entry.o(.ARM.Collect$$$$00000000)
    .ARM.Collect$$$$00000001                 0x000000c0   Section        4  entry2.o(.ARM.Collect$$$$00000001)
    .ARM.Collect$$$$00000004                 0x000000c4   Section        4  entry5.o(.ARM.Collect$$$$00000004)
    .ARM.Collect$$$$00000008                 0x000000c8   Section        0  entry7b.o(.ARM.Collect$$$$00000008)
    .ARM.Collect$$$$0000000A                 0x000000c8   Section        0  entry8b.o(.ARM.Collect$$$$0000000A)
    .ARM.Collect$$$$0000000B                 0x000000c8   Section        8  entry9a.o(.ARM.Collect$$$$0000000B)
    .ARM.Collect$$$$0000000E                 0x000000d0   Section        4  entry12b.o(.ARM.Collect$$$$0000000E)
    .ARM.Collect$$$$0000000F                 0x000000d4   Section        0  entry10a.o(.ARM.Collect$$$$0000000F)
    .ARM.Collect$$$$00000011                 0x000000d4   Section        0  entry11a.o(.ARM.Collect$$$$00000011)
    .ARM.Collect$$$$00002712                 0x000000d4   Section        4  entry2.o(.ARM.Collect$$$$00002712)
    __lit__00000000                          0x000000d4   Data           4  entry2.o(.ARM.Collect$$$$00002712)
    .emb_text                                0x000000d8   Section      120  port.o(.emb_text)
    .text                                    0x00000150   Section       28  startup_cw32f030.o(.text)
    .text                                    0x0000016c   Section        0  uidiv.o(.text)
    .text                                    0x00000198   Section        0  memcpya.o(.text)
    .text                                    0x000001bc   Section        0  memseta.o(.text)
    .text                                    0x000001e0   Section        0  fadd.o(.text)
    .text                                    0x00000292   Section        0  fmul.o(.text)
    .text                                    0x0000030c   Section        0  fdiv.o(.text)
    .text                                    0x00000388   Section        0  dadd.o(.text)
    .text                                    0x000004f0   Section        0  ffltui.o(.text)
    .text                                    0x000004fe   Section        0  ffixui.o(.text)
    .text                                    0x00000528   Section        0  dfixui.o(.text)
    .text                                    0x00000564   Section        0  f2d.o(.text)
    .text                                    0x0000058c   Section        0  llshl.o(.text)
    .text                                    0x000005ac   Section        0  llushr.o(.text)
    .text                                    0x000005ce   Section        0  llsshr.o(.text)
    .text                                    0x000005f4   Section        0  iusefp.o(.text)
    .text                                    0x000005f4   Section        0  fepilogue.o(.text)
    .text                                    0x00000676   Section        0  depilogue.o(.text)
    .text                                    0x00000734   Section       36  init.o(.text)
    RAMCODE                                  0x00000758   Section        0  cw32f030_btim.o(RAMCODE)
    i.ADC_ClearITPendingAll                  0x00000760   Section        0  cw32f030_adc.o(i.ADC_ClearITPendingAll)
    i.ADC_GetConversionValue                 0x00000774   Section        0  cw32f030_adc.o(i.ADC_GetConversionValue)
    i.ADC_GetITStatusAll                     0x00000780   Section        0  cw32f030_adc.o(i.ADC_GetITStatusAll)
    i.ADC_IRQHandler                         0x0000078c   Section        0  interrupts_cw32f030.o(i.ADC_IRQHandler)
    i.ATIM_ClearITPendingBit                 0x000007b4   Section        0  cw32f030_atim.o(i.ATIM_ClearITPendingBit)
    i.ATIM_GetITStatus                       0x000007c0   Section        0  cw32f030_atim.o(i.ATIM_GetITStatus)
    i.ATIM_IRQHandler                        0x000007d8   Section        0  interrupts_cw32f030.o(i.ATIM_IRQHandler)
    i.AWT_IRQHandler                         0x000007f0   Section        0  interrupts_cw32f030.o(i.AWT_IRQHandler)
    i.AppTaskCreate                          0x000007f4   Section        0  main.o(i.AppTaskCreate)
    AppTaskCreate                            0x000007f5   Thumb Code   174  main.o(i.AppTaskCreate)
    i.BTIM1_IRQHandler                       0x00000998   Section        0  interrupts_cw32f030.o(i.BTIM1_IRQHandler)
    i.BTIM2_IRQHandler                       0x000009b4   Section        0  interrupts_cw32f030.o(i.BTIM2_IRQHandler)
    i.BTIM3_IRQHandler                       0x000009d0   Section        0  interrupts_cw32f030.o(i.BTIM3_IRQHandler)
    i.BTIM_GetITStatus                       0x000009d2   Section        0  cw32f030_btim.o(i.BTIM_GetITStatus)
    i.DMACH1_IRQHandler                      0x000009e4   Section        0  interrupts_cw32f030.o(i.DMACH1_IRQHandler)
    i.DMACH23_IRQHandler                     0x000009e6   Section        0  interrupts_cw32f030.o(i.DMACH23_IRQHandler)
    i.DMACH45_IRQHandler                     0x000009e8   Section        0  interrupts_cw32f030.o(i.DMACH45_IRQHandler)
    i.FAULT_IRQHandler                       0x000009ea   Section        0  interrupts_cw32f030.o(i.FAULT_IRQHandler)
    i.FLASHRAM_IRQHandler                    0x000009ec   Section        0  interrupts_cw32f030.o(i.FLASHRAM_IRQHandler)
    i.GPIOA_IRQHandler                       0x000009ee   Section        0  interrupts_cw32f030.o(i.GPIOA_IRQHandler)
    i.GPIOB_IRQHandler                       0x000009f0   Section        0  interrupts_cw32f030.o(i.GPIOB_IRQHandler)
    i.GPIOC_IRQHandler                       0x000009f2   Section        0  interrupts_cw32f030.o(i.GPIOC_IRQHandler)
    i.GPIOF_IRQHandler                       0x000009f4   Section        0  interrupts_cw32f030.o(i.GPIOF_IRQHandler)
    i.GPIO_Configuration                     0x000009f8   Section        0  uart.o(i.GPIO_Configuration)
    i.GPIO_Init                              0x00000ab4   Section        0  cw32f030_gpio.o(i.GPIO_Init)
    i.GPIO_WritePin                          0x00000bb4   Section        0  cw32f030_gpio.o(i.GPIO_WritePin)
    i.GTIM1_IRQHandler                       0x00000bc0   Section        0  interrupts_cw32f030.o(i.GTIM1_IRQHandler)
    i.GTIM2_IRQHandler                       0x00000bc4   Section        0  interrupts_cw32f030.o(i.GTIM2_IRQHandler)
    i.GTIM3_IRQHandler                       0x00000be0   Section        0  interrupts_cw32f030.o(i.GTIM3_IRQHandler)
    i.GTIM3xx_Init                           0x00000bfc   Section        0  tim.o(i.GTIM3xx_Init)
    i.GTIM4_IRQHandler                       0x00000c44   Section        0  interrupts_cw32f030.o(i.GTIM4_IRQHandler)
    i.GTIM_ClearITPendingBit                 0x00000c46   Section        0  cw32f030_gtim.o(i.GTIM_ClearITPendingBit)
    i.GTIM_Cmd                               0x00000c52   Section        0  cw32f030_gtim.o(i.GTIM_Cmd)
    i.GTIM_GetITStatus                       0x00000c6e   Section        0  cw32f030_gtim.o(i.GTIM_GetITStatus)
    i.GTIM_ITConfig                          0x00000c86   Section        0  cw32f030_gtim.o(i.GTIM_ITConfig)
    i.GTIM_TimeBaseInit                      0x00000cb4   Section        0  cw32f030_gtim.o(i.GTIM_TimeBaseInit)
    i.HardFault_Handler                      0x00000cf4   Section        0  interrupts_cw32f030.o(i.HardFault_Handler)
    i.I2C1_IRQHandler                        0x00000cf8   Section        0  interrupts_cw32f030.o(i.I2C1_IRQHandler)
    i.I2C2_IRQHandler                        0x00000cfa   Section        0  interrupts_cw32f030.o(i.I2C2_IRQHandler)
    i.InitTick                               0x00000cfc   Section        0  cw32f030_systick.o(i.InitTick)
    i.LVD_IRQHandler                         0x00000d68   Section        0  interrupts_cw32f030.o(i.LVD_IRQHandler)
    i.NMI_Handler                            0x00000d6a   Section        0  interrupts_cw32f030.o(i.NMI_Handler)
    i.RCC_AHBPeriphClk_Enable                0x00000d6c   Section        0  cw32f030_rcc.o(i.RCC_AHBPeriphClk_Enable)
    i.RCC_APBPeriphClk_Enable1               0x00000d8c   Section        0  cw32f030_rcc.o(i.RCC_APBPeriphClk_Enable1)
    i.RCC_APBPeriphClk_Enable2               0x00000dac   Section        0  cw32f030_rcc.o(i.RCC_APBPeriphClk_Enable2)
    i.RCC_Config                             0x00000dcc   Section        0  main.o(i.RCC_Config)
    i.RCC_HCLKPRS_Config                     0x00000dfc   Section        0  cw32f030_rcc.o(i.RCC_HCLKPRS_Config)
    i.RCC_HSI_Enable                         0x00000e1c   Section        0  cw32f030_rcc.o(i.RCC_HSI_Enable)
    i.RCC_IRQHandler                         0x00000e50   Section        0  interrupts_cw32f030.o(i.RCC_IRQHandler)
    i.RCC_PCLKPRS_Config                     0x00000e54   Section        0  cw32f030_rcc.o(i.RCC_PCLKPRS_Config)
    i.RCC_SYSCLKSRC_Config                   0x00000e74   Section        0  cw32f030_rcc.o(i.RCC_SYSCLKSRC_Config)
    i.RCC_Sysctrl_GetHClkFreq                0x00000ea4   Section        0  cw32f030_rcc.o(i.RCC_Sysctrl_GetHClkFreq)
    i.RCC_SystemCoreClockUpdate              0x00000f7c   Section        0  cw32f030_rcc.o(i.RCC_SystemCoreClockUpdate)
    i.RTC_IRQHandler                         0x00000f88   Section        0  interrupts_cw32f030.o(i.RTC_IRQHandler)
    i.ReceiverTask                           0x00000f8c   Section        0  main.o(i.ReceiverTask)
    i.SPI1_IRQHandler                        0x00000fc4   Section        0  interrupts_cw32f030.o(i.SPI1_IRQHandler)
    i.SPI2_IRQHandler                        0x00000fc6   Section        0  interrupts_cw32f030.o(i.SPI2_IRQHandler)
    i.SVC_Handler                            0x00000fc8   Section        0  port.o(i.SVC_Handler)
    i.SenderTask                             0x00000fcc   Section        0  main.o(i.SenderTask)
    i.SysTick_Handler                        0x00000ff4   Section        0  port.o(i.SysTick_Handler)
    i.SystemCoreClockUpdate                  0x00001018   Section        0  system_cw32f030.o(i.SystemCoreClockUpdate)
    i.SystemInit                             0x00001028   Section        0  system_cw32f030.o(i.SystemInit)
    i.TIM_Init                               0x00001064   Section        0  tim.o(i.TIM_Init)
    i.UART1_IRQHandler                       0x0000106c   Section        0  interrupts_cw32f030.o(i.UART1_IRQHandler)
    i.UART2_IRQHandler                       0x0000109c   Section        0  interrupts_cw32f030.o(i.UART2_IRQHandler)
    i.UART3_IRQHandler                       0x000010b8   Section        0  interrupts_cw32f030.o(i.UART3_IRQHandler)
    i.UART_Configuration                     0x000010bc   Section        0  uart.o(i.UART_Configuration)
    i.UART_Init                              0x00001120   Section        0  uart.o(i.UART_Init)
    i.USART_ClearITPendingBit                0x0000112c   Section        0  cw32f030_uart.o(i.USART_ClearITPendingBit)
    i.USART_GetFlagStatus                    0x00001134   Section        0  cw32f030_uart.o(i.USART_GetFlagStatus)
    i.USART_GetITStatus                      0x00001146   Section        0  cw32f030_uart.o(i.USART_GetITStatus)
    i.USART_Init                             0x00001158   Section        0  cw32f030_uart.o(i.USART_Init)
    i.USART_SendData_8bit                    0x000012cc   Section        0  cw32f030_uart.o(i.USART_SendData_8bit)
    i.VC1_IRQHandler                         0x000012d0   Section        0  interrupts_cw32f030.o(i.VC1_IRQHandler)
    i.VC2_IRQHandler                         0x000012d2   Section        0  interrupts_cw32f030.o(i.VC2_IRQHandler)
    i.WDT_IRQHandler                         0x000012d4   Section        0  interrupts_cw32f030.o(i.WDT_IRQHandler)
    i.__0printf$1                            0x000012d8   Section        0  printf1.o(i.__0printf$1)
    i.__ARM_clz                              0x000012f8   Section        0  depilogue.o(i.__ARM_clz)
    i.__ARM_common_switch8                   0x00001326   Section        0  cw32f030_i2c.o(i.__ARM_common_switch8)
    i.__NVIC_SetPriority                     0x00001344   Section        0  cw32f030_systick.o(i.__NVIC_SetPriority)
    __NVIC_SetPriority                       0x00001345   Thumb Code   110  cw32f030_systick.o(i.__NVIC_SetPriority)
    i.__scatterload_copy                     0x000013bc   Section       14  handlers.o(i.__scatterload_copy)
    i.__scatterload_null                     0x000013ca   Section        2  handlers.o(i.__scatterload_null)
    i.__scatterload_zeroinit                 0x000013cc   Section       14  handlers.o(i.__scatterload_zeroinit)
    i._printf_core                           0x000013dc   Section        0  printf1.o(i._printf_core)
    _printf_core                             0x000013dd   Thumb Code   332  printf1.o(i._printf_core)
    i.fputc                                  0x0000152c   Section        0  uart.o(i.fputc)
    i.gpio_init                              0x00001550   Section        0  gpio.o(i.gpio_init)
    i.i2c_init                               0x00001584   Section        0  gpio.o(i.i2c_init)
    i.main                                   0x000015f8   Section        0  main.o(i.main)
    i.prvAddCurrentTaskToDelayedList         0x00001678   Section        0  tasks.o(i.prvAddCurrentTaskToDelayedList)
    prvAddCurrentTaskToDelayedList           0x00001679   Thumb Code   140  tasks.o(i.prvAddCurrentTaskToDelayedList)
    i.prvAddNewTaskToReadyList               0x0000171c   Section        0  tasks.o(i.prvAddNewTaskToReadyList)
    prvAddNewTaskToReadyList                 0x0000171d   Thumb Code   190  tasks.o(i.prvAddNewTaskToReadyList)
    i.prvCheckForValidListAndQueue           0x000017f4   Section        0  timers.o(i.prvCheckForValidListAndQueue)
    prvCheckForValidListAndQueue             0x000017f5   Thumb Code    76  timers.o(i.prvCheckForValidListAndQueue)
    i.prvCheckTasksWaitingTermination        0x0000185c   Section        0  tasks.o(i.prvCheckTasksWaitingTermination)
    prvCheckTasksWaitingTermination          0x0000185d   Thumb Code    60  tasks.o(i.prvCheckTasksWaitingTermination)
    i.prvCopyDataFromQueue                   0x000018a4   Section        0  queue.o(i.prvCopyDataFromQueue)
    prvCopyDataFromQueue                     0x000018a5   Thumb Code    44  queue.o(i.prvCopyDataFromQueue)
    i.prvCopyDataToQueue                     0x000018d0   Section        0  queue.o(i.prvCopyDataToQueue)
    prvCopyDataToQueue                       0x000018d1   Thumb Code   128  queue.o(i.prvCopyDataToQueue)
    i.prvDeleteTCB                           0x00001950   Section        0  tasks.o(i.prvDeleteTCB)
    prvDeleteTCB                             0x00001951   Thumb Code    18  tasks.o(i.prvDeleteTCB)
    i.prvGetNextExpireTime                   0x00001964   Section        0  timers.o(i.prvGetNextExpireTime)
    prvGetNextExpireTime                     0x00001965   Thumb Code    40  timers.o(i.prvGetNextExpireTime)
    i.prvHeapInit                            0x00001990   Section        0  heap_4.o(i.prvHeapInit)
    prvHeapInit                              0x00001991   Thumb Code    92  heap_4.o(i.prvHeapInit)
    i.prvIdleTask                            0x00001a00   Section        0  tasks.o(i.prvIdleTask)
    prvIdleTask                              0x00001a01   Thumb Code    24  tasks.o(i.prvIdleTask)
    i.prvInitialiseNewQueue                  0x00001a1c   Section        0  queue.o(i.prvInitialiseNewQueue)
    prvInitialiseNewQueue                    0x00001a1d   Thumb Code    44  queue.o(i.prvInitialiseNewQueue)
    i.prvInitialiseNewTask                   0x00001a48   Section        0  tasks.o(i.prvInitialiseNewTask)
    prvInitialiseNewTask                     0x00001a49   Thumb Code   186  tasks.o(i.prvInitialiseNewTask)
    i.prvInitialiseTaskLists                 0x00001b04   Section        0  tasks.o(i.prvInitialiseTaskLists)
    prvInitialiseTaskLists                   0x00001b05   Thumb Code    68  tasks.o(i.prvInitialiseTaskLists)
    i.prvInsertBlockIntoFreeList             0x00001b68   Section        0  heap_4.o(i.prvInsertBlockIntoFreeList)
    prvInsertBlockIntoFreeList               0x00001b69   Thumb Code    96  heap_4.o(i.prvInsertBlockIntoFreeList)
    i.prvInsertTimerInActiveList             0x00001bd0   Section        0  timers.o(i.prvInsertTimerInActiveList)
    prvInsertTimerInActiveList               0x00001bd1   Thumb Code    76  timers.o(i.prvInsertTimerInActiveList)
    i.prvIsQueueEmpty                        0x00001c24   Section        0  queue.o(i.prvIsQueueEmpty)
    prvIsQueueEmpty                          0x00001c25   Thumb Code    28  queue.o(i.prvIsQueueEmpty)
    i.prvIsQueueFull                         0x00001c40   Section        0  queue.o(i.prvIsQueueFull)
    prvIsQueueFull                           0x00001c41   Thumb Code    30  queue.o(i.prvIsQueueFull)
    i.prvProcessExpiredTimer                 0x00001c60   Section        0  timers.o(i.prvProcessExpiredTimer)
    prvProcessExpiredTimer                   0x00001c61   Thumb Code    64  timers.o(i.prvProcessExpiredTimer)
    i.prvProcessReceivedCommands             0x00001ca4   Section        0  timers.o(i.prvProcessReceivedCommands)
    prvProcessReceivedCommands               0x00001ca5   Thumb Code   278  timers.o(i.prvProcessReceivedCommands)
    i.prvProcessTimerOrBlockTask             0x00001dc0   Section        0  timers.o(i.prvProcessTimerOrBlockTask)
    prvProcessTimerOrBlockTask               0x00001dc1   Thumb Code   100  timers.o(i.prvProcessTimerOrBlockTask)
    i.prvReloadTimer                         0x00001e2c   Section        0  timers.o(i.prvReloadTimer)
    prvReloadTimer                           0x00001e2d   Thumb Code    40  timers.o(i.prvReloadTimer)
    i.prvResetNextTaskUnblockTime            0x00001e54   Section        0  tasks.o(i.prvResetNextTaskUnblockTime)
    prvResetNextTaskUnblockTime              0x00001e55   Thumb Code    44  tasks.o(i.prvResetNextTaskUnblockTime)
    i.prvSampleTimeNow                       0x00001e88   Section        0  timers.o(i.prvSampleTimeNow)
    prvSampleTimeNow                         0x00001e89   Thumb Code    40  timers.o(i.prvSampleTimeNow)
    i.prvSwitchTimerLists                    0x00001eb4   Section        0  timers.o(i.prvSwitchTimerLists)
    prvSwitchTimerLists                      0x00001eb5   Thumb Code    60  timers.o(i.prvSwitchTimerLists)
    i.prvTaskExitError                       0x00001ef8   Section        0  port.o(i.prvTaskExitError)
    prvTaskExitError                         0x00001ef9   Thumb Code    32  port.o(i.prvTaskExitError)
    i.prvTimerTask                           0x00001f1c   Section        0  timers.o(i.prvTimerTask)
    prvTimerTask                             0x00001f1d   Thumb Code    26  timers.o(i.prvTimerTask)
    i.prvUnlockQueue                         0x00001f36   Section        0  queue.o(i.prvUnlockQueue)
    prvUnlockQueue                           0x00001f37   Thumb Code   142  queue.o(i.prvUnlockQueue)
    i.pvPortMalloc                           0x00001fc4   Section        0  heap_4.o(i.pvPortMalloc)
    i.pxPortInitialiseStack                  0x000020f0   Section        0  port.o(i.pxPortInitialiseStack)
    i.testTask1                              0x00002110   Section        0  main.o(i.testTask1)
    i.uxListRemove                           0x00002178   Section        0  list.o(i.uxListRemove)
    i.vApplicationIdleHook                   0x000021a0   Section        0  main.o(i.vApplicationIdleHook)
    i.vApplicationMallocFailedHook           0x000021ac   Section        0  main.o(i.vApplicationMallocFailedHook)
    i.vApplicationStackOverflowHook          0x000021b2   Section        0  main.o(i.vApplicationStackOverflowHook)
    i.vListInitialise                        0x000021b8   Section        0  list.o(i.vListInitialise)
    i.vListInitialiseItem                    0x000021d2   Section        0  list.o(i.vListInitialiseItem)
    i.vListInsert                            0x000021d8   Section        0  list.o(i.vListInsert)
    i.vListInsertEnd                         0x0000220e   Section        0  list.o(i.vListInsertEnd)
    i.vPortEnterCritical                     0x00002228   Section        0  port.o(i.vPortEnterCritical)
    i.vPortExitCritical                      0x00002244   Section        0  port.o(i.vPortExitCritical)
    i.vPortFree                              0x0000226c   Section        0  heap_4.o(i.vPortFree)
    i.vPortSetupTimerInterrupt               0x000022e4   Section        0  port.o(i.vPortSetupTimerInterrupt)
    i.vPortYield                             0x00002300   Section        0  port.o(i.vPortYield)
    i.vQueueAddToRegistry                    0x00002318   Section        0  queue.o(i.vQueueAddToRegistry)
    i.vQueueWaitForMessageRestricted         0x0000236c   Section        0  queue.o(i.vQueueWaitForMessageRestricted)
    i.vTaskDelay                             0x000023b8   Section        0  tasks.o(i.vTaskDelay)
    i.vTaskDelete                            0x000023fc   Section        0  tasks.o(i.vTaskDelete)
    i.vTaskInternalSetTimeOutState           0x000024b8   Section        0  tasks.o(i.vTaskInternalSetTimeOutState)
    i.vTaskMissedYield                       0x000024d0   Section        0  tasks.o(i.vTaskMissedYield)
    i.vTaskPlaceOnEventList                  0x000024dc   Section        0  tasks.o(i.vTaskPlaceOnEventList)
    i.vTaskPlaceOnEventListRestricted        0x00002508   Section        0  tasks.o(i.vTaskPlaceOnEventListRestricted)
    i.vTaskStartScheduler                    0x00002560   Section        0  tasks.o(i.vTaskStartScheduler)
    i.vTaskSuspendAll                        0x000025e0   Section        0  tasks.o(i.vTaskSuspendAll)
    i.vTaskSwitchContext                     0x000025f0   Section        0  tasks.o(i.vTaskSwitchContext)
    i.xPortGetFreeHeapSize                   0x000026a4   Section        0  heap_4.o(i.xPortGetFreeHeapSize)
    i.xPortStartScheduler                    0x000026b0   Section        0  port.o(i.xPortStartScheduler)
    i.xQueueGenericCreate                    0x000026e8   Section        0  queue.o(i.xQueueGenericCreate)
    i.xQueueGenericReset                     0x0000274a   Section        0  queue.o(i.xQueueGenericReset)
    i.xQueueGenericSend                      0x00002800   Section        0  queue.o(i.xQueueGenericSend)
    i.xQueueReceive                          0x0000295a   Section        0  queue.o(i.xQueueReceive)
    i.xTaskCheckForTimeOut                   0x00002a94   Section        0  tasks.o(i.xTaskCheckForTimeOut)
    i.xTaskCreate                            0x00002b0c   Section        0  tasks.o(i.xTaskCreate)
    i.xTaskGetSchedulerState                 0x00002b70   Section        0  tasks.o(i.xTaskGetSchedulerState)
    i.xTaskGetTickCount                      0x00002b94   Section        0  tasks.o(i.xTaskGetTickCount)
    i.xTaskIncrementTick                     0x00002ba0   Section        0  tasks.o(i.xTaskIncrementTick)
    i.xTaskPriorityDisinherit                0x00002d48   Section        0  tasks.o(i.xTaskPriorityDisinherit)
    i.xTaskRemoveFromEventList               0x00002dfc   Section        0  tasks.o(i.xTaskRemoveFromEventList)
    i.xTaskResumeAll                         0x00002f04   Section        0  tasks.o(i.xTaskResumeAll)
    i.xTimerCreateTimerTask                  0x00003060   Section        0  timers.o(i.xTimerCreateTimerTask)
    .constdata                               0x000030a8   Section      100  cw32f030_rcc.o(.constdata)
    .data                                    0x20000000   Section        4  system_cw32f030.o(.data)
    .data                                    0x20000004   Section       34  main.o(.data)
    AppTaskCreate_Handle                     0x20000008   Data           4  main.o(.data)
    .data                                    0x20000026   Section        2  interrupts_cw32f030.o(.data)
    .data                                    0x20000028   Section        9  cw32f030_systick.o(.data)
    .data                                    0x20000034   Section       64  tasks.o(.data)
    pxDelayedTaskList                        0x20000038   Data           4  tasks.o(.data)
    pxOverflowDelayedTaskList                0x2000003c   Data           4  tasks.o(.data)
    uxDeletedTasksWaitingCleanUp             0x20000040   Data           4  tasks.o(.data)
    uxCurrentNumberOfTasks                   0x20000044   Data           4  tasks.o(.data)
    xTickCount                               0x20000048   Data           4  tasks.o(.data)
    uxTopReadyPriority                       0x2000004c   Data           4  tasks.o(.data)
    xSchedulerRunning                        0x20000050   Data           4  tasks.o(.data)
    xPendedTicks                             0x20000054   Data           4  tasks.o(.data)
    xYieldPending                            0x20000058   Data           4  tasks.o(.data)
    xNumOfOverflows                          0x2000005c   Data           4  tasks.o(.data)
    uxTaskNumber                             0x20000060   Data           4  tasks.o(.data)
    xNextTaskUnblockTime                     0x20000064   Data           4  tasks.o(.data)
    xIdleTaskHandle                          0x20000068   Data           4  tasks.o(.data)
    uxSchedulerSuspended                     0x20000070   Data           4  tasks.o(.data)
    .data                                    0x20000074   Section       20  timers.o(.data)
    pxCurrentTimerList                       0x20000074   Data           4  timers.o(.data)
    pxOverflowTimerList                      0x20000078   Data           4  timers.o(.data)
    xTimerQueue                              0x2000007c   Data           4  timers.o(.data)
    xTimerTaskHandle                         0x20000080   Data           4  timers.o(.data)
    xLastTime                                0x20000084   Data           4  timers.o(.data)
    .data                                    0x20000088   Section       28  heap_4.o(.data)
    xStart                                   0x20000088   Data           8  heap_4.o(.data)
    pxEnd                                    0x20000090   Data           4  heap_4.o(.data)
    xFreeBytesRemaining                      0x20000094   Data           4  heap_4.o(.data)
    xMinimumEverFreeBytesRemaining           0x20000098   Data           4  heap_4.o(.data)
    xNumberOfSuccessfulAllocations           0x2000009c   Data           4  heap_4.o(.data)
    xNumberOfSuccessfulFrees                 0x200000a0   Data           4  heap_4.o(.data)
    .data                                    0x200000a4   Section        4  port.o(.data)
    uxCriticalNesting                        0x200000a4   Data           4  port.o(.data)
    .data                                    0x200000a8   Section        4  stdout.o(.data)
    .bss                                     0x200000ac   Section       64  queue.o(.bss)
    .bss                                     0x200000ec   Section      200  tasks.o(.bss)
    pxReadyTasksLists                        0x200000ec   Data         100  tasks.o(.bss)
    xDelayedTaskList1                        0x20000150   Data          20  tasks.o(.bss)
    xDelayedTaskList2                        0x20000164   Data          20  tasks.o(.bss)
    xPendingReadyList                        0x20000178   Data          20  tasks.o(.bss)
    xTasksWaitingTermination                 0x2000018c   Data          20  tasks.o(.bss)
    xSuspendedTaskList                       0x200001a0   Data          20  tasks.o(.bss)
    .bss                                     0x200001b4   Section       40  timers.o(.bss)
    xActiveTimerList1                        0x200001b4   Data          20  timers.o(.bss)
    xActiveTimerList2                        0x200001c8   Data          20  timers.o(.bss)
    .bss                                     0x200001dc   Section     6144  heap_4.o(.bss)
    ucHeap                                   0x200001dc   Data        6144  heap_4.o(.bss)
    STACK                                    0x200019e0   Section     1024  startup_cw32f030.o(STACK)

    Global Symbols

    Symbol Name                              Value     Ov Type        Size  Object(Section)

    BuildAttributes$$THM_ISAv3M$S$PE$A:L22$X:L11$S22$IEEE1$IW$USESV6$~STKCKD$USESV7$~SHL$OTIME$ROPI$EBA8$MICROLIB$REQ8$PRES8$EABIv2 0x00000000   Number         0  anon$$obj.o ABSOLUTE
    __ARM_use_no_argv                        0x00000000   Number         0  main.o ABSOLUTE
    __Vectors                                0x00000000   Data           0  startup_cw32f030.o(RESET)
    _printf_a                                0x00000000   Number         0  stubs.o ABSOLUTE
    _printf_c                                0x00000000   Number         0  stubs.o ABSOLUTE
    _printf_charcount                        0x00000000   Number         0  stubs.o ABSOLUTE
    _printf_d                                0x00000000   Number         0  stubs.o ABSOLUTE
    _printf_e                                0x00000000   Number         0  stubs.o ABSOLUTE
    _printf_f                                0x00000000   Number         0  stubs.o ABSOLUTE
    _printf_flags                            0x00000000   Number         0  stubs.o ABSOLUTE
    _printf_fp_dec                           0x00000000   Number         0  stubs.o ABSOLUTE
    _printf_fp_hex                           0x00000000   Number         0  stubs.o ABSOLUTE
    _printf_g                                0x00000000   Number         0  stubs.o ABSOLUTE
    _printf_i                                0x00000000   Number         0  stubs.o ABSOLUTE
    _printf_int_dec                          0x00000000   Number         0  stubs.o ABSOLUTE
    _printf_l                                0x00000000   Number         0  stubs.o ABSOLUTE
    _printf_lc                               0x00000000   Number         0  stubs.o ABSOLUTE
    _printf_ll                               0x00000000   Number         0  stubs.o ABSOLUTE
    _printf_lld                              0x00000000   Number         0  stubs.o ABSOLUTE
    _printf_lli                              0x00000000   Number         0  stubs.o ABSOLUTE
    _printf_llo                              0x00000000   Number         0  stubs.o ABSOLUTE
    _printf_llu                              0x00000000   Number         0  stubs.o ABSOLUTE
    _printf_llx                              0x00000000   Number         0  stubs.o ABSOLUTE
    _printf_longlong_dec                     0x00000000   Number         0  stubs.o ABSOLUTE
    _printf_longlong_hex                     0x00000000   Number         0  stubs.o ABSOLUTE
    _printf_longlong_oct                     0x00000000   Number         0  stubs.o ABSOLUTE
    _printf_ls                               0x00000000   Number         0  stubs.o ABSOLUTE
    _printf_mbtowc                           0x00000000   Number         0  stubs.o ABSOLUTE
    _printf_n                                0x00000000   Number         0  stubs.o ABSOLUTE
    _printf_o                                0x00000000   Number         0  stubs.o ABSOLUTE
    _printf_p                                0x00000000   Number         0  stubs.o ABSOLUTE
    _printf_percent                          0x00000000   Number         0  stubs.o ABSOLUTE
    _printf_pre_padding                      0x00000000   Number         0  stubs.o ABSOLUTE
    _printf_return_value                     0x00000000   Number         0  stubs.o ABSOLUTE
    _printf_s                                0x00000000   Number         0  stubs.o ABSOLUTE
    _printf_sizespec                         0x00000000   Number         0  stubs.o ABSOLUTE
    _printf_str                              0x00000000   Number         0  stubs.o ABSOLUTE
    _printf_truncate_signed                  0x00000000   Number         0  stubs.o ABSOLUTE
    _printf_truncate_unsigned                0x00000000   Number         0  stubs.o ABSOLUTE
    _printf_u                                0x00000000   Number         0  stubs.o ABSOLUTE
    _printf_wc                               0x00000000   Number         0  stubs.o ABSOLUTE
    _printf_wctomb                           0x00000000   Number         0  stubs.o ABSOLUTE
    _printf_widthprec                        0x00000000   Number         0  stubs.o ABSOLUTE
    _printf_x                                0x00000000   Number         0  stubs.o ABSOLUTE
    __arm_fini_                               - Undefined Weak Reference
    __cpp_initialize__aeabi_                  - Undefined Weak Reference
    __cxa_finalize                            - Undefined Weak Reference
    __decompress                              - Undefined Weak Reference
    _clock_init                               - Undefined Weak Reference
    _microlib_exit                            - Undefined Weak Reference
    __Vectors_End                            0x000000c0   Data           0  startup_cw32f030.o(RESET)
    __Vectors_Size                           0x000000c0   Number         0  startup_cw32f030.o ABSOLUTE
    __main                                   0x000000c1   Thumb Code     0  entry.o(.ARM.Collect$$$$00000000)
    _main_stk                                0x000000c1   Thumb Code     0  entry2.o(.ARM.Collect$$$$00000001)
    _main_scatterload                        0x000000c5   Thumb Code     0  entry5.o(.ARM.Collect$$$$00000004)
    __main_after_scatterload                 0x000000c9   Thumb Code     0  entry5.o(.ARM.Collect$$$$00000004)
    _main_clock                              0x000000c9   Thumb Code     0  entry7b.o(.ARM.Collect$$$$00000008)
    _main_cpp_init                           0x000000c9   Thumb Code     0  entry8b.o(.ARM.Collect$$$$0000000A)
    _main_init                               0x000000c9   Thumb Code     0  entry9a.o(.ARM.Collect$$$$0000000B)
    __rt_lib_shutdown_fini                   0x000000d1   Thumb Code     0  entry12b.o(.ARM.Collect$$$$0000000E)
    __rt_final_cpp                           0x000000d5   Thumb Code     0  entry10a.o(.ARM.Collect$$$$0000000F)
    __rt_final_exit                          0x000000d5   Thumb Code     0  entry11a.o(.ARM.Collect$$$$00000011)
    __asm___6_port_c_39a90d8d__prvPortStartFirstTask 0x000000d9   Thumb Code    36  port.o(.emb_text)
    ulSetInterruptMaskFromISR                0x00000101   Thumb Code     8  port.o(.emb_text)
    vClearInterruptMaskFromISR               0x00000109   Thumb Code     6  port.o(.emb_text)
    PendSV_Handler                           0x0000010f   Thumb Code    62  port.o(.emb_text)
    Reset_Handler                            0x00000151   Thumb Code     8  startup_cw32f030.o(.text)
    __aeabi_uidiv                            0x0000016d   Thumb Code     0  uidiv.o(.text)
    __aeabi_uidivmod                         0x0000016d   Thumb Code    44  uidiv.o(.text)
    __aeabi_memcpy                           0x00000199   Thumb Code    36  memcpya.o(.text)
    __aeabi_memcpy4                          0x00000199   Thumb Code     0  memcpya.o(.text)
    __aeabi_memcpy8                          0x00000199   Thumb Code     0  memcpya.o(.text)
    __aeabi_memset                           0x000001bd   Thumb Code    14  memseta.o(.text)
    __aeabi_memset4                          0x000001bd   Thumb Code     0  memseta.o(.text)
    __aeabi_memset8                          0x000001bd   Thumb Code     0  memseta.o(.text)
    __aeabi_memclr                           0x000001cb   Thumb Code     4  memseta.o(.text)
    __aeabi_memclr4                          0x000001cb   Thumb Code     0  memseta.o(.text)
    __aeabi_memclr8                          0x000001cb   Thumb Code     0  memseta.o(.text)
    memset                                   0x000001cf   Thumb Code    18  memseta.o(.text)
    __aeabi_fadd                             0x000001e1   Thumb Code   162  fadd.o(.text)
    __aeabi_fsub                             0x00000283   Thumb Code     8  fadd.o(.text)
    __aeabi_frsub                            0x0000028b   Thumb Code     8  fadd.o(.text)
    __aeabi_fmul                             0x00000293   Thumb Code   122  fmul.o(.text)
    __aeabi_fdiv                             0x0000030d   Thumb Code   124  fdiv.o(.text)
    __aeabi_dadd                             0x00000389   Thumb Code   330  dadd.o(.text)
    __aeabi_dsub                             0x000004d3   Thumb Code    12  dadd.o(.text)
    __aeabi_drsub                            0x000004df   Thumb Code    12  dadd.o(.text)
    __aeabi_ui2f                             0x000004f1   Thumb Code    14  ffltui.o(.text)
    __aeabi_f2uiz                            0x000004ff   Thumb Code    40  ffixui.o(.text)
    __aeabi_d2uiz                            0x00000529   Thumb Code    50  dfixui.o(.text)
    __aeabi_f2d                              0x00000565   Thumb Code    40  f2d.o(.text)
    __aeabi_llsl                             0x0000058d   Thumb Code    32  llshl.o(.text)
    _ll_shift_l                              0x0000058d   Thumb Code     0  llshl.o(.text)
    __aeabi_llsr                             0x000005ad   Thumb Code    34  llushr.o(.text)
    _ll_ushift_r                             0x000005ad   Thumb Code     0  llushr.o(.text)
    __aeabi_lasr                             0x000005cf   Thumb Code    38  llsshr.o(.text)
    _ll_sshift_r                             0x000005cf   Thumb Code     0  llsshr.o(.text)
    __I$use$fp                               0x000005f5   Thumb Code     0  iusefp.o(.text)
    _float_round                             0x000005f5   Thumb Code    16  fepilogue.o(.text)
    _float_epilogue                          0x00000605   Thumb Code   114  fepilogue.o(.text)
    _double_round                            0x00000677   Thumb Code    26  depilogue.o(.text)
    _double_epilogue                         0x00000691   Thumb Code   164  depilogue.o(.text)
    __scatterload                            0x00000735   Thumb Code    28  init.o(.text)
    __scatterload_rt2                        0x00000735   Thumb Code     0  init.o(.text)
    BTIM_ClearITPendingBit                   0x00000759   Thumb Code     8  cw32f030_btim.o(RAMCODE)
    ADC_ClearITPendingAll                    0x00000761   Thumb Code    14  cw32f030_adc.o(i.ADC_ClearITPendingAll)
    ADC_GetConversionValue                   0x00000775   Thumb Code     8  cw32f030_adc.o(i.ADC_GetConversionValue)
    ADC_GetITStatusAll                       0x00000781   Thumb Code     8  cw32f030_adc.o(i.ADC_GetITStatusAll)
    ADC_IRQHandler                           0x0000078d   Thumb Code    36  interrupts_cw32f030.o(i.ADC_IRQHandler)
    ATIM_ClearITPendingBit                   0x000007b5   Thumb Code     8  cw32f030_atim.o(i.ATIM_ClearITPendingBit)
    ATIM_GetITStatus                         0x000007c1   Thumb Code    20  cw32f030_atim.o(i.ATIM_GetITStatus)
    ATIM_IRQHandler                          0x000007d9   Thumb Code    24  interrupts_cw32f030.o(i.ATIM_IRQHandler)
    AWT_IRQHandler                           0x000007f1   Thumb Code     2  interrupts_cw32f030.o(i.AWT_IRQHandler)
    BTIM1_IRQHandler                         0x00000999   Thumb Code    24  interrupts_cw32f030.o(i.BTIM1_IRQHandler)
    BTIM2_IRQHandler                         0x000009b5   Thumb Code    24  interrupts_cw32f030.o(i.BTIM2_IRQHandler)
    BTIM3_IRQHandler                         0x000009d1   Thumb Code     2  interrupts_cw32f030.o(i.BTIM3_IRQHandler)
    BTIM_GetITStatus                         0x000009d3   Thumb Code    18  cw32f030_btim.o(i.BTIM_GetITStatus)
    DMACH1_IRQHandler                        0x000009e5   Thumb Code     2  interrupts_cw32f030.o(i.DMACH1_IRQHandler)
    DMACH23_IRQHandler                       0x000009e7   Thumb Code     2  interrupts_cw32f030.o(i.DMACH23_IRQHandler)
    DMACH45_IRQHandler                       0x000009e9   Thumb Code     2  interrupts_cw32f030.o(i.DMACH45_IRQHandler)
    FAULT_IRQHandler                         0x000009eb   Thumb Code     2  interrupts_cw32f030.o(i.FAULT_IRQHandler)
    FLASHRAM_IRQHandler                      0x000009ed   Thumb Code     2  interrupts_cw32f030.o(i.FLASHRAM_IRQHandler)
    GPIOA_IRQHandler                         0x000009ef   Thumb Code     2  interrupts_cw32f030.o(i.GPIOA_IRQHandler)
    GPIOB_IRQHandler                         0x000009f1   Thumb Code     2  interrupts_cw32f030.o(i.GPIOB_IRQHandler)
    GPIOC_IRQHandler                         0x000009f3   Thumb Code     2  interrupts_cw32f030.o(i.GPIOC_IRQHandler)
    GPIOF_IRQHandler                         0x000009f5   Thumb Code     2  interrupts_cw32f030.o(i.GPIOF_IRQHandler)
    GPIO_Configuration                       0x000009f9   Thumb Code   180  uart.o(i.GPIO_Configuration)
    GPIO_Init                                0x00000ab5   Thumb Code   252  cw32f030_gpio.o(i.GPIO_Init)
    GPIO_WritePin                            0x00000bb5   Thumb Code    12  cw32f030_gpio.o(i.GPIO_WritePin)
    GTIM1_IRQHandler                         0x00000bc1   Thumb Code     2  interrupts_cw32f030.o(i.GTIM1_IRQHandler)
    GTIM2_IRQHandler                         0x00000bc5   Thumb Code    24  interrupts_cw32f030.o(i.GTIM2_IRQHandler)
    GTIM3_IRQHandler                         0x00000be1   Thumb Code    24  interrupts_cw32f030.o(i.GTIM3_IRQHandler)
    GTIM3xx_Init                             0x00000bfd   Thumb Code    62  tim.o(i.GTIM3xx_Init)
    GTIM4_IRQHandler                         0x00000c45   Thumb Code     2  interrupts_cw32f030.o(i.GTIM4_IRQHandler)
    GTIM_ClearITPendingBit                   0x00000c47   Thumb Code    12  cw32f030_gtim.o(i.GTIM_ClearITPendingBit)
    GTIM_Cmd                                 0x00000c53   Thumb Code    28  cw32f030_gtim.o(i.GTIM_Cmd)
    GTIM_GetITStatus                         0x00000c6f   Thumb Code    24  cw32f030_gtim.o(i.GTIM_GetITStatus)
    GTIM_ITConfig                            0x00000c87   Thumb Code    46  cw32f030_gtim.o(i.GTIM_ITConfig)
    GTIM_TimeBaseInit                        0x00000cb5   Thumb Code    60  cw32f030_gtim.o(i.GTIM_TimeBaseInit)
    HardFault_Handler                        0x00000cf5   Thumb Code     4  interrupts_cw32f030.o(i.HardFault_Handler)
    I2C1_IRQHandler                          0x00000cf9   Thumb Code     2  interrupts_cw32f030.o(i.I2C1_IRQHandler)
    I2C2_IRQHandler                          0x00000cfb   Thumb Code     2  interrupts_cw32f030.o(i.I2C2_IRQHandler)
    InitTick                                 0x00000cfd   Thumb Code    90  cw32f030_systick.o(i.InitTick)
    LVD_IRQHandler                           0x00000d69   Thumb Code     2  interrupts_cw32f030.o(i.LVD_IRQHandler)
    NMI_Handler                              0x00000d6b   Thumb Code     2  interrupts_cw32f030.o(i.NMI_Handler)
    RCC_AHBPeriphClk_Enable                  0x00000d6d   Thumb Code    28  cw32f030_rcc.o(i.RCC_AHBPeriphClk_Enable)
    RCC_APBPeriphClk_Enable1                 0x00000d8d   Thumb Code    28  cw32f030_rcc.o(i.RCC_APBPeriphClk_Enable1)
    RCC_APBPeriphClk_Enable2                 0x00000dad   Thumb Code    28  cw32f030_rcc.o(i.RCC_APBPeriphClk_Enable2)
    RCC_Config                               0x00000dcd   Thumb Code    44  main.o(i.RCC_Config)
    RCC_HCLKPRS_Config                       0x00000dfd   Thumb Code    20  cw32f030_rcc.o(i.RCC_HCLKPRS_Config)
    RCC_HSI_Enable                           0x00000e1d   Thumb Code    44  cw32f030_rcc.o(i.RCC_HSI_Enable)
    RCC_IRQHandler                           0x00000e51   Thumb Code     2  interrupts_cw32f030.o(i.RCC_IRQHandler)
    RCC_PCLKPRS_Config                       0x00000e55   Thumb Code    20  cw32f030_rcc.o(i.RCC_PCLKPRS_Config)
    RCC_SYSCLKSRC_Config                     0x00000e75   Thumb Code    34  cw32f030_rcc.o(i.RCC_SYSCLKSRC_Config)
    RCC_Sysctrl_GetHClkFreq                  0x00000ea5   Thumb Code   194  cw32f030_rcc.o(i.RCC_Sysctrl_GetHClkFreq)
    RCC_SystemCoreClockUpdate                0x00000f7d   Thumb Code     6  cw32f030_rcc.o(i.RCC_SystemCoreClockUpdate)
    RTC_IRQHandler                           0x00000f89   Thumb Code     2  interrupts_cw32f030.o(i.RTC_IRQHandler)
    ReceiverTask                             0x00000f8d   Thumb Code    32  main.o(i.ReceiverTask)
    SPI1_IRQHandler                          0x00000fc5   Thumb Code     2  interrupts_cw32f030.o(i.SPI1_IRQHandler)
    SPI2_IRQHandler                          0x00000fc7   Thumb Code     2  interrupts_cw32f030.o(i.SPI2_IRQHandler)
    SVC_Handler                              0x00000fc9   Thumb Code     2  port.o(i.SVC_Handler)
    SenderTask                               0x00000fcd   Thumb Code    34  main.o(i.SenderTask)
    SysTick_Handler                          0x00000ff5   Thumb Code    32  port.o(i.SysTick_Handler)
    SystemCoreClockUpdate                    0x00001019   Thumb Code     8  system_cw32f030.o(i.SystemCoreClockUpdate)
    SystemInit                               0x00001029   Thumb Code    54  system_cw32f030.o(i.SystemInit)
    TIM_Init                                 0x00001065   Thumb Code     8  tim.o(i.TIM_Init)
    UART1_IRQHandler                         0x0000106d   Thumb Code    44  interrupts_cw32f030.o(i.UART1_IRQHandler)
    UART2_IRQHandler                         0x0000109d   Thumb Code    24  interrupts_cw32f030.o(i.UART2_IRQHandler)
    UART3_IRQHandler                         0x000010b9   Thumb Code     2  interrupts_cw32f030.o(i.UART3_IRQHandler)
    UART_Configuration                       0x000010bd   Thumb Code    88  uart.o(i.UART_Configuration)
    UART_Init                                0x00001121   Thumb Code    12  uart.o(i.UART_Init)
    USART_ClearITPendingBit                  0x0000112d   Thumb Code     8  cw32f030_uart.o(i.USART_ClearITPendingBit)
    USART_GetFlagStatus                      0x00001135   Thumb Code    18  cw32f030_uart.o(i.USART_GetFlagStatus)
    USART_GetITStatus                        0x00001147   Thumb Code    18  cw32f030_uart.o(i.USART_GetITStatus)
    USART_Init                               0x00001159   Thumb Code   362  cw32f030_uart.o(i.USART_Init)
    USART_SendData_8bit                      0x000012cd   Thumb Code     4  cw32f030_uart.o(i.USART_SendData_8bit)
    VC1_IRQHandler                           0x000012d1   Thumb Code     2  interrupts_cw32f030.o(i.VC1_IRQHandler)
    VC2_IRQHandler                           0x000012d3   Thumb Code     2  interrupts_cw32f030.o(i.VC2_IRQHandler)
    WDT_IRQHandler                           0x000012d5   Thumb Code     2  interrupts_cw32f030.o(i.WDT_IRQHandler)
    __0printf$1                              0x000012d9   Thumb Code    24  printf1.o(i.__0printf$1)
    __1printf$1                              0x000012d9   Thumb Code     0  printf1.o(i.__0printf$1)
    __2printf                                0x000012d9   Thumb Code     0  printf1.o(i.__0printf$1)
    __ARM_clz                                0x000012f9   Thumb Code    46  depilogue.o(i.__ARM_clz)
    __ARM_common_switch8                     0x00001327   Thumb Code    28  cw32f030_i2c.o(i.__ARM_common_switch8)
    __scatterload_copy                       0x000013bd   Thumb Code    14  handlers.o(i.__scatterload_copy)
    __scatterload_null                       0x000013cb   Thumb Code     2  handlers.o(i.__scatterload_null)
    __scatterload_zeroinit                   0x000013cd   Thumb Code    14  handlers.o(i.__scatterload_zeroinit)
    fputc                                    0x0000152d   Thumb Code    32  uart.o(i.fputc)
    gpio_init                                0x00001551   Thumb Code    46  gpio.o(i.gpio_init)
    i2c_init                                 0x00001585   Thumb Code   102  gpio.o(i.i2c_init)
    main                                     0x000015f9   Thumb Code    64  main.o(i.main)
    pvPortMalloc                             0x00001fc5   Thumb Code   278  heap_4.o(i.pvPortMalloc)
    pxPortInitialiseStack                    0x000020f1   Thumb Code    26  port.o(i.pxPortInitialiseStack)
    testTask1                                0x00002111   Thumb Code    52  main.o(i.testTask1)
    uxListRemove                             0x00002179   Thumb Code    40  list.o(i.uxListRemove)
    vApplicationIdleHook                     0x000021a1   Thumb Code     8  main.o(i.vApplicationIdleHook)
    vApplicationMallocFailedHook             0x000021ad   Thumb Code     6  main.o(i.vApplicationMallocFailedHook)
    vApplicationStackOverflowHook            0x000021b3   Thumb Code     6  main.o(i.vApplicationStackOverflowHook)
    vListInitialise                          0x000021b9   Thumb Code    26  list.o(i.vListInitialise)
    vListInitialiseItem                      0x000021d3   Thumb Code     6  list.o(i.vListInitialiseItem)
    vListInsert                              0x000021d9   Thumb Code    54  list.o(i.vListInsert)
    vListInsertEnd                           0x0000220f   Thumb Code    24  list.o(i.vListInsertEnd)
    vPortEnterCritical                       0x00002229   Thumb Code    22  port.o(i.vPortEnterCritical)
    vPortExitCritical                        0x00002245   Thumb Code    36  port.o(i.vPortExitCritical)
    vPortFree                                0x0000226d   Thumb Code   110  heap_4.o(i.vPortFree)
    vPortSetupTimerInterrupt                 0x000022e5   Thumb Code    18  port.o(i.vPortSetupTimerInterrupt)
    vPortYield                               0x00002301   Thumb Code    18  port.o(i.vPortYield)
    vQueueAddToRegistry                      0x00002319   Thumb Code    80  queue.o(i.vQueueAddToRegistry)
    vQueueWaitForMessageRestricted           0x0000236d   Thumb Code    76  queue.o(i.vQueueWaitForMessageRestricted)
    vTaskDelay                               0x000023b9   Thumb Code    62  tasks.o(i.vTaskDelay)
    vTaskDelete                              0x000023fd   Thumb Code   158  tasks.o(i.vTaskDelete)
    vTaskInternalSetTimeOutState             0x000024b9   Thumb Code    14  tasks.o(i.vTaskInternalSetTimeOutState)
    vTaskMissedYield                         0x000024d1   Thumb Code     8  tasks.o(i.vTaskMissedYield)
    vTaskPlaceOnEventList                    0x000024dd   Thumb Code    38  tasks.o(i.vTaskPlaceOnEventList)
    vTaskPlaceOnEventListRestricted          0x00002509   Thumb Code    82  tasks.o(i.vTaskPlaceOnEventListRestricted)
    vTaskStartScheduler                      0x00002561   Thumb Code    94  tasks.o(i.vTaskStartScheduler)
    vTaskSuspendAll                          0x000025e1   Thumb Code    12  tasks.o(i.vTaskSuspendAll)
    vTaskSwitchContext                       0x000025f1   Thumb Code   156  tasks.o(i.vTaskSwitchContext)
    xPortGetFreeHeapSize                     0x000026a5   Thumb Code     6  heap_4.o(i.xPortGetFreeHeapSize)
    xPortStartScheduler                      0x000026b1   Thumb Code    48  port.o(i.xPortStartScheduler)
    xQueueGenericCreate                      0x000026e9   Thumb Code    98  queue.o(i.xQueueGenericCreate)
    xQueueGenericReset                       0x0000274b   Thumb Code   182  queue.o(i.xQueueGenericReset)
    xQueueGenericSend                        0x00002801   Thumb Code   346  queue.o(i.xQueueGenericSend)
    xQueueReceive                            0x0000295b   Thumb Code   312  queue.o(i.xQueueReceive)
    xTaskCheckForTimeOut                     0x00002a95   Thumb Code   110  tasks.o(i.xTaskCheckForTimeOut)
    xTaskCreate                              0x00002b0d   Thumb Code   100  tasks.o(i.xTaskCreate)
    xTaskGetSchedulerState                   0x00002b71   Thumb Code    28  tasks.o(i.xTaskGetSchedulerState)
    xTaskGetTickCount                        0x00002b95   Thumb Code     6  tasks.o(i.xTaskGetTickCount)
    xTaskIncrementTick                       0x00002ba1   Thumb Code   380  tasks.o(i.xTaskIncrementTick)
    xTaskPriorityDisinherit                  0x00002d49   Thumb Code   168  tasks.o(i.xTaskPriorityDisinherit)
    xTaskRemoveFromEventList                 0x00002dfd   Thumb Code   240  tasks.o(i.xTaskRemoveFromEventList)
    xTaskResumeAll                           0x00002f05   Thumb Code   314  tasks.o(i.xTaskResumeAll)
    xTimerCreateTimerTask                    0x00003061   Thumb Code    52  timers.o(i.xTimerCreateTimerTask)
    hsiprs_tbl                               0x000030a8   Data          64  cw32f030_rcc.o(.constdata)
    Region$$Table$$Base                      0x0000310c   Number         0  anon$$obj.o(Region$$Table)
    Region$$Table$$Limit                     0x0000312c   Number         0  anon$$obj.o(Region$$Table)
    SystemCoreClock                          0x20000000   Data           4  system_cw32f030.o(.data)
    xQueue                                   0x20000004   Data           4  main.o(.data)
    testTask1Handle                          0x2000000c   Data           4  main.o(.data)
    testTask2Handle                          0x20000010   Data           4  main.o(.data)
    sendTaskHandle                           0x20000014   Data           4  main.o(.data)
    revTaskHandle                            0x20000018   Data           4  main.o(.data)
    g_dev_loop_timeout_3                     0x2000001c   Data           1  main.o(.data)
    g_dev_loop_timeout                       0x2000001d   Data           1  main.o(.data)
    YK_KH12S_HdmiPort                        0x2000001e   Data           1  main.o(.data)
    bbud                                     0x2000001f   Data           3  main.o(.data)
    bbud1                                    0x20000022   Data           3  main.o(.data)
    flg                                      0x20000025   Data           1  main.o(.data)
    valueAdc                                 0x20000026   Data           2  interrupts_cw32f030.o(.data)
    uwTick                                   0x20000028   Data           4  cw32f030_systick.o(.data)
    uwTickPrio                               0x2000002c   Data           4  cw32f030_systick.o(.data)
    uwTickFreq                               0x20000030   Data           1  cw32f030_systick.o(.data)
    pxCurrentTCB                             0x20000034   Data           4  tasks.o(.data)
    uxTopUsedPriority                        0x2000006c   Data           4  tasks.o(.data)
    __stdout                                 0x200000a8   Data           4  stdout.o(.data)
    xQueueRegistry                           0x200000ac   Data          64  queue.o(.bss)
    __initial_sp                             0x20001de0   Data           0  startup_cw32f030.o(STACK)



==============================================================================

Memory Map of the image

  Image Entry point : 0x000000c1

  Load Region LR_IROM1 (Base: 0x00000000, Size: 0x000031d8, Max: 0x00010000, ABSOLUTE)

    Execution Region ER_IROM1 (Exec base: 0x00000000, Load base: 0x00000000, Size: 0x0000312c, Max: 0x00010000, ABSOLUTE)

    Exec Addr    Load Addr    Size         Type   Attr      Idx    E Section Name        Object

    0x00000000   0x00000000   0x000000c0   Data   RO            3    RESET               startup_cw32f030.o
    0x000000c0   0x000000c0   0x00000000   Code   RO         5212  * .ARM.Collect$$$$00000000  mc_p.l(entry.o)
    0x000000c0   0x000000c0   0x00000004   Code   RO         5506    .ARM.Collect$$$$00000001  mc_p.l(entry2.o)
    0x000000c4   0x000000c4   0x00000004   Code   RO         5509    .ARM.Collect$$$$00000004  mc_p.l(entry5.o)
    0x000000c8   0x000000c8   0x00000000   Code   RO         5511    .ARM.Collect$$$$00000008  mc_p.l(entry7b.o)
    0x000000c8   0x000000c8   0x00000000   Code   RO         5513    .ARM.Collect$$$$0000000A  mc_p.l(entry8b.o)
    0x000000c8   0x000000c8   0x00000008   Code   RO         5514    .ARM.Collect$$$$0000000B  mc_p.l(entry9a.o)
    0x000000d0   0x000000d0   0x00000004   Code   RO         5521    .ARM.Collect$$$$0000000E  mc_p.l(entry12b.o)
    0x000000d4   0x000000d4   0x00000000   Code   RO         5516    .ARM.Collect$$$$0000000F  mc_p.l(entry10a.o)
    0x000000d4   0x000000d4   0x00000000   Code   RO         5518    .ARM.Collect$$$$00000011  mc_p.l(entry11a.o)
    0x000000d4   0x000000d4   0x00000004   Code   RO         5507    .ARM.Collect$$$$00002712  mc_p.l(entry2.o)
    0x000000d8   0x000000d8   0x00000078   Code   RO         5135    .emb_text           port.o
    0x00000150   0x00000150   0x0000001c   Code   RO            4    .text               startup_cw32f030.o
    0x0000016c   0x0000016c   0x0000002c   Code   RO         5215    .text               mc_p.l(uidiv.o)
    0x00000198   0x00000198   0x00000024   Code   RO         5219    .text               mc_p.l(memcpya.o)
    0x000001bc   0x000001bc   0x00000024   Code   RO         5223    .text               mc_p.l(memseta.o)
    0x000001e0   0x000001e0   0x000000b2   Code   RO         5488    .text               mf_p.l(fadd.o)
    0x00000292   0x00000292   0x0000007a   Code   RO         5490    .text               mf_p.l(fmul.o)
    0x0000030c   0x0000030c   0x0000007c   Code   RO         5492    .text               mf_p.l(fdiv.o)
    0x00000388   0x00000388   0x00000168   Code   RO         5494    .text               mf_p.l(dadd.o)
    0x000004f0   0x000004f0   0x0000000e   Code   RO         5498    .text               mf_p.l(ffltui.o)
    0x000004fe   0x000004fe   0x00000028   Code   RO         5500    .text               mf_p.l(ffixui.o)
    0x00000526   0x00000526   0x00000002   PAD
    0x00000528   0x00000528   0x0000003c   Code   RO         5502    .text               mf_p.l(dfixui.o)
    0x00000564   0x00000564   0x00000028   Code   RO         5504    .text               mf_p.l(f2d.o)
    0x0000058c   0x0000058c   0x00000020   Code   RO         5525    .text               mc_p.l(llshl.o)
    0x000005ac   0x000005ac   0x00000022   Code   RO         5527    .text               mc_p.l(llushr.o)
    0x000005ce   0x000005ce   0x00000026   Code   RO         5529    .text               mc_p.l(llsshr.o)
    0x000005f4   0x000005f4   0x00000000   Code   RO         5531    .text               mc_p.l(iusefp.o)
    0x000005f4   0x000005f4   0x00000082   Code   RO         5532    .text               mf_p.l(fepilogue.o)
    0x00000676   0x00000676   0x000000be   Code   RO         5534    .text               mf_p.l(depilogue.o)
    0x00000734   0x00000734   0x00000024   Code   RO         5546    .text               mc_p.l(init.o)
    0x00000758   0x00000758   0x00000008   Code   RO         1556    RAMCODE             cw32f030_btim.o
    0x00000760   0x00000760   0x00000014   Code   RO          847    i.ADC_ClearITPendingAll  cw32f030_adc.o
    0x00000774   0x00000774   0x0000000c   Code   RO          862    i.ADC_GetConversionValue  cw32f030_adc.o
    0x00000780   0x00000780   0x0000000c   Code   RO          864    i.ADC_GetITStatusAll  cw32f030_adc.o
    0x0000078c   0x0000078c   0x00000028   Code   RO          314    i.ADC_IRQHandler    interrupts_cw32f030.o
    0x000007b4   0x000007b4   0x0000000c   Code   RO         1177    i.ATIM_ClearITPendingBit  cw32f030_atim.o
    0x000007c0   0x000007c0   0x00000018   Code   RO         1188    i.ATIM_GetITStatus  cw32f030_atim.o
    0x000007d8   0x000007d8   0x00000018   Code   RO          315    i.ATIM_IRQHandler   interrupts_cw32f030.o
    0x000007f0   0x000007f0   0x00000002   Code   RO          316    i.AWT_IRQHandler    interrupts_cw32f030.o
    0x000007f2   0x000007f2   0x00000002   PAD
    0x000007f4   0x000007f4   0x000001a4   Code   RO          119    i.AppTaskCreate     main.o
    0x00000998   0x00000998   0x0000001c   Code   RO          317    i.BTIM1_IRQHandler  interrupts_cw32f030.o
    0x000009b4   0x000009b4   0x0000001c   Code   RO          318    i.BTIM2_IRQHandler  interrupts_cw32f030.o
    0x000009d0   0x000009d0   0x00000002   Code   RO          319    i.BTIM3_IRQHandler  interrupts_cw32f030.o
    0x000009d2   0x000009d2   0x00000012   Code   RO         1563    i.BTIM_GetITStatus  cw32f030_btim.o
    0x000009e4   0x000009e4   0x00000002   Code   RO          320    i.DMACH1_IRQHandler  interrupts_cw32f030.o
    0x000009e6   0x000009e6   0x00000002   Code   RO          321    i.DMACH23_IRQHandler  interrupts_cw32f030.o
    0x000009e8   0x000009e8   0x00000002   Code   RO          322    i.DMACH45_IRQHandler  interrupts_cw32f030.o
    0x000009ea   0x000009ea   0x00000002   Code   RO          323    i.FAULT_IRQHandler  interrupts_cw32f030.o
    0x000009ec   0x000009ec   0x00000002   Code   RO          324    i.FLASHRAM_IRQHandler  interrupts_cw32f030.o
    0x000009ee   0x000009ee   0x00000002   Code   RO          325    i.GPIOA_IRQHandler  interrupts_cw32f030.o
    0x000009f0   0x000009f0   0x00000002   Code   RO          326    i.GPIOB_IRQHandler  interrupts_cw32f030.o
    0x000009f2   0x000009f2   0x00000002   Code   RO          327    i.GPIOC_IRQHandler  interrupts_cw32f030.o
    0x000009f4   0x000009f4   0x00000002   Code   RO          328    i.GPIOF_IRQHandler  interrupts_cw32f030.o
    0x000009f6   0x000009f6   0x00000002   PAD
    0x000009f8   0x000009f8   0x000000bc   Code   RO          617    i.GPIO_Configuration  uart.o
    0x00000ab4   0x00000ab4   0x00000100   Code   RO         2028    i.GPIO_Init         cw32f030_gpio.o
    0x00000bb4   0x00000bb4   0x0000000c   Code   RO         2034    i.GPIO_WritePin     cw32f030_gpio.o
    0x00000bc0   0x00000bc0   0x00000002   Code   RO          329    i.GTIM1_IRQHandler  interrupts_cw32f030.o
    0x00000bc2   0x00000bc2   0x00000002   PAD
    0x00000bc4   0x00000bc4   0x0000001c   Code   RO          330    i.GTIM2_IRQHandler  interrupts_cw32f030.o
    0x00000be0   0x00000be0   0x0000001c   Code   RO          331    i.GTIM3_IRQHandler  interrupts_cw32f030.o
    0x00000bfc   0x00000bfc   0x00000048   Code   RO          658    i.GTIM3xx_Init      tim.o
    0x00000c44   0x00000c44   0x00000002   Code   RO          332    i.GTIM4_IRQHandler  interrupts_cw32f030.o
    0x00000c46   0x00000c46   0x0000000c   Code   RO         2112    i.GTIM_ClearITPendingBit  cw32f030_gtim.o
    0x00000c52   0x00000c52   0x0000001c   Code   RO         2113    i.GTIM_Cmd          cw32f030_gtim.o
    0x00000c6e   0x00000c6e   0x00000018   Code   RO         2121    i.GTIM_GetITStatus  cw32f030_gtim.o
    0x00000c86   0x00000c86   0x0000002e   Code   RO         2124    i.GTIM_ITConfig     cw32f030_gtim.o
    0x00000cb4   0x00000cb4   0x00000040   Code   RO         2133    i.GTIM_TimeBaseInit  cw32f030_gtim.o
    0x00000cf4   0x00000cf4   0x00000004   Code   RO          333    i.HardFault_Handler  interrupts_cw32f030.o
    0x00000cf8   0x00000cf8   0x00000002   Code   RO          334    i.I2C1_IRQHandler   interrupts_cw32f030.o
    0x00000cfa   0x00000cfa   0x00000002   Code   RO          335    i.I2C2_IRQHandler   interrupts_cw32f030.o
    0x00000cfc   0x00000cfc   0x0000006c   Code   RO         3401    i.InitTick          cw32f030_systick.o
    0x00000d68   0x00000d68   0x00000002   Code   RO          336    i.LVD_IRQHandler    interrupts_cw32f030.o
    0x00000d6a   0x00000d6a   0x00000002   Code   RO          337    i.NMI_Handler       interrupts_cw32f030.o
    0x00000d6c   0x00000d6c   0x00000020   Code   RO         2767    i.RCC_AHBPeriphClk_Enable  cw32f030_rcc.o
    0x00000d8c   0x00000d8c   0x00000020   Code   RO         2769    i.RCC_APBPeriphClk_Enable1  cw32f030_rcc.o
    0x00000dac   0x00000dac   0x00000020   Code   RO         2770    i.RCC_APBPeriphClk_Enable2  cw32f030_rcc.o
    0x00000dcc   0x00000dcc   0x00000030   Code   RO          122    i.RCC_Config        main.o
    0x00000dfc   0x00000dfc   0x00000020   Code   RO         2790    i.RCC_HCLKPRS_Config  cw32f030_rcc.o
    0x00000e1c   0x00000e1c   0x00000034   Code   RO         2796    i.RCC_HSI_Enable    cw32f030_rcc.o
    0x00000e50   0x00000e50   0x00000002   Code   RO          338    i.RCC_IRQHandler    interrupts_cw32f030.o
    0x00000e52   0x00000e52   0x00000002   PAD
    0x00000e54   0x00000e54   0x00000020   Code   RO         2808    i.RCC_PCLKPRS_Config  cw32f030_rcc.o
    0x00000e74   0x00000e74   0x00000030   Code   RO         2814    i.RCC_SYSCLKSRC_Config  cw32f030_rcc.o
    0x00000ea4   0x00000ea4   0x000000d8   Code   RO         2816    i.RCC_Sysctrl_GetHClkFreq  cw32f030_rcc.o
    0x00000f7c   0x00000f7c   0x0000000c   Code   RO         2818    i.RCC_SystemCoreClockUpdate  cw32f030_rcc.o
    0x00000f88   0x00000f88   0x00000002   Code   RO          339    i.RTC_IRQHandler    interrupts_cw32f030.o
    0x00000f8a   0x00000f8a   0x00000002   PAD
    0x00000f8c   0x00000f8c   0x00000038   Code   RO          123    i.ReceiverTask      main.o
    0x00000fc4   0x00000fc4   0x00000002   Code   RO          340    i.SPI1_IRQHandler   interrupts_cw32f030.o
    0x00000fc6   0x00000fc6   0x00000002   Code   RO          341    i.SPI2_IRQHandler   interrupts_cw32f030.o
    0x00000fc8   0x00000fc8   0x00000002   Code   RO         5136    i.SVC_Handler       port.o
    0x00000fca   0x00000fca   0x00000002   PAD
    0x00000fcc   0x00000fcc   0x00000028   Code   RO          124    i.SenderTask        main.o
    0x00000ff4   0x00000ff4   0x00000024   Code   RO         5137    i.SysTick_Handler   port.o
    0x00001018   0x00001018   0x00000010   Code   RO           14    i.SystemCoreClockUpdate  system_cw32f030.o
    0x00001028   0x00001028   0x0000003c   Code   RO           15    i.SystemInit        system_cw32f030.o
    0x00001064   0x00001064   0x00000008   Code   RO          660    i.TIM_Init          tim.o
    0x0000106c   0x0000106c   0x00000030   Code   RO          342    i.UART1_IRQHandler  interrupts_cw32f030.o
    0x0000109c   0x0000109c   0x0000001c   Code   RO          343    i.UART2_IRQHandler  interrupts_cw32f030.o
    0x000010b8   0x000010b8   0x00000002   Code   RO          344    i.UART3_IRQHandler  interrupts_cw32f030.o
    0x000010ba   0x000010ba   0x00000002   PAD
    0x000010bc   0x000010bc   0x00000064   Code   RO          618    i.UART_Configuration  uart.o
    0x00001120   0x00001120   0x0000000c   Code   RO          619    i.UART_Init         uart.o
    0x0000112c   0x0000112c   0x00000008   Code   RO         3462    i.USART_ClearITPendingBit  cw32f030_uart.o
    0x00001134   0x00001134   0x00000012   Code   RO         3467    i.USART_GetFlagStatus  cw32f030_uart.o
    0x00001146   0x00001146   0x00000012   Code   RO         3468    i.USART_GetITStatus  cw32f030_uart.o
    0x00001158   0x00001158   0x00000174   Code   RO         3471    i.USART_Init        cw32f030_uart.o
    0x000012cc   0x000012cc   0x00000004   Code   RO         3476    i.USART_SendData_8bit  cw32f030_uart.o
    0x000012d0   0x000012d0   0x00000002   Code   RO          345    i.VC1_IRQHandler    interrupts_cw32f030.o
    0x000012d2   0x000012d2   0x00000002   Code   RO          346    i.VC2_IRQHandler    interrupts_cw32f030.o
    0x000012d4   0x000012d4   0x00000002   Code   RO          347    i.WDT_IRQHandler    interrupts_cw32f030.o
    0x000012d6   0x000012d6   0x00000002   PAD
    0x000012d8   0x000012d8   0x00000020   Code   RO         5272    i.__0printf$1       mc_p.l(printf1.o)
    0x000012f8   0x000012f8   0x0000002e   Code   RO         5536    i.__ARM_clz         mf_p.l(depilogue.o)
    0x00001326   0x00001326   0x0000001c   Code   RO         2481    i.__ARM_common_switch8  cw32f030_i2c.o
    0x00001342   0x00001342   0x00000002   PAD
    0x00001344   0x00001344   0x00000078   Code   RO         3405    i.__NVIC_SetPriority  cw32f030_systick.o
    0x000013bc   0x000013bc   0x0000000e   Code   RO         5550    i.__scatterload_copy  mc_p.l(handlers.o)
    0x000013ca   0x000013ca   0x00000002   Code   RO         5551    i.__scatterload_null  mc_p.l(handlers.o)
    0x000013cc   0x000013cc   0x0000000e   Code   RO         5552    i.__scatterload_zeroinit  mc_p.l(handlers.o)
    0x000013da   0x000013da   0x00000002   PAD
    0x000013dc   0x000013dc   0x00000150   Code   RO         5279    i._printf_core      mc_p.l(printf1.o)
    0x0000152c   0x0000152c   0x00000024   Code   RO          620    i.fputc             uart.o
    0x00001550   0x00001550   0x00000034   Code   RO          588    i.gpio_init         gpio.o
    0x00001584   0x00001584   0x00000074   Code   RO          589    i.i2c_init          gpio.o
    0x000015f8   0x000015f8   0x00000080   Code   RO          125    i.main              main.o
    0x00001678   0x00001678   0x000000a4   Code   RO         4530    i.prvAddCurrentTaskToDelayedList  tasks.o
    0x0000171c   0x0000171c   0x000000d8   Code   RO         4531    i.prvAddNewTaskToReadyList  tasks.o
    0x000017f4   0x000017f4   0x00000068   Code   RO         4902    i.prvCheckForValidListAndQueue  timers.o
    0x0000185c   0x0000185c   0x00000048   Code   RO         4532    i.prvCheckTasksWaitingTermination  tasks.o
    0x000018a4   0x000018a4   0x0000002c   Code   RO         4136    i.prvCopyDataFromQueue  queue.o
    0x000018d0   0x000018d0   0x00000080   Code   RO         4137    i.prvCopyDataToQueue  queue.o
    0x00001950   0x00001950   0x00000012   Code   RO         4533    i.prvDeleteTCB      tasks.o
    0x00001962   0x00001962   0x00000002   PAD
    0x00001964   0x00001964   0x0000002c   Code   RO         4903    i.prvGetNextExpireTime  timers.o
    0x00001990   0x00001990   0x00000070   Code   RO         5066    i.prvHeapInit       heap_4.o
    0x00001a00   0x00001a00   0x0000001c   Code   RO         4534    i.prvIdleTask       tasks.o
    0x00001a1c   0x00001a1c   0x0000002c   Code   RO         4140    i.prvInitialiseNewQueue  queue.o
    0x00001a48   0x00001a48   0x000000ba   Code   RO         4535    i.prvInitialiseNewTask  tasks.o
    0x00001b02   0x00001b02   0x00000002   PAD
    0x00001b04   0x00001b04   0x00000064   Code   RO         4536    i.prvInitialiseTaskLists  tasks.o
    0x00001b68   0x00001b68   0x00000068   Code   RO         5067    i.prvInsertBlockIntoFreeList  heap_4.o
    0x00001bd0   0x00001bd0   0x00000054   Code   RO         4905    i.prvInsertTimerInActiveList  timers.o
    0x00001c24   0x00001c24   0x0000001c   Code   RO         4141    i.prvIsQueueEmpty   queue.o
    0x00001c40   0x00001c40   0x0000001e   Code   RO         4142    i.prvIsQueueFull    queue.o
    0x00001c5e   0x00001c5e   0x00000002   PAD
    0x00001c60   0x00001c60   0x00000044   Code   RO         4906    i.prvProcessExpiredTimer  timers.o
    0x00001ca4   0x00001ca4   0x0000011c   Code   RO         4907    i.prvProcessReceivedCommands  timers.o
    0x00001dc0   0x00001dc0   0x0000006c   Code   RO         4908    i.prvProcessTimerOrBlockTask  timers.o
    0x00001e2c   0x00001e2c   0x00000028   Code   RO         4909    i.prvReloadTimer    timers.o
    0x00001e54   0x00001e54   0x00000034   Code   RO         4538    i.prvResetNextTaskUnblockTime  tasks.o
    0x00001e88   0x00001e88   0x0000002c   Code   RO         4910    i.prvSampleTimeNow  timers.o
    0x00001eb4   0x00001eb4   0x00000044   Code   RO         4911    i.prvSwitchTimerLists  timers.o
    0x00001ef8   0x00001ef8   0x00000024   Code   RO         5138    i.prvTaskExitError  port.o
    0x00001f1c   0x00001f1c   0x0000001a   Code   RO         4912    i.prvTimerTask      timers.o
    0x00001f36   0x00001f36   0x0000008e   Code   RO         4143    i.prvUnlockQueue    queue.o
    0x00001fc4   0x00001fc4   0x0000012c   Code   RO         5069    i.pvPortMalloc      heap_4.o
    0x000020f0   0x000020f0   0x00000020   Code   RO         5139    i.pxPortInitialiseStack  port.o
    0x00002110   0x00002110   0x00000068   Code   RO          126    i.testTask1         main.o
    0x00002178   0x00002178   0x00000028   Code   RO         4091    i.uxListRemove      list.o
    0x000021a0   0x000021a0   0x0000000c   Code   RO          128    i.vApplicationIdleHook  main.o
    0x000021ac   0x000021ac   0x00000006   Code   RO          129    i.vApplicationMallocFailedHook  main.o
    0x000021b2   0x000021b2   0x00000006   Code   RO          130    i.vApplicationStackOverflowHook  main.o
    0x000021b8   0x000021b8   0x0000001a   Code   RO         4092    i.vListInitialise   list.o
    0x000021d2   0x000021d2   0x00000006   Code   RO         4093    i.vListInitialiseItem  list.o
    0x000021d8   0x000021d8   0x00000036   Code   RO         4094    i.vListInsert       list.o
    0x0000220e   0x0000220e   0x00000018   Code   RO         4095    i.vListInsertEnd    list.o
    0x00002226   0x00002226   0x00000002   PAD
    0x00002228   0x00002228   0x0000001c   Code   RO         5141    i.vPortEnterCritical  port.o
    0x00002244   0x00002244   0x00000028   Code   RO         5142    i.vPortExitCritical  port.o
    0x0000226c   0x0000226c   0x00000078   Code   RO         5070    i.vPortFree         heap_4.o
    0x000022e4   0x000022e4   0x0000001c   Code   RO         5143    i.vPortSetupTimerInterrupt  port.o
    0x00002300   0x00002300   0x00000018   Code   RO         5144    i.vPortYield        port.o
    0x00002318   0x00002318   0x00000054   Code   RO         4149    i.vQueueAddToRegistry  queue.o
    0x0000236c   0x0000236c   0x0000004c   Code   RO         4153    i.vQueueWaitForMessageRestricted  queue.o
    0x000023b8   0x000023b8   0x00000044   Code   RO         4550    i.vTaskDelay        tasks.o
    0x000023fc   0x000023fc   0x000000bc   Code   RO         4551    i.vTaskDelete       tasks.o
    0x000024b8   0x000024b8   0x00000018   Code   RO         4555    i.vTaskInternalSetTimeOutState  tasks.o
    0x000024d0   0x000024d0   0x0000000c   Code   RO         4556    i.vTaskMissedYield  tasks.o
    0x000024dc   0x000024dc   0x0000002c   Code   RO         4557    i.vTaskPlaceOnEventList  tasks.o
    0x00002508   0x00002508   0x00000058   Code   RO         4558    i.vTaskPlaceOnEventListRestricted  tasks.o
    0x00002560   0x00002560   0x00000080   Code   RO         4566    i.vTaskStartScheduler  tasks.o
    0x000025e0   0x000025e0   0x00000010   Code   RO         4568    i.vTaskSuspendAll   tasks.o
    0x000025f0   0x000025f0   0x000000b4   Code   RO         4569    i.vTaskSwitchContext  tasks.o
    0x000026a4   0x000026a4   0x0000000c   Code   RO         5073    i.xPortGetFreeHeapSize  heap_4.o
    0x000026b0   0x000026b0   0x00000038   Code   RO         5145    i.xPortStartScheduler  port.o
    0x000026e8   0x000026e8   0x00000062   Code   RO         4156    i.xQueueGenericCreate  queue.o
    0x0000274a   0x0000274a   0x000000b6   Code   RO         4157    i.xQueueGenericReset  queue.o
    0x00002800   0x00002800   0x0000015a   Code   RO         4158    i.xQueueGenericSend  queue.o
    0x0000295a   0x0000295a   0x00000138   Code   RO         4166    i.xQueueReceive     queue.o
    0x00002a92   0x00002a92   0x00000002   PAD
    0x00002a94   0x00002a94   0x00000078   Code   RO         4571    i.xTaskCheckForTimeOut  tasks.o
    0x00002b0c   0x00002b0c   0x00000064   Code   RO         4572    i.xTaskCreate       tasks.o
    0x00002b70   0x00002b70   0x00000024   Code   RO         4579    i.xTaskGetSchedulerState  tasks.o
    0x00002b94   0x00002b94   0x0000000c   Code   RO         4580    i.xTaskGetTickCount  tasks.o
    0x00002ba0   0x00002ba0   0x000001a8   Code   RO         4582    i.xTaskIncrementTick  tasks.o
    0x00002d48   0x00002d48   0x000000b4   Code   RO         4583    i.xTaskPriorityDisinherit  tasks.o
    0x00002dfc   0x00002dfc   0x00000108   Code   RO         4585    i.xTaskRemoveFromEventList  tasks.o
    0x00002f04   0x00002f04   0x0000015c   Code   RO         4586    i.xTaskResumeAll    tasks.o
    0x00003060   0x00003060   0x00000048   Code   RO         4920    i.xTimerCreateTimerTask  timers.o
    0x000030a8   0x000030a8   0x00000064   Data   RO         2820    .constdata          cw32f030_rcc.o
    0x0000310c   0x0000310c   0x00000020   Data   RO         5548    Region$$Table       anon$$obj.o


    Execution Region RW_IRAM1 (Exec base: 0x20000000, Load base: 0x0000312c, Size: 0x00001de0, Max: 0x00002000, ABSOLUTE)

    Exec Addr    Load Addr    Size         Type   Attr      Idx    E Section Name        Object

    0x20000000   0x0000312c   0x00000004   Data   RW           20    .data               system_cw32f030.o
    0x20000004   0x00003130   0x00000022   Data   RW          132    .data               main.o
    0x20000026   0x00003152   0x00000002   Data   RW          348    .data               interrupts_cw32f030.o
    0x20000028   0x00003154   0x00000009   Data   RW         3406    .data               cw32f030_systick.o
    0x20000031   0x0000315d   0x00000003   PAD
    0x20000034   0x00003160   0x00000040   Data   RW         4589    .data               tasks.o
    0x20000074   0x000031a0   0x00000014   Data   RW         4928    .data               timers.o
    0x20000088   0x000031b4   0x0000001c   Data   RW         5076    .data               heap_4.o
    0x200000a4   0x000031d0   0x00000004   Data   RW         5146    .data               port.o
    0x200000a8   0x000031d4   0x00000004   Data   RW         5522    .data               mc_p.l(stdout.o)
    0x200000ac        -       0x00000040   Zero   RW         4170    .bss                queue.o
    0x200000ec        -       0x000000c8   Zero   RW         4588    .bss                tasks.o
    0x200001b4        -       0x00000028   Zero   RW         4927    .bss                timers.o
    0x200001dc        -       0x00001800   Zero   RW         5075    .bss                heap_4.o
    0x200019dc   0x000031d8   0x00000004   PAD
    0x200019e0        -       0x00000400   Zero   RW            1    STACK               startup_cw32f030.o


==============================================================================

Image component sizes


      Code (inc. data)   RO Data    RW Data    ZI Data      Debug   Object Name

        44         14          0          0          0       1694   cw32f030_adc.o
        36          8          0          0          0        980   cw32f030_atim.o
        26          0          0          0          0       1344   cw32f030_btim.o
       268          4          0          0          0       1444   cw32f030_gpio.o
       174          4          0          0          0       2911   cw32f030_gtim.o
        28          0          0          0          0         76   cw32f030_i2c.o
       488         94        100          0          0       5077   cw32f030_rcc.o
       228         28          0          9          0      10190   cw32f030_systick.o
       420         10          0          0          0       3175   cw32f030_uart.o
         0          0          0          0          0       2516   event_groups.o
       168         20          0          0          0        903   gpio.o
       648         66          0         28       6144       5270   heap_4.o
       306         28          0          2          0      91436   interrupts_cw32f030.o
       150          0          0          0          0       2902   list.o
       820        400          0         34          0      21163   main.o
       402         58          0          4          0       6475   port.o
      1514          4          0          0         64      14027   queue.o
        28          8        192          0       1024        632   startup_cw32f030.o
        76         14          0          4          0     136887   system_cw32f030.o
      3068        368          0         64        200      26118   tasks.o
        80         10          0          0          0        866   tim.o
       942        102          0         20         40      10200   timers.o
       336         24          0          0          0       1954   uart.o

    ----------------------------------------------------------------------
     10278       1264        324        168       7476     348240   Object Totals
         0          0         32          0          0          0   (incl. Generated)
        28          0          0          3          4          0   (incl. Padding)

    ----------------------------------------------------------------------

      Code (inc. data)   RO Data    RW Data    ZI Data      Debug   Library Member Name

         0          0          0          0          0          0   entry.o
         0          0          0          0          0          0   entry10a.o
         0          0          0          0          0          0   entry11a.o
         4          0          0          0          0          0   entry12b.o
         8          4          0          0          0          0   entry2.o
         4          0          0          0          0          0   entry5.o
         0          0          0          0          0          0   entry7b.o
         0          0          0          0          0          0   entry8b.o
         8          4          0          0          0          0   entry9a.o
        30          0          0          0          0          0   handlers.o
        36          8          0          0          0         68   init.o
         0          0          0          0          0          0   iusefp.o
        32          0          0          0          0         68   llshl.o
        38          0          0          0          0         68   llsshr.o
        34          0          0          0          0         68   llushr.o
        36          0          0          0          0         60   memcpya.o
        36          0          0          0          0        100   memseta.o
       368         12          0          0          0        168   printf1.o
         0          0          0          4          0          0   stdout.o
        44          0          0          0          0         72   uidiv.o
       360          6          0          0          0        140   dadd.o
       236          0          0          0          0        216   depilogue.o
        60         10          0          0          0         68   dfixui.o
        40          0          0          0          0         60   f2d.o
       178          0          0          0          0        108   fadd.o
       124          0          0          0          0         72   fdiv.o
       130          0          0          0          0        144   fepilogue.o
        40          0          0          0          0         60   ffixui.o
        14          0          0          0          0         68   ffltui.o
       122          0          0          0          0         72   fmul.o

    ----------------------------------------------------------------------
      1986         44          0          4          0       1680   Library Totals
         4          0          0          0          0          0   (incl. Padding)

    ----------------------------------------------------------------------

      Code (inc. data)   RO Data    RW Data    ZI Data      Debug   Library Name

       678         28          0          4          0        672   mc_p.l
      1304         16          0          0          0       1008   mf_p.l

    ----------------------------------------------------------------------
      1986         44          0          4          0       1680   Library Totals

    ----------------------------------------------------------------------

==============================================================================


      Code (inc. data)   RO Data    RW Data    ZI Data      Debug   

     12264       1308        324        172       7476     342804   Grand Totals
     12264       1308        324        172       7476     342804   ELF Image Totals
     12264       1308        324        172          0          0   ROM Totals

==============================================================================

    Total RO  Size (Code + RO Data)                12588 (  12.29kB)
    Total RW  Size (RW Data + ZI Data)              7648 (   7.47kB)
    Total ROM Size (Code + RO Data + RW Data)      12760 (  12.46kB)

==============================================================================

