Component: ARM Compiler 5.06 update 7 (build 960) Tool: armlink [4d3601]

==============================================================================

Image Symbol Table

    Local Symbols

    Symbol Name                              Value     Ov Type        Size  Object(Section)

    RESET                                    0x00000000   Section      192  startup_cw32f030.o(RESET)
    ../clib/microlib/division.c              0x00000000   Number         0  uldiv.o ABSOLUTE
    ../clib/microlib/division.c              0x00000000   Number         0  uidiv.o ABSOLUTE
    ../clib/microlib/division.c              0x00000000   Number         0  ldiv.o ABSOLUTE
    ../clib/microlib/init/entry.s            0x00000000   Number         0  entry11a.o ABSOLUTE
    ../clib/microlib/init/entry.s            0x00000000   Number         0  entry7a.o ABSOLUTE
    ../clib/microlib/init/entry.s            0x00000000   Number         0  entry9a.o ABSOLUTE
    ../clib/microlib/init/entry.s            0x00000000   Number         0  entry8b.o ABSOLUTE
    ../clib/microlib/init/entry.s            0x00000000   Number         0  entry8a.o ABSOLUTE
    ../clib/microlib/init/entry.s            0x00000000   Number         0  entry9b.o ABSOLUTE
    ../clib/microlib/init/entry.s            0x00000000   Number         0  entry5.o ABSOLUTE
    ../clib/microlib/init/entry.s            0x00000000   Number         0  entry12b.o ABSOLUTE
    ../clib/microlib/init/entry.s            0x00000000   Number         0  entry11b.o ABSOLUTE
    ../clib/microlib/init/entry.s            0x00000000   Number         0  entry7b.o ABSOLUTE
    ../clib/microlib/init/entry.s            0x00000000   Number         0  entry12a.o ABSOLUTE
    ../clib/microlib/init/entry.s            0x00000000   Number         0  entry2.o ABSOLUTE
    ../clib/microlib/init/entry.s            0x00000000   Number         0  entry.o ABSOLUTE
    ../clib/microlib/init/entry.s            0x00000000   Number         0  entry10b.o ABSOLUTE
    ../clib/microlib/init/entry.s            0x00000000   Number         0  entry10a.o ABSOLUTE
    ../clib/microlib/longlong.c              0x00000000   Number         0  llshl.o ABSOLUTE
    ../clib/microlib/longlong.c              0x00000000   Number         0  llsshr.o ABSOLUTE
    ../clib/microlib/longlong.c              0x00000000   Number         0  llushr.o ABSOLUTE
    ../clib/microlib/printf/printf.c         0x00000000   Number         0  printf0.o ABSOLUTE
    ../clib/microlib/printf/printf.c         0x00000000   Number         0  printf1.o ABSOLUTE
    ../clib/microlib/printf/printf.c         0x00000000   Number         0  printfb.o ABSOLUTE
    ../clib/microlib/printf/printf.c         0x00000000   Number         0  printfa.o ABSOLUTE
    ../clib/microlib/printf/printf.c         0x00000000   Number         0  printf8.o ABSOLUTE
    ../clib/microlib/printf/printf.c         0x00000000   Number         0  printf7.o ABSOLUTE
    ../clib/microlib/printf/printf.c         0x00000000   Number         0  printf6.o ABSOLUTE
    ../clib/microlib/printf/printf.c         0x00000000   Number         0  printf5.o ABSOLUTE
    ../clib/microlib/printf/printf.c         0x00000000   Number         0  printf4.o ABSOLUTE
    ../clib/microlib/printf/printf.c         0x00000000   Number         0  printf3.o ABSOLUTE
    ../clib/microlib/printf/printf.c         0x00000000   Number         0  printf2.o ABSOLUTE
    ../clib/microlib/stdio/streams.c         0x00000000   Number         0  stdout.o ABSOLUTE
    ../clib/microlib/string/memcpy.c         0x00000000   Number         0  memcpya.o ABSOLUTE
    ../clib/microlib/string/memcpy.c         0x00000000   Number         0  memcpyb.o ABSOLUTE
    ../clib/microlib/stubs.s                 0x00000000   Number         0  iusefp.o ABSOLUTE
    ../fplib/microlib/f2d.c                  0x00000000   Number         0  f2d.o ABSOLUTE
    ../fplib/microlib/fpadd.c                0x00000000   Number         0  dadd.o ABSOLUTE
    ../fplib/microlib/fpadd.c                0x00000000   Number         0  fadd.o ABSOLUTE
    ../fplib/microlib/fpdiv.c                0x00000000   Number         0  fdiv.o ABSOLUTE
    ../fplib/microlib/fpdiv.c                0x00000000   Number         0  ddiv.o ABSOLUTE
    ../fplib/microlib/fpepilogue.c           0x00000000   Number         0  fepilogue.o ABSOLUTE
    ../fplib/microlib/fpepilogue.c           0x00000000   Number         0  depilogue.o ABSOLUTE
    ../fplib/microlib/fpfix.c                0x00000000   Number         0  dfixul.o ABSOLUTE
    ../fplib/microlib/fpfix.c                0x00000000   Number         0  dfixui.o ABSOLUTE
    ../fplib/microlib/fpfix.c                0x00000000   Number         0  ffixui.o ABSOLUTE
    ../fplib/microlib/fpflt.c                0x00000000   Number         0  ffltui.o ABSOLUTE
    ../fplib/microlib/fpflt.c                0x00000000   Number         0  fflti.o ABSOLUTE
    ../fplib/microlib/fpmul.c                0x00000000   Number         0  dmul.o ABSOLUTE
    ../fplib/microlib/fpmul.c                0x00000000   Number         0  fmul.o ABSOLUTE
    ..\IdeSupport\MDK\startup_cw32f030.s     0x00000000   Number         0  startup_cw32f030.o ABSOLUTE
    ..\Libraries\src\cw32f030_adc.c          0x00000000   Number         0  cw32f030_adc.o ABSOLUTE
    ..\Libraries\src\cw32f030_atim.c         0x00000000   Number         0  cw32f030_atim.o ABSOLUTE
    ..\Libraries\src\cw32f030_awt.c          0x00000000   Number         0  cw32f030_awt.o ABSOLUTE
    ..\Libraries\src\cw32f030_btim.c         0x00000000   Number         0  cw32f030_btim.o ABSOLUTE
    ..\Libraries\src\cw32f030_crc.c          0x00000000   Number         0  cw32f030_crc.o ABSOLUTE
    ..\Libraries\src\cw32f030_debug.c        0x00000000   Number         0  cw32f030_debug.o ABSOLUTE
    ..\Libraries\src\cw32f030_digitalsign.c  0x00000000   Number         0  cw32f030_digitalsign.o ABSOLUTE
    ..\Libraries\src\cw32f030_dma.c          0x00000000   Number         0  cw32f030_dma.o ABSOLUTE
    ..\Libraries\src\cw32f030_flash.c        0x00000000   Number         0  cw32f030_flash.o ABSOLUTE
    ..\Libraries\src\cw32f030_gpio.c         0x00000000   Number         0  cw32f030_gpio.o ABSOLUTE
    ..\Libraries\src\cw32f030_gtim.c         0x00000000   Number         0  cw32f030_gtim.o ABSOLUTE
    ..\Libraries\src\cw32f030_i2c.c          0x00000000   Number         0  cw32f030_i2c.o ABSOLUTE
    ..\Libraries\src\cw32f030_iwdt.c         0x00000000   Number         0  cw32f030_iwdt.o ABSOLUTE
    ..\Libraries\src\cw32f030_lvd.c          0x00000000   Number         0  cw32f030_lvd.o ABSOLUTE
    ..\Libraries\src\cw32f030_pwr.c          0x00000000   Number         0  cw32f030_pwr.o ABSOLUTE
    ..\Libraries\src\cw32f030_ram.c          0x00000000   Number         0  cw32f030_ram.o ABSOLUTE
    ..\Libraries\src\cw32f030_rcc.c          0x00000000   Number         0  cw32f030_rcc.o ABSOLUTE
    ..\Libraries\src\cw32f030_rtc.c          0x00000000   Number         0  cw32f030_rtc.o ABSOLUTE
    ..\Libraries\src\cw32f030_spi.c          0x00000000   Number         0  cw32f030_spi.o ABSOLUTE
    ..\Libraries\src\cw32f030_systick.c      0x00000000   Number         0  cw32f030_systick.o ABSOLUTE
    ..\Libraries\src\cw32f030_uart.c         0x00000000   Number         0  cw32f030_uart.o ABSOLUTE
    ..\Libraries\src\cw32f030_vc.c           0x00000000   Number         0  cw32f030_vc.o ABSOLUTE
    ..\Libraries\src\cw32f030_wwdt.c         0x00000000   Number         0  cw32f030_wwdt.o ABSOLUTE
    ..\Libraries\src\system_cw32f030.c       0x00000000   Number         0  system_cw32f030.o ABSOLUTE
    ..\USER\src\interrupts_cw32f030.c        0x00000000   Number         0  interrupts_cw32f030.o ABSOLUTE
    ..\USER\src\main.c                       0x00000000   Number         0  main.o ABSOLUTE
    ..\\Libraries\\src\\cw32f030_adc.c       0x00000000   Number         0  cw32f030_adc.o ABSOLUTE
    ..\\Libraries\\src\\cw32f030_atim.c      0x00000000   Number         0  cw32f030_atim.o ABSOLUTE
    ..\\Libraries\\src\\cw32f030_awt.c       0x00000000   Number         0  cw32f030_awt.o ABSOLUTE
    ..\\Libraries\\src\\cw32f030_btim.c      0x00000000   Number         0  cw32f030_btim.o ABSOLUTE
    ..\\Libraries\\src\\cw32f030_crc.c       0x00000000   Number         0  cw32f030_crc.o ABSOLUTE
    ..\\Libraries\\src\\cw32f030_debug.c     0x00000000   Number         0  cw32f030_debug.o ABSOLUTE
    ..\\Libraries\\src\\cw32f030_digitalsign.c 0x00000000   Number         0  cw32f030_digitalsign.o ABSOLUTE
    ..\\Libraries\\src\\cw32f030_dma.c       0x00000000   Number         0  cw32f030_dma.o ABSOLUTE
    ..\\Libraries\\src\\cw32f030_flash.c     0x00000000   Number         0  cw32f030_flash.o ABSOLUTE
    ..\\Libraries\\src\\cw32f030_gpio.c      0x00000000   Number         0  cw32f030_gpio.o ABSOLUTE
    ..\\Libraries\\src\\cw32f030_gtim.c      0x00000000   Number         0  cw32f030_gtim.o ABSOLUTE
    ..\\Libraries\\src\\cw32f030_i2c.c       0x00000000   Number         0  cw32f030_i2c.o ABSOLUTE
    ..\\Libraries\\src\\cw32f030_iwdt.c      0x00000000   Number         0  cw32f030_iwdt.o ABSOLUTE
    ..\\Libraries\\src\\cw32f030_lvd.c       0x00000000   Number         0  cw32f030_lvd.o ABSOLUTE
    ..\\Libraries\\src\\cw32f030_pwr.c       0x00000000   Number         0  cw32f030_pwr.o ABSOLUTE
    ..\\Libraries\\src\\cw32f030_ram.c       0x00000000   Number         0  cw32f030_ram.o ABSOLUTE
    ..\\Libraries\\src\\cw32f030_rcc.c       0x00000000   Number         0  cw32f030_rcc.o ABSOLUTE
    ..\\Libraries\\src\\cw32f030_rtc.c       0x00000000   Number         0  cw32f030_rtc.o ABSOLUTE
    ..\\Libraries\\src\\cw32f030_spi.c       0x00000000   Number         0  cw32f030_spi.o ABSOLUTE
    ..\\Libraries\\src\\cw32f030_systick.c   0x00000000   Number         0  cw32f030_systick.o ABSOLUTE
    ..\\Libraries\\src\\cw32f030_uart.c      0x00000000   Number         0  cw32f030_uart.o ABSOLUTE
    ..\\Libraries\\src\\cw32f030_vc.c        0x00000000   Number         0  cw32f030_vc.o ABSOLUTE
    ..\\Libraries\\src\\cw32f030_wwdt.c      0x00000000   Number         0  cw32f030_wwdt.o ABSOLUTE
    ..\\Libraries\\src\\system_cw32f030.c    0x00000000   Number         0  system_cw32f030.o ABSOLUTE
    ..\\USER\\src\\interrupts_cw32f030.c     0x00000000   Number         0  interrupts_cw32f030.o ABSOLUTE
    ..\\USER\\src\\main.c                    0x00000000   Number         0  main.o ABSOLUTE
    cdrcmple.s                               0x00000000   Number         0  cdrcmple.o ABSOLUTE
    dc.s                                     0x00000000   Number         0  dc.o ABSOLUTE
    handlers.s                               0x00000000   Number         0  handlers.o ABSOLUTE
    init.s                                   0x00000000   Number         0  init.o ABSOLUTE
    .ARM.Collect$$$$00000000                 0x000000c0   Section        0  entry.o(.ARM.Collect$$$$00000000)
    .ARM.Collect$$$$00000001                 0x000000c0   Section        4  entry2.o(.ARM.Collect$$$$00000001)
    .ARM.Collect$$$$00000004                 0x000000c4   Section        4  entry5.o(.ARM.Collect$$$$00000004)
    .ARM.Collect$$$$00000008                 0x000000c8   Section        0  entry7b.o(.ARM.Collect$$$$00000008)
    .ARM.Collect$$$$0000000A                 0x000000c8   Section        0  entry8b.o(.ARM.Collect$$$$0000000A)
    .ARM.Collect$$$$0000000B                 0x000000c8   Section        8  entry9a.o(.ARM.Collect$$$$0000000B)
    .ARM.Collect$$$$0000000E                 0x000000d0   Section        4  entry12b.o(.ARM.Collect$$$$0000000E)
    .ARM.Collect$$$$0000000F                 0x000000d4   Section        0  entry10a.o(.ARM.Collect$$$$0000000F)
    .ARM.Collect$$$$00000011                 0x000000d4   Section        0  entry11a.o(.ARM.Collect$$$$00000011)
    .ARM.Collect$$$$00002712                 0x000000d4   Section        4  entry2.o(.ARM.Collect$$$$00002712)
    __lit__00000000                          0x000000d4   Data           4  entry2.o(.ARM.Collect$$$$00002712)
    .text                                    0x000000d8   Section       28  startup_cw32f030.o(.text)
    .text                                    0x000000f4   Section        0  fadd.o(.text)
    .text                                    0x000001a6   Section        0  fmul.o(.text)
    .text                                    0x00000220   Section        0  fdiv.o(.text)
    .text                                    0x0000029c   Section        0  dadd.o(.text)
    .text                                    0x00000404   Section        0  ffltui.o(.text)
    .text                                    0x00000412   Section        0  ffixui.o(.text)
    .text                                    0x0000043c   Section        0  dfixui.o(.text)
    .text                                    0x00000478   Section        0  f2d.o(.text)
    .text                                    0x000004a0   Section        0  llshl.o(.text)
    .text                                    0x000004c0   Section        0  llushr.o(.text)
    .text                                    0x000004e2   Section        0  llsshr.o(.text)
    .text                                    0x00000508   Section        0  iusefp.o(.text)
    .text                                    0x00000508   Section        0  fepilogue.o(.text)
    .text                                    0x0000058a   Section        0  depilogue.o(.text)
    .text                                    0x00000648   Section       36  init.o(.text)
    i.ADC_IRQHandler                         0x0000066c   Section        0  interrupts_cw32f030.o(i.ADC_IRQHandler)
    i.ATIM_IRQHandler                        0x0000066e   Section        0  interrupts_cw32f030.o(i.ATIM_IRQHandler)
    i.AWT_IRQHandler                         0x00000670   Section        0  interrupts_cw32f030.o(i.AWT_IRQHandler)
    i.BTIM1_IRQHandler                       0x00000672   Section        0  interrupts_cw32f030.o(i.BTIM1_IRQHandler)
    i.BTIM2_IRQHandler                       0x00000674   Section        0  interrupts_cw32f030.o(i.BTIM2_IRQHandler)
    i.BTIM3_IRQHandler                       0x00000676   Section        0  interrupts_cw32f030.o(i.BTIM3_IRQHandler)
    i.DMACH1_IRQHandler                      0x00000678   Section        0  interrupts_cw32f030.o(i.DMACH1_IRQHandler)
    i.DMACH23_IRQHandler                     0x0000067a   Section        0  interrupts_cw32f030.o(i.DMACH23_IRQHandler)
    i.DMACH45_IRQHandler                     0x0000067c   Section        0  interrupts_cw32f030.o(i.DMACH45_IRQHandler)
    i.FAULT_IRQHandler                       0x0000067e   Section        0  interrupts_cw32f030.o(i.FAULT_IRQHandler)
    i.FLASHRAM_IRQHandler                    0x00000680   Section        0  interrupts_cw32f030.o(i.FLASHRAM_IRQHandler)
    i.GPIOA_IRQHandler                       0x00000682   Section        0  interrupts_cw32f030.o(i.GPIOA_IRQHandler)
    i.GPIOB_IRQHandler                       0x00000684   Section        0  interrupts_cw32f030.o(i.GPIOB_IRQHandler)
    i.GPIOC_IRQHandler                       0x00000686   Section        0  interrupts_cw32f030.o(i.GPIOC_IRQHandler)
    i.GPIOF_IRQHandler                       0x00000688   Section        0  interrupts_cw32f030.o(i.GPIOF_IRQHandler)
    i.GPIO_Configuration                     0x0000068c   Section        0  main.o(i.GPIO_Configuration)
    i.GPIO_Init                              0x000006e4   Section        0  cw32f030_gpio.o(i.GPIO_Init)
    i.GTIM1_IRQHandler                       0x000007e4   Section        0  interrupts_cw32f030.o(i.GTIM1_IRQHandler)
    i.GTIM2_IRQHandler                       0x000007e6   Section        0  interrupts_cw32f030.o(i.GTIM2_IRQHandler)
    i.GTIM3_IRQHandler                       0x000007e8   Section        0  interrupts_cw32f030.o(i.GTIM3_IRQHandler)
    i.GTIM4_IRQHandler                       0x000007ea   Section        0  interrupts_cw32f030.o(i.GTIM4_IRQHandler)
    i.HardFault_Handler                      0x000007ec   Section        0  interrupts_cw32f030.o(i.HardFault_Handler)
    i.I2C1_IRQHandler                        0x000007f0   Section        0  interrupts_cw32f030.o(i.I2C1_IRQHandler)
    i.I2C2_IRQHandler                        0x000007f2   Section        0  interrupts_cw32f030.o(i.I2C2_IRQHandler)
    i.LVD_IRQHandler                         0x000007f4   Section        0  interrupts_cw32f030.o(i.LVD_IRQHandler)
    i.NMI_Handler                            0x000007f6   Section        0  interrupts_cw32f030.o(i.NMI_Handler)
    i.NVIC_Configuration                     0x000007f8   Section        0  main.o(i.NVIC_Configuration)
    i.PendSV_Handler                         0x00000824   Section        0  interrupts_cw32f030.o(i.PendSV_Handler)
    i.RCC_AHBPeriphClk_Enable                0x00000828   Section        0  cw32f030_rcc.o(i.RCC_AHBPeriphClk_Enable)
    i.RCC_APBPeriphClk_Enable2               0x00000848   Section        0  cw32f030_rcc.o(i.RCC_APBPeriphClk_Enable2)
    i.RCC_Configuration                      0x00000868   Section        0  main.o(i.RCC_Configuration)
    i.RCC_HSI_Enable                         0x00000884   Section        0  cw32f030_rcc.o(i.RCC_HSI_Enable)
    i.RCC_IRQHandler                         0x000008b8   Section        0  interrupts_cw32f030.o(i.RCC_IRQHandler)
    i.RTC_IRQHandler                         0x000008ba   Section        0  interrupts_cw32f030.o(i.RTC_IRQHandler)
    i.SPI1_IRQHandler                        0x000008bc   Section        0  interrupts_cw32f030.o(i.SPI1_IRQHandler)
    i.SPI2_IRQHandler                        0x000008be   Section        0  interrupts_cw32f030.o(i.SPI2_IRQHandler)
    i.SVC_Handler                            0x000008c0   Section        0  interrupts_cw32f030.o(i.SVC_Handler)
    i.SysTick_Handler                        0x000008c4   Section        0  cw32f030_systick.o(i.SysTick_Handler)
    i.SystemCoreClockUpdate                  0x000008dc   Section        0  system_cw32f030.o(i.SystemCoreClockUpdate)
    i.SystemInit                             0x000008ec   Section        0  system_cw32f030.o(i.SystemInit)
    i.UART1_IRQHandler                       0x00000928   Section        0  interrupts_cw32f030.o(i.UART1_IRQHandler)
    i.UART2_IRQHandler                       0x00000954   Section        0  interrupts_cw32f030.o(i.UART2_IRQHandler)
    i.UART3_IRQHandler                       0x00000956   Section        0  interrupts_cw32f030.o(i.UART3_IRQHandler)
    i.UART_Configuration                     0x00000958   Section        0  main.o(i.UART_Configuration)
    i.USART_ClearITPendingBit                0x00000990   Section        0  cw32f030_uart.o(i.USART_ClearITPendingBit)
    i.USART_GetFlagStatus                    0x00000998   Section        0  cw32f030_uart.o(i.USART_GetFlagStatus)
    i.USART_GetITStatus                      0x000009aa   Section        0  cw32f030_uart.o(i.USART_GetITStatus)
    i.USART_ITConfig                         0x000009bc   Section        0  cw32f030_uart.o(i.USART_ITConfig)
    i.USART_Init                             0x000009d8   Section        0  cw32f030_uart.o(i.USART_Init)
    i.USART_ReceiveData_8bit                 0x00000b4c   Section        0  cw32f030_uart.o(i.USART_ReceiveData_8bit)
    i.USART_SendData_8bit                    0x00000b54   Section        0  cw32f030_uart.o(i.USART_SendData_8bit)
    i.VC1_IRQHandler                         0x00000b58   Section        0  interrupts_cw32f030.o(i.VC1_IRQHandler)
    i.VC2_IRQHandler                         0x00000b5a   Section        0  interrupts_cw32f030.o(i.VC2_IRQHandler)
    i.WDT_IRQHandler                         0x00000b5c   Section        0  interrupts_cw32f030.o(i.WDT_IRQHandler)
    i.__0printf$bare                         0x00000b60   Section        0  printfb.o(i.__0printf$bare)
    i.__ARM_clz                              0x00000b74   Section        0  depilogue.o(i.__ARM_clz)
    i.__NVIC_SetPriority                     0x00000ba4   Section        0  main.o(i.__NVIC_SetPriority)
    __NVIC_SetPriority                       0x00000ba5   Thumb Code   110  main.o(i.__NVIC_SetPriority)
    i.__scatterload_copy                     0x00000c1c   Section       14  handlers.o(i.__scatterload_copy)
    i.__scatterload_null                     0x00000c2a   Section        2  handlers.o(i.__scatterload_null)
    i.__scatterload_zeroinit                 0x00000c2c   Section       14  handlers.o(i.__scatterload_zeroinit)
    i._printf_core                           0x00000c3a   Section        0  printfb.o(i._printf_core)
    _printf_core                             0x00000c3b   Thumb Code    30  printfb.o(i._printf_core)
    i.fputc                                  0x00000c58   Section        0  main.o(i.fputc)
    i.main                                   0x00000c7c   Section        0  main.o(i.main)
    .data                                    0x20000000   Section        4  system_cw32f030.o(.data)
    .data                                    0x20000004   Section        9  cw32f030_systick.o(.data)
    .data                                    0x20000010   Section        4  stdout.o(.data)
    STACK                                    0x20000018   Section      512  startup_cw32f030.o(STACK)

    Global Symbols

    Symbol Name                              Value     Ov Type        Size  Object(Section)

    BuildAttributes$$THM_ISAv3M$S$PE$A:L22$X:L11$S22$IEEE1$IW$USESV6$~STKCKD$USESV7$~SHL$OTIME$ROPI$EBA8$MICROLIB$REQ8$PRES8$EABIv2 0x00000000   Number         0  anon$$obj.o ABSOLUTE
    __ARM_use_no_argv                        0x00000000   Number         0  main.o ABSOLUTE
    __Vectors                                0x00000000   Data           0  startup_cw32f030.o(RESET)
    __arm_fini_                               - Undefined Weak Reference
    __cpp_initialize__aeabi_                  - Undefined Weak Reference
    __cxa_finalize                            - Undefined Weak Reference
    __decompress                              - Undefined Weak Reference
    _clock_init                               - Undefined Weak Reference
    _microlib_exit                            - Undefined Weak Reference
    __Vectors_End                            0x000000c0   Data           0  startup_cw32f030.o(RESET)
    __Vectors_Size                           0x000000c0   Number         0  startup_cw32f030.o ABSOLUTE
    __main                                   0x000000c1   Thumb Code     0  entry.o(.ARM.Collect$$$$00000000)
    _main_stk                                0x000000c1   Thumb Code     0  entry2.o(.ARM.Collect$$$$00000001)
    _main_scatterload                        0x000000c5   Thumb Code     0  entry5.o(.ARM.Collect$$$$00000004)
    __main_after_scatterload                 0x000000c9   Thumb Code     0  entry5.o(.ARM.Collect$$$$00000004)
    _main_clock                              0x000000c9   Thumb Code     0  entry7b.o(.ARM.Collect$$$$00000008)
    _main_cpp_init                           0x000000c9   Thumb Code     0  entry8b.o(.ARM.Collect$$$$0000000A)
    _main_init                               0x000000c9   Thumb Code     0  entry9a.o(.ARM.Collect$$$$0000000B)
    __rt_lib_shutdown_fini                   0x000000d1   Thumb Code     0  entry12b.o(.ARM.Collect$$$$0000000E)
    __rt_final_cpp                           0x000000d5   Thumb Code     0  entry10a.o(.ARM.Collect$$$$0000000F)
    __rt_final_exit                          0x000000d5   Thumb Code     0  entry11a.o(.ARM.Collect$$$$00000011)
    Reset_Handler                            0x000000d9   Thumb Code     8  startup_cw32f030.o(.text)
    __aeabi_fadd                             0x000000f5   Thumb Code   162  fadd.o(.text)
    __aeabi_fsub                             0x00000197   Thumb Code     8  fadd.o(.text)
    __aeabi_frsub                            0x0000019f   Thumb Code     8  fadd.o(.text)
    __aeabi_fmul                             0x000001a7   Thumb Code   122  fmul.o(.text)
    __aeabi_fdiv                             0x00000221   Thumb Code   124  fdiv.o(.text)
    __aeabi_dadd                             0x0000029d   Thumb Code   330  dadd.o(.text)
    __aeabi_dsub                             0x000003e7   Thumb Code    12  dadd.o(.text)
    __aeabi_drsub                            0x000003f3   Thumb Code    12  dadd.o(.text)
    __aeabi_ui2f                             0x00000405   Thumb Code    14  ffltui.o(.text)
    __aeabi_f2uiz                            0x00000413   Thumb Code    40  ffixui.o(.text)
    __aeabi_d2uiz                            0x0000043d   Thumb Code    50  dfixui.o(.text)
    __aeabi_f2d                              0x00000479   Thumb Code    40  f2d.o(.text)
    __aeabi_llsl                             0x000004a1   Thumb Code    32  llshl.o(.text)
    _ll_shift_l                              0x000004a1   Thumb Code     0  llshl.o(.text)
    __aeabi_llsr                             0x000004c1   Thumb Code    34  llushr.o(.text)
    _ll_ushift_r                             0x000004c1   Thumb Code     0  llushr.o(.text)
    __aeabi_lasr                             0x000004e3   Thumb Code    38  llsshr.o(.text)
    _ll_sshift_r                             0x000004e3   Thumb Code     0  llsshr.o(.text)
    __I$use$fp                               0x00000509   Thumb Code     0  iusefp.o(.text)
    _float_round                             0x00000509   Thumb Code    16  fepilogue.o(.text)
    _float_epilogue                          0x00000519   Thumb Code   114  fepilogue.o(.text)
    _double_round                            0x0000058b   Thumb Code    26  depilogue.o(.text)
    _double_epilogue                         0x000005a5   Thumb Code   164  depilogue.o(.text)
    __scatterload                            0x00000649   Thumb Code    28  init.o(.text)
    __scatterload_rt2                        0x00000649   Thumb Code     0  init.o(.text)
    ADC_IRQHandler                           0x0000066d   Thumb Code     2  interrupts_cw32f030.o(i.ADC_IRQHandler)
    ATIM_IRQHandler                          0x0000066f   Thumb Code     2  interrupts_cw32f030.o(i.ATIM_IRQHandler)
    AWT_IRQHandler                           0x00000671   Thumb Code     2  interrupts_cw32f030.o(i.AWT_IRQHandler)
    BTIM1_IRQHandler                         0x00000673   Thumb Code     2  interrupts_cw32f030.o(i.BTIM1_IRQHandler)
    BTIM2_IRQHandler                         0x00000675   Thumb Code     2  interrupts_cw32f030.o(i.BTIM2_IRQHandler)
    BTIM3_IRQHandler                         0x00000677   Thumb Code     2  interrupts_cw32f030.o(i.BTIM3_IRQHandler)
    DMACH1_IRQHandler                        0x00000679   Thumb Code     2  interrupts_cw32f030.o(i.DMACH1_IRQHandler)
    DMACH23_IRQHandler                       0x0000067b   Thumb Code     2  interrupts_cw32f030.o(i.DMACH23_IRQHandler)
    DMACH45_IRQHandler                       0x0000067d   Thumb Code     2  interrupts_cw32f030.o(i.DMACH45_IRQHandler)
    FAULT_IRQHandler                         0x0000067f   Thumb Code     2  interrupts_cw32f030.o(i.FAULT_IRQHandler)
    FLASHRAM_IRQHandler                      0x00000681   Thumb Code     2  interrupts_cw32f030.o(i.FLASHRAM_IRQHandler)
    GPIOA_IRQHandler                         0x00000683   Thumb Code     2  interrupts_cw32f030.o(i.GPIOA_IRQHandler)
    GPIOB_IRQHandler                         0x00000685   Thumb Code     2  interrupts_cw32f030.o(i.GPIOB_IRQHandler)
    GPIOC_IRQHandler                         0x00000687   Thumb Code     2  interrupts_cw32f030.o(i.GPIOC_IRQHandler)
    GPIOF_IRQHandler                         0x00000689   Thumb Code     2  interrupts_cw32f030.o(i.GPIOF_IRQHandler)
    GPIO_Configuration                       0x0000068d   Thumb Code    82  main.o(i.GPIO_Configuration)
    GPIO_Init                                0x000006e5   Thumb Code   252  cw32f030_gpio.o(i.GPIO_Init)
    GTIM1_IRQHandler                         0x000007e5   Thumb Code     2  interrupts_cw32f030.o(i.GTIM1_IRQHandler)
    GTIM2_IRQHandler                         0x000007e7   Thumb Code     2  interrupts_cw32f030.o(i.GTIM2_IRQHandler)
    GTIM3_IRQHandler                         0x000007e9   Thumb Code     2  interrupts_cw32f030.o(i.GTIM3_IRQHandler)
    GTIM4_IRQHandler                         0x000007eb   Thumb Code     2  interrupts_cw32f030.o(i.GTIM4_IRQHandler)
    HardFault_Handler                        0x000007ed   Thumb Code     4  interrupts_cw32f030.o(i.HardFault_Handler)
    I2C1_IRQHandler                          0x000007f1   Thumb Code     2  interrupts_cw32f030.o(i.I2C1_IRQHandler)
    I2C2_IRQHandler                          0x000007f3   Thumb Code     2  interrupts_cw32f030.o(i.I2C2_IRQHandler)
    LVD_IRQHandler                           0x000007f5   Thumb Code     2  interrupts_cw32f030.o(i.LVD_IRQHandler)
    NMI_Handler                              0x000007f7   Thumb Code     2  interrupts_cw32f030.o(i.NMI_Handler)
    NVIC_Configuration                       0x000007f9   Thumb Code    40  main.o(i.NVIC_Configuration)
    PendSV_Handler                           0x00000825   Thumb Code     2  interrupts_cw32f030.o(i.PendSV_Handler)
    RCC_AHBPeriphClk_Enable                  0x00000829   Thumb Code    28  cw32f030_rcc.o(i.RCC_AHBPeriphClk_Enable)
    RCC_APBPeriphClk_Enable2                 0x00000849   Thumb Code    28  cw32f030_rcc.o(i.RCC_APBPeriphClk_Enable2)
    RCC_Configuration                        0x00000869   Thumb Code    26  main.o(i.RCC_Configuration)
    RCC_HSI_Enable                           0x00000885   Thumb Code    44  cw32f030_rcc.o(i.RCC_HSI_Enable)
    RCC_IRQHandler                           0x000008b9   Thumb Code     2  interrupts_cw32f030.o(i.RCC_IRQHandler)
    RTC_IRQHandler                           0x000008bb   Thumb Code     2  interrupts_cw32f030.o(i.RTC_IRQHandler)
    SPI1_IRQHandler                          0x000008bd   Thumb Code     2  interrupts_cw32f030.o(i.SPI1_IRQHandler)
    SPI2_IRQHandler                          0x000008bf   Thumb Code     2  interrupts_cw32f030.o(i.SPI2_IRQHandler)
    SVC_Handler                              0x000008c1   Thumb Code     2  interrupts_cw32f030.o(i.SVC_Handler)
    SysTick_Handler                          0x000008c5   Thumb Code    16  cw32f030_systick.o(i.SysTick_Handler)
    SystemCoreClockUpdate                    0x000008dd   Thumb Code     8  system_cw32f030.o(i.SystemCoreClockUpdate)
    SystemInit                               0x000008ed   Thumb Code    54  system_cw32f030.o(i.SystemInit)
    UART1_IRQHandler                         0x00000929   Thumb Code    40  interrupts_cw32f030.o(i.UART1_IRQHandler)
    UART2_IRQHandler                         0x00000955   Thumb Code     2  interrupts_cw32f030.o(i.UART2_IRQHandler)
    UART3_IRQHandler                         0x00000957   Thumb Code     2  interrupts_cw32f030.o(i.UART3_IRQHandler)
    UART_Configuration                       0x00000959   Thumb Code    48  main.o(i.UART_Configuration)
    USART_ClearITPendingBit                  0x00000991   Thumb Code     8  cw32f030_uart.o(i.USART_ClearITPendingBit)
    USART_GetFlagStatus                      0x00000999   Thumb Code    18  cw32f030_uart.o(i.USART_GetFlagStatus)
    USART_GetITStatus                        0x000009ab   Thumb Code    18  cw32f030_uart.o(i.USART_GetITStatus)
    USART_ITConfig                           0x000009bd   Thumb Code    26  cw32f030_uart.o(i.USART_ITConfig)
    USART_Init                               0x000009d9   Thumb Code   362  cw32f030_uart.o(i.USART_Init)
    USART_ReceiveData_8bit                   0x00000b4d   Thumb Code     8  cw32f030_uart.o(i.USART_ReceiveData_8bit)
    USART_SendData_8bit                      0x00000b55   Thumb Code     4  cw32f030_uart.o(i.USART_SendData_8bit)
    VC1_IRQHandler                           0x00000b59   Thumb Code     2  interrupts_cw32f030.o(i.VC1_IRQHandler)
    VC2_IRQHandler                           0x00000b5b   Thumb Code     2  interrupts_cw32f030.o(i.VC2_IRQHandler)
    WDT_IRQHandler                           0x00000b5d   Thumb Code     2  interrupts_cw32f030.o(i.WDT_IRQHandler)
    __0printf$bare                           0x00000b61   Thumb Code    12  printfb.o(i.__0printf$bare)
    __1printf$bare                           0x00000b61   Thumb Code     0  printfb.o(i.__0printf$bare)
    __2printf                                0x00000b61   Thumb Code     0  printfb.o(i.__0printf$bare)
    __ARM_clz                                0x00000b75   Thumb Code    46  depilogue.o(i.__ARM_clz)
    __scatterload_copy                       0x00000c1d   Thumb Code    14  handlers.o(i.__scatterload_copy)
    __scatterload_null                       0x00000c2b   Thumb Code     2  handlers.o(i.__scatterload_null)
    __scatterload_zeroinit                   0x00000c2d   Thumb Code    14  handlers.o(i.__scatterload_zeroinit)
    fputc                                    0x00000c59   Thumb Code    32  main.o(i.fputc)
    main                                     0x00000c7d   Thumb Code    36  main.o(i.main)
    Region$$Table$$Base                      0x00000cb4   Number         0  anon$$obj.o(Region$$Table)
    Region$$Table$$Limit                     0x00000cd4   Number         0  anon$$obj.o(Region$$Table)
    SystemCoreClock                          0x20000000   Data           4  system_cw32f030.o(.data)
    uwTick                                   0x20000004   Data           4  cw32f030_systick.o(.data)
    uwTickPrio                               0x20000008   Data           4  cw32f030_systick.o(.data)
    uwTickFreq                               0x2000000c   Data           1  cw32f030_systick.o(.data)
    __stdout                                 0x20000010   Data           4  stdout.o(.data)
    __initial_sp                             0x20000218   Data           0  startup_cw32f030.o(STACK)



==============================================================================

Memory Map of the image

  Image Entry point : 0x000000c1

  Load Region LR_IROM1 (Base: 0x00000000, Size: 0x00000ce8, Max: 0x00010000, ABSOLUTE)

    Execution Region ER_IROM1 (Exec base: 0x00000000, Load base: 0x00000000, Size: 0x00000cd4, Max: 0x00010000, ABSOLUTE)

    Exec Addr    Load Addr    Size         Type   Attr      Idx    E Section Name        Object

    0x00000000   0x00000000   0x000000c0   Data   RO            3    RESET               startup_cw32f030.o
    0x000000c0   0x000000c0   0x00000000   Code   RO         3548  * .ARM.Collect$$$$00000000  mc_p.l(entry.o)
    0x000000c0   0x000000c0   0x00000004   Code   RO         3837    .ARM.Collect$$$$00000001  mc_p.l(entry2.o)
    0x000000c4   0x000000c4   0x00000004   Code   RO         3840    .ARM.Collect$$$$00000004  mc_p.l(entry5.o)
    0x000000c8   0x000000c8   0x00000000   Code   RO         3842    .ARM.Collect$$$$00000008  mc_p.l(entry7b.o)
    0x000000c8   0x000000c8   0x00000000   Code   RO         3844    .ARM.Collect$$$$0000000A  mc_p.l(entry8b.o)
    0x000000c8   0x000000c8   0x00000008   Code   RO         3845    .ARM.Collect$$$$0000000B  mc_p.l(entry9a.o)
    0x000000d0   0x000000d0   0x00000004   Code   RO         3852    .ARM.Collect$$$$0000000E  mc_p.l(entry12b.o)
    0x000000d4   0x000000d4   0x00000000   Code   RO         3847    .ARM.Collect$$$$0000000F  mc_p.l(entry10a.o)
    0x000000d4   0x000000d4   0x00000000   Code   RO         3849    .ARM.Collect$$$$00000011  mc_p.l(entry11a.o)
    0x000000d4   0x000000d4   0x00000004   Code   RO         3838    .ARM.Collect$$$$00002712  mc_p.l(entry2.o)
    0x000000d8   0x000000d8   0x0000001c   Code   RO            4    .text               startup_cw32f030.o
    0x000000f4   0x000000f4   0x000000b2   Code   RO         3819    .text               mf_p.l(fadd.o)
    0x000001a6   0x000001a6   0x0000007a   Code   RO         3821    .text               mf_p.l(fmul.o)
    0x00000220   0x00000220   0x0000007c   Code   RO         3823    .text               mf_p.l(fdiv.o)
    0x0000029c   0x0000029c   0x00000168   Code   RO         3825    .text               mf_p.l(dadd.o)
    0x00000404   0x00000404   0x0000000e   Code   RO         3829    .text               mf_p.l(ffltui.o)
    0x00000412   0x00000412   0x00000028   Code   RO         3831    .text               mf_p.l(ffixui.o)
    0x0000043a   0x0000043a   0x00000002   PAD
    0x0000043c   0x0000043c   0x0000003c   Code   RO         3833    .text               mf_p.l(dfixui.o)
    0x00000478   0x00000478   0x00000028   Code   RO         3835    .text               mf_p.l(f2d.o)
    0x000004a0   0x000004a0   0x00000020   Code   RO         3856    .text               mc_p.l(llshl.o)
    0x000004c0   0x000004c0   0x00000022   Code   RO         3858    .text               mc_p.l(llushr.o)
    0x000004e2   0x000004e2   0x00000026   Code   RO         3860    .text               mc_p.l(llsshr.o)
    0x00000508   0x00000508   0x00000000   Code   RO         3862    .text               mc_p.l(iusefp.o)
    0x00000508   0x00000508   0x00000082   Code   RO         3863    .text               mf_p.l(fepilogue.o)
    0x0000058a   0x0000058a   0x000000be   Code   RO         3865    .text               mf_p.l(depilogue.o)
    0x00000648   0x00000648   0x00000024   Code   RO         3877    .text               mc_p.l(init.o)
    0x0000066c   0x0000066c   0x00000002   Code   RO          192    i.ADC_IRQHandler    interrupts_cw32f030.o
    0x0000066e   0x0000066e   0x00000002   Code   RO          193    i.ATIM_IRQHandler   interrupts_cw32f030.o
    0x00000670   0x00000670   0x00000002   Code   RO          194    i.AWT_IRQHandler    interrupts_cw32f030.o
    0x00000672   0x00000672   0x00000002   Code   RO          195    i.BTIM1_IRQHandler  interrupts_cw32f030.o
    0x00000674   0x00000674   0x00000002   Code   RO          196    i.BTIM2_IRQHandler  interrupts_cw32f030.o
    0x00000676   0x00000676   0x00000002   Code   RO          197    i.BTIM3_IRQHandler  interrupts_cw32f030.o
    0x00000678   0x00000678   0x00000002   Code   RO          198    i.DMACH1_IRQHandler  interrupts_cw32f030.o
    0x0000067a   0x0000067a   0x00000002   Code   RO          199    i.DMACH23_IRQHandler  interrupts_cw32f030.o
    0x0000067c   0x0000067c   0x00000002   Code   RO          200    i.DMACH45_IRQHandler  interrupts_cw32f030.o
    0x0000067e   0x0000067e   0x00000002   Code   RO          201    i.FAULT_IRQHandler  interrupts_cw32f030.o
    0x00000680   0x00000680   0x00000002   Code   RO          202    i.FLASHRAM_IRQHandler  interrupts_cw32f030.o
    0x00000682   0x00000682   0x00000002   Code   RO          203    i.GPIOA_IRQHandler  interrupts_cw32f030.o
    0x00000684   0x00000684   0x00000002   Code   RO          204    i.GPIOB_IRQHandler  interrupts_cw32f030.o
    0x00000686   0x00000686   0x00000002   Code   RO          205    i.GPIOC_IRQHandler  interrupts_cw32f030.o
    0x00000688   0x00000688   0x00000002   Code   RO          206    i.GPIOF_IRQHandler  interrupts_cw32f030.o
    0x0000068a   0x0000068a   0x00000002   PAD
    0x0000068c   0x0000068c   0x00000058   Code   RO          112    i.GPIO_Configuration  main.o
    0x000006e4   0x000006e4   0x00000100   Code   RO         1618    i.GPIO_Init         cw32f030_gpio.o
    0x000007e4   0x000007e4   0x00000002   Code   RO          207    i.GTIM1_IRQHandler  interrupts_cw32f030.o
    0x000007e6   0x000007e6   0x00000002   Code   RO          208    i.GTIM2_IRQHandler  interrupts_cw32f030.o
    0x000007e8   0x000007e8   0x00000002   Code   RO          209    i.GTIM3_IRQHandler  interrupts_cw32f030.o
    0x000007ea   0x000007ea   0x00000002   Code   RO          210    i.GTIM4_IRQHandler  interrupts_cw32f030.o
    0x000007ec   0x000007ec   0x00000004   Code   RO          211    i.HardFault_Handler  interrupts_cw32f030.o
    0x000007f0   0x000007f0   0x00000002   Code   RO          212    i.I2C1_IRQHandler   interrupts_cw32f030.o
    0x000007f2   0x000007f2   0x00000002   Code   RO          213    i.I2C2_IRQHandler   interrupts_cw32f030.o
    0x000007f4   0x000007f4   0x00000002   Code   RO          214    i.LVD_IRQHandler    interrupts_cw32f030.o
    0x000007f6   0x000007f6   0x00000002   Code   RO          215    i.NMI_Handler       interrupts_cw32f030.o
    0x000007f8   0x000007f8   0x0000002c   Code   RO          113    i.NVIC_Configuration  main.o
    0x00000824   0x00000824   0x00000002   Code   RO          216    i.PendSV_Handler    interrupts_cw32f030.o
    0x00000826   0x00000826   0x00000002   PAD
    0x00000828   0x00000828   0x00000020   Code   RO         2363    i.RCC_AHBPeriphClk_Enable  cw32f030_rcc.o
    0x00000848   0x00000848   0x00000020   Code   RO         2366    i.RCC_APBPeriphClk_Enable2  cw32f030_rcc.o
    0x00000868   0x00000868   0x0000001a   Code   RO          114    i.RCC_Configuration  main.o
    0x00000882   0x00000882   0x00000002   PAD
    0x00000884   0x00000884   0x00000034   Code   RO         2392    i.RCC_HSI_Enable    cw32f030_rcc.o
    0x000008b8   0x000008b8   0x00000002   Code   RO          217    i.RCC_IRQHandler    interrupts_cw32f030.o
    0x000008ba   0x000008ba   0x00000002   Code   RO          218    i.RTC_IRQHandler    interrupts_cw32f030.o
    0x000008bc   0x000008bc   0x00000002   Code   RO          219    i.SPI1_IRQHandler   interrupts_cw32f030.o
    0x000008be   0x000008be   0x00000002   Code   RO          220    i.SPI2_IRQHandler   interrupts_cw32f030.o
    0x000008c0   0x000008c0   0x00000002   Code   RO          221    i.SVC_Handler       interrupts_cw32f030.o
    0x000008c2   0x000008c2   0x00000002   PAD
    0x000008c4   0x000008c4   0x00000018   Code   RO         3001    i.SysTick_Handler   cw32f030_systick.o
    0x000008dc   0x000008dc   0x00000010   Code   RO           14    i.SystemCoreClockUpdate  system_cw32f030.o
    0x000008ec   0x000008ec   0x0000003c   Code   RO           15    i.SystemInit        system_cw32f030.o
    0x00000928   0x00000928   0x0000002c   Code   RO          222    i.UART1_IRQHandler  interrupts_cw32f030.o
    0x00000954   0x00000954   0x00000002   Code   RO          223    i.UART2_IRQHandler  interrupts_cw32f030.o
    0x00000956   0x00000956   0x00000002   Code   RO          224    i.UART3_IRQHandler  interrupts_cw32f030.o
    0x00000958   0x00000958   0x00000038   Code   RO          115    i.UART_Configuration  main.o
    0x00000990   0x00000990   0x00000008   Code   RO         3064    i.USART_ClearITPendingBit  cw32f030_uart.o
    0x00000998   0x00000998   0x00000012   Code   RO         3069    i.USART_GetFlagStatus  cw32f030_uart.o
    0x000009aa   0x000009aa   0x00000012   Code   RO         3070    i.USART_GetITStatus  cw32f030_uart.o
    0x000009bc   0x000009bc   0x0000001a   Code   RO         3072    i.USART_ITConfig    cw32f030_uart.o
    0x000009d6   0x000009d6   0x00000002   PAD
    0x000009d8   0x000009d8   0x00000174   Code   RO         3073    i.USART_Init        cw32f030_uart.o
    0x00000b4c   0x00000b4c   0x00000008   Code   RO         3076    i.USART_ReceiveData_8bit  cw32f030_uart.o
    0x00000b54   0x00000b54   0x00000004   Code   RO         3078    i.USART_SendData_8bit  cw32f030_uart.o
    0x00000b58   0x00000b58   0x00000002   Code   RO          225    i.VC1_IRQHandler    interrupts_cw32f030.o
    0x00000b5a   0x00000b5a   0x00000002   Code   RO          226    i.VC2_IRQHandler    interrupts_cw32f030.o
    0x00000b5c   0x00000b5c   0x00000002   Code   RO          227    i.WDT_IRQHandler    interrupts_cw32f030.o
    0x00000b5e   0x00000b5e   0x00000002   PAD
    0x00000b60   0x00000b60   0x00000014   Code   RO         3560    i.__0printf$bare    mc_p.l(printfb.o)
    0x00000b74   0x00000b74   0x0000002e   Code   RO         3867    i.__ARM_clz         mf_p.l(depilogue.o)
    0x00000ba2   0x00000ba2   0x00000002   PAD
    0x00000ba4   0x00000ba4   0x00000078   Code   RO          117    i.__NVIC_SetPriority  main.o
    0x00000c1c   0x00000c1c   0x0000000e   Code   RO         3881    i.__scatterload_copy  mc_p.l(handlers.o)
    0x00000c2a   0x00000c2a   0x00000002   Code   RO         3882    i.__scatterload_null  mc_p.l(handlers.o)
    0x00000c2c   0x00000c2c   0x0000000e   Code   RO         3883    i.__scatterload_zeroinit  mc_p.l(handlers.o)
    0x00000c3a   0x00000c3a   0x0000001e   Code   RO         3567    i._printf_core      mc_p.l(printfb.o)
    0x00000c58   0x00000c58   0x00000024   Code   RO          118    i.fputc             main.o
    0x00000c7c   0x00000c7c   0x00000038   Code   RO          119    i.main              main.o
    0x00000cb4   0x00000cb4   0x00000020   Data   RO         3879    Region$$Table       anon$$obj.o


    Execution Region RW_IRAM1 (Exec base: 0x20000000, Load base: 0x00000cd4, Size: 0x00000218, Max: 0x00002000, ABSOLUTE)

    Exec Addr    Load Addr    Size         Type   Attr      Idx    E Section Name        Object

    0x20000000   0x00000cd4   0x00000004   Data   RW           19    .data               system_cw32f030.o
    0x20000004   0x00000cd8   0x00000009   Data   RW         3003    .data               cw32f030_systick.o
    0x2000000d   0x00000ce1   0x00000003   PAD
    0x20000010   0x00000ce4   0x00000004   Data   RW         3853    .data               mc_p.l(stdout.o)
    0x20000014   0x00000ce8   0x00000004   PAD
    0x20000018        -       0x00000200   Zero   RW            1    STACK               startup_cw32f030.o


==============================================================================

Image component sizes


      Code (inc. data)   RO Data    RW Data    ZI Data      Debug   Object Name

       256          4          0          0          0        936   cw32f030_gpio.o
       116         16          0          0          0       1502   cw32f030_rcc.o
        24          8          0          9          0       1597   cw32f030_systick.o
       454         10          0          0          0       4313   cw32f030_uart.o
       116          4          0          0          0      15136   interrupts_cw32f030.o
       426         52          0          0          0      64058   main.o
        28          8        192          0        512        644   startup_cw32f030.o
        76         14          0          4          0     136911   system_cw32f030.o

    ----------------------------------------------------------------------
      1508        116        224         16        512     225097   Object Totals
         0          0         32          0          0          0   (incl. Generated)
        12          0          0          3          0          0   (incl. Padding)

    ----------------------------------------------------------------------

      Code (inc. data)   RO Data    RW Data    ZI Data      Debug   Library Member Name

         0          0          0          0          0          0   entry.o
         0          0          0          0          0          0   entry10a.o
         0          0          0          0          0          0   entry11a.o
         4          0          0          0          0          0   entry12b.o
         8          4          0          0          0          0   entry2.o
         4          0          0          0          0          0   entry5.o
         0          0          0          0          0          0   entry7b.o
         0          0          0          0          0          0   entry8b.o
         8          4          0          0          0          0   entry9a.o
        30          0          0          0          0          0   handlers.o
        36          8          0          0          0         68   init.o
         0          0          0          0          0          0   iusefp.o
        32          0          0          0          0         68   llshl.o
        38          0          0          0          0         68   llsshr.o
        34          0          0          0          0         68   llushr.o
        50          8          0          0          0        144   printfb.o
         0          0          0          4          0          0   stdout.o
       360          6          0          0          0        140   dadd.o
       236          0          0          0          0        216   depilogue.o
        60         10          0          0          0         68   dfixui.o
        40          0          0          0          0         60   f2d.o
       178          0          0          0          0        108   fadd.o
       124          0          0          0          0         72   fdiv.o
       130          0          0          0          0        144   fepilogue.o
        40          0          0          0          0         60   ffixui.o
        14          0          0          0          0         68   ffltui.o
       122          0          0          0          0         72   fmul.o

    ----------------------------------------------------------------------
      1552         40          0          4          4       1424   Library Totals
         4          0          0          0          4          0   (incl. Padding)

    ----------------------------------------------------------------------

      Code (inc. data)   RO Data    RW Data    ZI Data      Debug   Library Name

       244         24          0          4          0        416   mc_p.l
      1304         16          0          0          0       1008   mf_p.l

    ----------------------------------------------------------------------
      1552         40          0          4          4       1424   Library Totals

    ----------------------------------------------------------------------

==============================================================================


      Code (inc. data)   RO Data    RW Data    ZI Data      Debug   

      3060        156        224         20        516     223681   Grand Totals
      3060        156        224         20        516     223681   ELF Image Totals
      3060        156        224         20          0          0   ROM Totals

==============================================================================

    Total RO  Size (Code + RO Data)                 3284 (   3.21kB)
    Total RW  Size (RW Data + ZI Data)               536 (   0.52kB)
    Total ROM Size (Code + RO Data + RW Data)       3304 (   3.23kB)

==============================================================================

